
Voorlopige groene kaart, AxaRoyale Belge (0039 - 2000) op 16/10/00 12:14:17
WILLEMS WIM
KOUTERBAAN 72B
9310 HERDERSEM
618.128.531
ALM564
ALFA ROMEO SPIDER
A: Personenauto
29/09/2000
30/06/2001

Voorlopige groene kaart, AxaRoyale Belge (0039 - 2000) op 18/10/00 14:00:55
HOOREMAN JOHN
SINT AMANDSTRAAT 3
9470 DENDERLEEUW
616019407
79YB3
TOYOTA CARINA E
A: Personenauto
18/10/2000
18/12/2000

Voorlopige groene kaart, Generali Belgium (0145 - 1998) op 9/11/00 11:19:12
WITTERZEEL DAVID
BROEKSTRAAT 139
9473 WELLE
02944460
EKB821
MAZDA
C: Vrachtwagen of Trekker
13  11  2000
13  01  2001

Voorlopige groene kaart, AxaRoyale Belge (0039 - 2000) op 20/11/2000 10:08:11
VAN DORPE MARIE CLAIRE
LANGE HAAG 1
9310 HERDERSEM
616553054
CXJ832
PEUGEOT 106
A: Personenauto
20/11/2000
20/01/2001

Voorlopige groene kaart, AxaRoyale Belge (0039 - 2000) op 24/11/2000 19:15:14
HEIREMAN ADRIAAN, JOERI
DORIKSVELD 20
9308 HOFSTADE
690770514/NZ
BAW427
TOYOTA COROLLA
A: Personenauto
24/11/2000
24/01/2001

Voorlopige groene kaart, Vaderlandsche (0051) op 21/12/2000 21:04:52
CHIAU FREDDY3
BRAAMLANDSTRAAT 3
9472 DENDERLEEUW
3100068018
BHD505
CITROEN SAXO
A: Personenauto
21  12  2000
21  01  2001

Voorlopige groene kaart, Vaderlandsche (0051) op 21/12/2000 21:05:48
CHIAU FREDDY
BRAAMLANDSTRAAT 3
9472 DENDERLEEUW
3100068018
BHD505
CITROEN SAXO
A: Personenauto
21  12  2000
21  01  2001

Voorlopige groene kaart, AxaRoyale Belge (0039 - 2000) op 22/12/2000 12:00:04
MOENS LUDWIG
MOLENKOUTERSTRAAT 27
9320 EREMBODEGEM
690422080
GGN913
Citroen XARA
A: Personenauto
22/12/2000
21/01/2001

Voorlopige groene kaart, Mauretus (0196 - 1999) op 8/01/01 14:33:17
VERCAUTEREN LEONA
RAVENAKKERSTRAAT 43
9310 MOORSEL
6168757
8618.E
OPEL KADETT
A: Personenauto
09  01  2001
31  07  2001

Voorlopige groene kaart, Mauretus (0196 - 1999) op 18/1/2001 17:10:00
DAELEMAN ROMAIN
SINT-GOMMARUSSTRAAT 2
2800 MECHELEN
6171074
EJE363
RENAULT SCENIC
A: Personenauto
19  01  2001
19  03  2001

Voorlopige groene kaart, Mauretus (0196 - 1999) op 18/1/2001 17:10:58
DAELEMAN ROMAIN
SINT-GOMMARUSSTRAAT 2
2800 MECHELEN
6171074
EJE363
RENAULT SCENIC
A: Personenauto
19  01  2001
19  03  2001

Voorlopige groene kaart, Mauretus (0196 - 1999) op 18/1/2001 17:11:02
DAELEMAN ROMAIN
SINT-GOMMARUSSTRAAT 2
2800 MECHELEN
6171074
EJE363
RENAULT SCENIC
A: Personenauto
19  01  2001
19  03  2001

Voorlopige groene kaart, Mauretus (0196 - 1999) op 19/01/01 13:21:36
PIPO DE KLOO
KLOOSTRAAT
9222 KLOO
123245678
DSFDSFDSFDSF
XAGGGGO
A: Personenauto
19  01  2001
19  01  2001

Voorlopige groene kaart, Generali Belgium (0145 - 1998) op 19/01/01 13:35:23
VERBEIREN ETIENNE
FRESIASTRAAT 14
9280 LEBBEKE
GA281457
BNX529
RENAULT
C: Vrachtwagen of Trekker
19  01  2001
19  03  2001

Voorlopige groene kaart, AxaRoyale Belge (0039 - 2000) op 1/2/2001 15:04:48
BAUWENS MARTHA
DOORNVELD 29
9300 AALST
618.378.575
VGAS1BA0B00001788
PEUGEOT S1BB FIGHT LCD
D: Bromfiets
01/01/2001
31/12/2001

Voorlopige groene kaart, Generali Belgium (0145 - 1998) op 16/02/2001 12:15:40
ROELANDT MARIA
DOOLHOFSTRAAT 6
9300 AALST
ZA804133
BSI568
MAZDA 121
A: Personenauto
16  02  2001
16  03  2001

Voorlopige groene kaart, AxaRoyale Belge (0039 - 2000) op 1/03/2001 16:42:12
VAN NUFFEL ADELA
HOGING 112
9340 OORDEGEM
690.033.259
NTR199
HONDA CIVIC
A: Personenauto
01/03/2001
01/04/2001

Voorlopige groene kaart, AxaRoyale Belge (0039 - 2000) op 1/03/2001 16:42:42
VAN NUFFEL ADELA
HOGING 112
9340 OORDEGEM
690.033.259
NTR199
HONDA CIVIC
A: Personenauto
01/03/2001
01/05/2001

Voorlopige groene kaart, Generali Belgium (0145 - 1998) op 2/03/2001 15:56:15
JACOBS JEAN-PAUL
AUG. DE BRABANTERSTRAAT 58
9470 DENDERLEEUW
GA319808
NHU208
TOYOTA
A: Personenauto
01  01  2001
01  07  2001

Voorlopige groene kaart, Generali Belgium (0145 - 1998) op 2/03/2001 15:56:57
JACOBS JEAN-PAUL
AUG. DE BRABANTERSTRAAT 58
9470 DENDERLEEUW
GA319808
NHU208
TOYOTA
A: Personenauto
01  01  2001
01  07  2001

Voorlopige groene kaart, Generali Belgium (0145 - 1998) op 2/03/2001 16:01:00
JACOBS JEAN-PAUL
AUG. DE BRABANTERSTRAAT 58
9470 DENDERLEEUW
GA319808
NHU208
TOYOTA
A: Personenauto
01  01  2001
01  07  2001

Voorlopige groene kaart, AxaRoyale Belge (0039 - 2000) op 14/03/2001 20:04:06
VAN IMPE ESTELLA
HOFSTRAAT 12
9470 DENDERLEEUW
690419948
9TG00
CITROEN
A: Personenauto
15/03/2001
15/04/2001

Voorlopige groene kaart, Generali Belgium (0145 - 1998) op 15/03/01 12:54:59
SCHEIRLINCKX RAYMOND
PONTWEG 48
9310 HERDERSEM
GA301066
FHU524
MERCEDES 200
A: Personenauto
15  03  2001
15  05  2001

Voorlopige groene kaart, Mauretus (0196 - 1999) op 15/03/01 13:23:21
HENDRICKX KATLEEN
PIJPENBEEK 79
9320 NIEUWERKERKEN
6183083
WVWZZZ1JZ1W589299
VOLKSWAGEN GOLF
A: Personenauto
16  03  2001
16  05  2001

Voorlopige groene kaart, AxaRoyale Belge (0039 - 2000) op 16/03/2001 12:27:41
D'HAESELEER PAUL
MEERSSTRAAT 41
9308 GIJZEGEM
690776214
DCK025
CITROEN XSARA
A: Personenauto
19/03/2001
19/05/2001

Voorlopige groene kaart, Mauretus (0196 - 1999) op 28/03/01 11:54:23
VAN NUFFEL KOEN
WEERSCHEDE 22
9402 NINOVE
6182048
SNX236
MITSUBISHI COLT
A: Personenauto
28  03  2001
28  05  2001

Voorlopige groene kaart, Generali Belgium (0145 - 1998) op 28/03/2001 11:58:20
MEULEMAN LUC
WITGERSTRAAT 22
9310 HERDERSEM
GA386016
FLA954
TOYOTA COROLLA
A: Personenauto
28  03  2001
15  04  2001

Voorlopige groene kaart, Generali Belgium (0145 - 1998) op 28/03/2001 16:38:00
VANHOUCHE MICHEL
AZALEALAAN 15
9470 DENDERLEEUW
ZA804943
CQN835
OPEL AGILA
A: Personenauto
28  03  2001
28  04  2001

Voorlopige groene kaart, AxaRoyale Belge (0039 - 2000) op 30/03/01 22:04:59
MAESSCHALCK KELLY
MAESSCHALCK ROGER
9300 AALST
618367103
RYC966
VOLKSWAGEN POLO
A: Personenauto
01/04/2001
15/05/2002

Voorlopige groene kaart, Generali Belgium (0145 - 1998) op 2/04/2001 18:30:10
MEULEMAN LUC
WITGERSTRAAT 22
9310 HERDERSEM
GA386016
FLA954
TOYOTA AVENSIS
A: Personenauto
02  04  2001
02  06  2001

Voorlopige groene kaart, Generali Belgium (0145 - 1998) op 2/04/2001 18:30:37
MEULEMAN LUC
WITGERSTRAAT 22
9310 HERDERSEM
GA386016
FLA954
TOYOTA AVENSIS
A: Personenauto
02  04  2001
02  06  2001

Voorlopige groene kaart, AxaRoyale Belge (0039 - 2000) op 23/04/2001 11:36:20
VAN IMPE ESTELLA
HOFSTRAAT 12
9470 DENDERLEEUW
690419948
9TG00
CITROEN
A: Personenauto
23/04/2001
23/05/2001

Voorlopige groene kaart, AxaRoyale Belge (0039 - 2000) op 23/04/2001 11:39:02
VAN IMPE ESTELLA
HOFSTRAAT 12
9470 DENDERLEEUW
690419948
9TG00
CITROEN
A: Personenauto
23/04/2001
23/05/2001

Voorlopige groene kaart, AxaRoyale Belge (0039 - 2000) op 23/04/2001 11:40:51
VAN IMPE ESTELLA
HOFSTRAAT 12
9470 DENDERLEEUW
690419948
9TG00
CITROEN
A: Personenauto
23/04/2001
23/05/2001

Voorlopige groene kaart, Generali Belgium (0145 - 1998) op 26/04/2001 14:18:25
VANHOUCHE MICHEL
AZALEALAAN 15
9470 DENDERLEEUW
GA393593
CQN835
OPEL
A: Personenauto
26  04  2001
26  05  2001

Voorlopige groene kaart, AxaRoyale Belge (0039 - 2000) op 30/04/2001 11:29:00
BEECKMAN JORIS
HOUTEMSTRAAT 112
9552 BALEGEM
NZ 00107113
SJNTDAP11U0570564
NISSAN PRIMERA
A: Personenauto
30/04/2001
30/06/2001

Voorlopige groene kaart, AxaRoyale Belge (0039 - 2000) op 4/05/2001 16:19:41
VAN HOLSBEECK PAUL
MEERLAANSTRAAT 23
9320 EREMBODEGEM
618009938
SHY702
OPEL OMEGA
A: Personenauto
04/05/2001
04/07/2001

Voorlopige groene kaart, AxaRoyale Belge (0039 - 2000) op 8/05/2001 15:59:38
DUBOIS WILFRIED
ALFONS DE COCKSTRAAT53
9310 HERDERSEM
690412333
CGN814
PEUGEOT 405
A: Personenauto
08/05/2001
08/07/2001

Voorlopige groene kaart, Generali Belgium (0145 - 1998) op 22/05/2001 18:25:00
VAN MOSSEVELDE DIRK
GELDHOFSTRAAT 34
9300 AALST
GA287052
PZB590
PEUGEOT
C: Vrachtwagen of Trekker
23  05  2001
30  06  2001

Voorlopige groene kaart, AxaRoyale Belge (0039 - 2000) op 25/05/2001 12:59:47
BAUWENS MARTHA
DOORNVELD 29
9300 AALST
618378575
ZDCAF49NOXF5556
HONDA XBR
D: Bromfiets
25/05/2001
31/01/2002

Voorlopige groene kaart, AxaRoyale Belge (0039 - 2000) op 30/05/2001 11:38:12
TILLEY KAREL
BROEKSTRAAT 31
9310 HERDERSEM
690.446.851
RFS022
CITROEN SAXO
A: Personenauto
01/06/2001
31/08/2001

Voorlopige groene kaart, Generali Belgium (0145 - 1998) op 7/06/2001 12:40:41
VAN DER HOEVEN MARC
BREMTSTRAAT 113
1790 AFFLIGEM
06380610
GTU086
FORD FIESTA
A: Personenauto
01  06  2001
30  06  2002

Voorlopige groene kaart, Generali Belgium (0145 - 1998) op 14/06/2001 19:56:08
BRUYLAND LEON
BRUYLAND KATJA
9310 HERDERSEM
GA399243
CWK331
OPEL CORSA
A: Personenauto
01  06  2001
30  06  2001

Voorlopige groene kaart, Generali Belgium (0145 - 1998) op 14/06/2001 19:57:47
BRUYLAND LEON
BRUYLAND KATJA
9310 HERDERSEM
GA399243
CWK331
OPEL CORSA
A: Personenauto
05  05  2001
31  05  2002

Voorlopige groene kaart, Generali Belgium (0145 - 1998) op 18/06/2001 18:12:59
DE COCK MARC
KOUTERBAAN 9
9310 HERDERSEM
GA239589
GJH520
MAZDA 323
A: Personenauto
18  06  2001
18  07  2001

Voorlopige groene kaart, Generali Belgium (0145 - 1998) op 27/06/2001 17:50:27
BRUYLAND LOUIS
BROEKSTRAAT 32A
9310 HERDERSEM
GA117037
U098N
AUSTIN MINI COOPER
A: Personenauto
04  07  2001
13  07  2001

Voorlopige groene kaart, Generali Belgium (0145 - 1998) op 27/06/2001 17:52:58
BRUYLAND LOUIS
BROEKSTRAAT 32A
9310 HERDERSEM
GA117037
U098N
AUSTIN MINI COOPER
A: Personenauto
04  07  2001
13  07  2001

Voorlopige groene kaart, Generali Belgium (0145 - 1998) op 2/07/01 9:56:27
N.V. GILGO
BREDESTRAAT 29
9310 MOORSEL
02604720
344Z1
MERCEDES
C: Vrachtwagen of Trekker
02  07  2001
09  09  2001

Voorlopige groene kaart, AxaRoyale Belge (0039 - 2000) op 2/07/2001 16:24:14
DE WOLF CLEMENT
LODDERSHOEKSTRAAT 15
1741 WAMBEEK
690785583   
EDA407
OPEL
A: Personenauto
02/07/2001
15/08/2001

Voorlopige groene kaart, AxaRoyale Belge (0039 - 2000) op 2/07/2001 16:25:58
DE WOLF CLEMENT
LODDERSHOEKSTRAAT 15
1741 WAMBEEK
690785583   
EDA407
OPEL
A: Personenauto
20/07/2001
31/07/2002

Voorlopige groene kaart, Generali Belgium (0145 - 1998) op 9/07/2001 12:15:57
VAN DER HOEVEN MARC
BREMPTSTRAAT 113
1790 TERALFENE
GA301807
MMW930
KAWASAKI
B: Motorfiets
06  07  2001
31  07  2002

Voorlopige groene kaart, AxaRoyale Belge (0039 - 2000) op 9/07/2001 12:58:25
DE NEEF JHONNY
MIDDENWEG 17
9310 HERDERSEM
690774117   
CTK259
SUZUKI WAGONR
A: Personenauto
13/07/2001
13/10/2001

Voorlopige groene kaart, Generali Belgium (0145 - 1998) op 12/07/2001 12:37:46
COEN EDDIE
OUDE DENDERM. STWG 49
9300 AALST
GA101697
DID.277
FORD ESCORT
A: Personenauto
12  07  2001
28  02  2002

Voorlopige groene kaart, Mauretus (0196 - 1999) op 13/07/2001 11:34:37
THEVELIN BARBARA
ACACIASTRAAT 7
9300 AALST
6169762     
KJF834
CITROEN
A: Personenauto
17  07  2001
17  09  2001

Voorlopige groene kaart, Generali Belgium (0145 - 1998) op 19/07/2001 14:11:45
VAN MULDERS GUIDO
VAN MULDERS BJORN
9450 HAALTERT
NZ 09503
DID.747
MAZDA 323
A: Personenauto
19  07  2001
19  08  2001

Voorlopige groene kaart, Generali Belgium (0145 - 1998) op 24/07/2001 10:32:31
GOFFIN GILBERT
BREDESTRAAT 29
9310 MOORSEL
GA109152    
VF1FC0EAF22023238
RENAULT
C: Vrachtwagen of Trekker
24  07  2001
24  08  2001

Voorlopige groene kaart, AxaRoyale Belge (0039 - 2000) op 30/07/2001 13:34:21
VAN DEN ABBEELE FRANCOIS
KATTENBROEKSTRAAT 54
9310 MOORSEL
690.041.076
MFU392
KAWASAKI
B: Motorfiets
30/07/2001
30/09/2001

Voorlopige groene kaart, Generali Belgium (0145 - 1998) op 30/07/2001 13:39:20
BUYS JOS
HOF TER BURCHTSTRAAT 1
9320 EREMBODEGEM
617.901.691
PFZ604
BMW 520
A: Personenauto
12  07  2001
30  07  2002

Voorlopige groene kaart, AxaRoyale Belge (0039 - 2000) op 30/07/2001 13:40:24
BUYS JOS
HOF TER BURCHTSTRAAT 1
9320 EREMBODEGEM
617.901.691
PFZ604
BMW 520
A: Personenauto
12/07/2001
30/07/2002

Voorlopige groene kaart, Mauretus (0196 - 1999) op 30/07/2001 13:42:40
SCHUDDINCK DORIEN
SINT CORNELIUSSTRAAT 10
9280 DENDERBELLE
NZ 4737
VG5SA052009023266
MBK SA052
D: Bromfiets
01  08  2001
31  08  2001

Voorlopige groene kaart, Generali Belgium (0145 - 1998) op 6/08/2001 11:16:53
CALLEBAUT ALFONS
BROEKSTRAAT 17
9310 HERDERSEM
GA115049
BYC043
OPEL ASTRA
A: Personenauto
07  08  2001
07  09  2001

Voorlopige groene kaart, Generali Belgium (0145 - 1998) op 9/08/01 10:25:30
LAUREYS CONSTANT
SCHERREVELDSTRAAT 45
9300 AALST
GA133138    
AEJ470
KIA SPORTAGE
A: Personenauto
10  08  2001
10  09  2001

Voorlopige groene kaart, Generali Belgium (0145 - 1998) op 10/08/2001 15:13:51
LAUWERYS BJORN
LANDUITSTRAAT 64
9470 DENDERLEEUW
GA285622
BAA453 
KIA SPORTAGE
A: Personenauto
10  08  2001
10  09  2001

Voorlopige groene kaart, Generali Belgium (0145 - 1998) op 14/08/2001 13:33:43
JACOBS JEAN-PAUL
AUG. DE BRABANTERSTRAAT 58
9470 DENDERLEEUW
GA319808
NHU208
Toyota
A: Personenauto
01  07  2001
15  01  2002

Voorlopige groene kaart, Generali Belgium (0145 - 1998) op 23/08/2001 11:50:19
BAUWENS MARTHA
DOORNVELD 29
9300 AALST
UA107303
FFX360
VOLVO
A: Personenauto
23  08  2001
23  09  2001

Voorlopige groene kaart, Mauretus (0196 - 1999) op 29/08/2001 13:11:56
DOOREMONT EMILE
DOORNVELD 21
9300 AALST
6189927
ASF621
NISSAN MICRA
A: Personenauto
29  08  2001
29  09  2001

Voorlopige groene kaart, AxaRoyale Belge (0039 - 2000) op 11/09/2001 9:49:22
PERDAEN SASKIA
KERKWEGEL 12
9310 HERDERSEM
NZ 07113
KLA41111CD1C584089
DAEWOO MATIZ2
A: Personenauto
11/09/2001
11/10/2001

Voorlopige groene kaart, AxaRoyale Belge (0039 - 2000) op 11/09/2001 9:50:17
PERDAEN SASKIA
KERKWEGEL 12
9310 HERDERSEM
NZ 07113
KLA41111CD1C584089
DAEWOO MATIZ2
A: Personenauto
11/09/2001
11/10/2001

Voorlopige groene kaart, AxaRoyale Belge (0039 - 2000) op 18/09/2001 10:40:17
PERDAEN SASKIA
KERKWEGEL 12
9310 HERDERSEM
618564222
DSI975
DAEWOO
A: Personenauto
11/09/2001
31/03/2002

Voorlopige groene kaart, Mauretus (0196 - 1999) op 18/09/01 18:48:23
GHEYSELS INGRID
PAPENBERGSTRAAT 94 BUS 37
1770 LIEDEKERKE
6185604
BFF672
FORD FIESTA
A: Personenauto
19  09  2001
19  11  2001

Voorlopige groene kaart, Generali Belgium (0145 - 1998) op 19/09/01 12:01:56
DE COCK WIM

9310 HERDERSEM
GA285180
BUH703
TOYOTA LANDCRUISER
C: Vrachtwagen of Trekker
19  09  2001
19  10  2001

Voorlopige groene kaart, Generali Belgium (0145 - 1998) op 11/10/2001 14:48:58
CALLEBAUT ALFONS
BROEKSTRAAT 17
9310 HERDERSEM
GA115049
BYC043
Opel ASTRA
A: Personenauto
11  10  2001
11  11  2001

Voorlopige groene kaart, Mauretus (0196 - 1999) op 12/10/01 9:40:06
RUDAN BVBA
DRAPSTRAAT 2
9308 GIJZEGEM
6199530
WBACC31070EN21091
BMW 325
A: Personenauto
02  10  2001
31  10  2002

Voorlopige groene kaart, Royale Belge (0060 - 1998) op 23/10/2001 16:08:23
WILLEMS WIM
KOUTERBAAN 72B
9310 HERDERSEM
618.547.477
OAH614
ALFA ROMEO GIULIA
A: Personenauto
23/10/2001
23/12/2001

Voorlopige groene kaart, AxaRoyale Belge (0039 - 2000) op 23/10/2001 16:09:26
WILLEMS WIM
KOUTERBAAN 72B
9310 HERDERSEM
618.547.477
OAH614
ALFA ROMEO GIULIA
A: Personenauto
23/10/2001
23/12/2001

Voorlopige groene kaart, AxaRoyale Belge (0039 - 2000) op 5/11/01 10:50:12
VERCAUTEREN JOHAN
ROSSTRAAT 137
9200 BAASRODE
690516068
EZV692
HONDA
A: Personenauto
06/11/2001
16/11/2001

Voorlopige groene kaart, AxaRoyale Belge (0039 - 2000) op 5/11/2001 16:09:00
MOENS PIERRE
MOLENKOUTERSTRAAT 27
9320 EREMBODEGEM
690744422
BEH438
CITROEN EVASION TD
A: Personenauto
06/11/2001
16/11/2001

Voorlopige groene kaart, Mauretus (0196 - 1999) op 12/11/2001 16:25:56
SCHEIRLINCKX RAYMOND
PONTWEG 48
9310 HERDERSEM
6194148
FHU524
VOLKSWAGEN
A: Personenauto
12  11  2001
28  11  2001

Voorlopige groene kaart, Generali Belgium (0145 - 1998) op 14/11/2001 10:44:40
LOSSIE JOHNNY
KAMPSTRAAT 29
9473 WELLE
GA187421
3G437
PEUGEOT 106
A: Personenauto
12  11  2001
28  11  2001

Voorlopige groene kaart, Generali Belgium (0145 - 1998) op 14/11/2001 10:44:59
LOSSIE JOHNNY
KAMPSTRAAT 29
9473 WELLE
GA187421
3G437
PEUGEOT 106
A: Personenauto
14  11  2001
28  11  2001

Voorlopige groene kaart, Mauretus (0196 - 1999) op 29/11/2001 13:58:48
SCHEIRLINCKX RAYMOND
PONTWEG 48
9310 HERDERSEM
6194148
FHU524
VOLKSWAGEN PASSAT
A: Personenauto
29  11  2001
06  12  2001

Voorlopige groene kaart, Mercator op 5/12/2001 16:30:14
RAEMDONCK ANDRE
KLOOSTERSTRAAT 2
9200 BAASRODE
8501138
HEH684
FORD
A: Personenauto
08  12  2001
08  01  2002

Voorlopige groene kaart, Mercator op 5/12/2001 16:33:06
RAEMDONCK ANDRE
KLOOSTERSTRAAT 2
9200 BAASRODE
8501138
HEH684
FORD
A: Personenauto
08  12  2001
08  01  2002

Voorlopige groene kaart, Mercator op 5/12/2001 16:35:13
RAEMDONCK ANDRE
KLOOSTERSTRAAT 2
9200 BAASRODE
8501138
HEH684
FORD
A: Personenauto
08  12  2001
08  01  2002

Voorlopige groene kaart, Mercator op 5/12/2001 16:36:01
RAEMDONCK ANDRE
KLOOSTERSTRAAT 2
9200 BAASRODE
8501138
HEH684
FORD
A: Personenauto
08  12  2001
08  01  2002

Voorlopige groene kaart, Mercator op 5/12/2001 16:36:59
RAEMDONCK ANDRE
KLOOSTERSTRAAT 2
9200 BAASRODE
8501138
HEH684
FORD
A: Personenauto
08  12  2001
08  01  2002

Voorlopige groene kaart, Mauretus (0196 - 1999) op 7/12/2001 10:35:21
SCHEIRLINCKX RAYMOND
PONTWEG 48
9310 HERDERSEM
6194148
FHU524
VOLKSWAGEN PASSAT
A: Personenauto
07  12  2001
07  01  2002

Voorlopige groene kaart, AxaRoyale Belge (0039 - 2000) op 7/12/2001 16:18:40
BADOUI DGHEIM
KOUTERBAAN 46
9310 HERDERSEM
618227419
JVY681
TOYOTA CARINA E
A: Personenauto
07/12/2001
07/01/2002

Voorlopige groene kaart, AxaRoyale Belge (0039 - 2000) op 7/12/2001 16:32:45
ROSSCHAERT HERMAN
WIJMENSTRAAT 17
9340 IMPE
690731660   
454KT
MERCEDES C220
A: Personenauto
07/12/2001
07/02/2002

Voorlopige groene kaart, Mercator op 10/12/2001 15:11:01
RAEMDONCK ANDRE
KLOOSTERSTRAAT 2
9200  BAASRODE
8501138
HEH684
FORD GALAXY
A: Personenauto
10  12  2001
10  01  2002

Voorlopige groene kaart, Generali Belgium (0145 - 1998) op 21/12/2001 15:23:28
VAN LANDUYT CHRISTOPHE
KAMERSTRAAT58
9255 BUGGENHOUT
GA370743
BEK552
TOYOTA PICNIC
A: Personenauto
21  12  2001
21  02  2001

Voorlopige groene kaart, Mauretus (0196 - 1999) op 8/01/2002 9:29:26
SCHEIRLINCKX RAYMOND
PONTWEG 48
9310 HERDERSEM
6194148
FHU524
VOLKSWAGEN PASSAT
A: Personenauto
08  01  2002
08  03  2002

Voorlopige groene kaart, Generali Belgium (0145 - 1998) op 10/01/2002 17:56:24
DE MAN PETER
BEEKKANT 1
9310 HERDERSEM
GA246489    
JLS190
VOLKSWAGEN BORA
A: Personenauto
14  01  2002
14  02  2002

Voorlopige groene kaart, Generali Belgium (0145 - 1998) op 25/01/2002 17:33:05
DE COCK WIM
GROTE BAAN 150
9310 HERDERSEM
GA285180    
QAC.590
DELVAN
F: Aanhangwagen of Oplegger
25  01  2002
25  03  2002

Voorlopige groene kaart, AxaRoyale Belge (0039 - 2000) op 6/02/2002 9:34:25
VAN KERCKHOVE ELSJE
BROEKSTRAAT 26
9420 MERE
690798573
FFE139
VOLKSWAGEN POLO
A: Personenauto
06/02/2002
30/04/2002

Voorlopige groene kaart, AxaRoyale Belge (0039 - 2000) op 6/02/2002 9:35:50
VAN KERCKHOVE ELSJE
BROEKSTRAAT 26
9420 MERE
690798573
FFE139
VOLKSWAGEN POLO
A: Personenauto
06/02/2002
30/04/2002

Voorlopige groene kaart, Mauretus (0196 - 1999) op 18/02/2002 11:57:32
HENDRICKX SANDRA
PIJPENBEEKSTRAAT 79A
9320 NIEUWERKERKEN
6175537     
NRF083
FIAT COUPE
A: Personenauto
18  02  2002
18  04  2002

Voorlopige groene kaart, Mercator op 25/02/2002 17:40:36
RAEMDONCK ANDRE
KLOOSTERSTRAAT 2
9200 BAASRODE
8501138
HEH684
RENAULT 21
A: Personenauto
26  02  2002
12  03  2002

Voorlopige groene kaart, Mercator op 25/02/2002 17:41:31
RAEMDONCK ANDRE
KLOOSTERSTRAAT 2
9200 BAASRODE
8501138
HEH684
RENAULT 21
A: Personenauto
26  02  2002
12  03  2002

Voorlopige groene kaart, Mauretus (0196 - 1999) op 26/02/2002 15:47:42
VAN RAMPELERG JURGEN
VLINDERLAAN 26 BUS 4
9402 MEERBEKE
6153404
DFV.222
TOYOTA COROLLA
A: Personenauto
18  03  2002
30  09  2002

Voorlopige groene kaart, Mauretus (0196 - 1999) op 8/03/2002 11:40:57
HAEGEMAN GERDA
BURG. DE DIERLAAN 8
9473 WELLE
6190883
CEV113
B.M.W. 316 TI
A: Personenauto
08  03  2002
08  05  2002

Voorlopige groene kaart, Mauretus (0196 - 1999) op 11/03/2002 14:57:59
MELKEBEECK ANJA
GROENSTRAAT 104
9320 EREMBODEGEM
6168926
KKG977
VW GOLF III TDI
A: Personenauto
13  03  2002
13  04  2002

Voorlopige groene kaart, Royale Belge (0060 - 1998) op 13/03/2002 18:13:38
LEYMAN MARC
KAPELLESTRAAT 100
9473 WELLE
617733457
FPR445
RENAULT MEGANE
A: Personenauto
14/03/2002
14/05/2002

Voorlopige groene kaart, AxaRoyale Belge (0039 - 2000) op 13/03/2002 18:14:37
LEYMAN MARC
KAPELLESTRAAT 100
9473 WELLE
617733457
FPR445
RENAULT MEGANE
A: Personenauto
14/03/2002
14/05/2002

Voorlopige groene kaart, Generali Belgium (0145 - 1998) op 18/03/2002 16:51:14
SICO B.V.B.A.
BARON ROM. MOYERSOENPARK 28
9300 AALST
GA260668
HSY161
B.M.W. 525D
A: Personenauto
18  03  2002
18  05  2002

Voorlopige groene kaart, AxaRoyale Belge (0039 - 2000) op 19/03/2002 17:16:57
BADOUI DGHEIM
KOUTERBAAN 46
9310 HERDERSEM
618.227.419
JVY681
TOYOTA
C: Vrachtwagen of Trekker
20/03/2002
20/05/2002

Voorlopige groene kaart, Generali Belgium (0145 - 1998) op 21/03/2002 17:12:51
JACOBS JEAN-PAUL
AUG. DE BRABANTERSTRAAT 58
9470 DENDERLEEUW
GA319808
NHU208
TOYOTA
A: Personenauto
21  03  2002
15  07  2002

Voorlopige groene kaart, Mauretus (0196 - 1999) op 25/03/2002 10:26:17
SOUFFREAU NOEL
LANGE HAAG 19
9310 HERDERSEM
6190278
BDS561
FORD MONDEO
A: Personenauto
25  03  2002
25  05  2002

Voorlopige groene kaart, AxaRoyale Belge (0039 - 2000) op 29/03/2002 11:45:57
MAESSCHALCK ROGER
MAESSCHALCK KELLY
9308 HOFSTADE
618.367.103
RYC966
VOLKSWAGEN POLO
A: Personenauto
01/04/2002
30/04/2003

Voorlopige groene kaart, Mauretus (0196 - 1999) op 08/04/2002 10:45:10
DE LEPELEER JAN
AFFLIGEMSTRAAT 431 B11
1770 LIEDEKERKE
6192345
AZA677
MAZDA
A: Personenauto
08  04  2002
08  06  2002

Voorlopige groene kaart, Generali Belgium (0145 - 1998) op 11/04/2002 10:03:56
BRUYLAND LOUIS
BROEKSTRAAT 32A
9310 HERDERSEM
GA117037
U098N
VOLKSWAGEN
A: Personenauto
11  04  2002
17  04  2002

Voorlopige groene kaart, Generali Belgium (0145 - 1998) op 11/04/2002 10:06:36
BRUYLAND LOUIS
BROEKSTRAAT 32A
9310 HERDERSEM
GA117037
3382082520
VOLKSWAGEN
A: Personenauto
11  04  2002
17  04  2002

Voorlopige groene kaart, Mauretus (0196 - 1999) op 15/04/2002 16:07:48
VAN DELSEN TYMMY
SINT VINCENTIUSSTRAAT 15
9300 AALST
940523
VGAS1BA0A00000713
SPEED FIGHT
D: Bromfiets
15  04  2002
15  06  2002

Voorlopige groene kaart, Generali Belgium (0145 - 1998) op 16/04/2002 9:17:06
BRUYLAND LOUIS
BROEKSTRAAT 32A
9310 HERDERSEM
GA117037
3382082520
VOLKSWAGEN
A: Personenauto
16  04  2002
17  04  2002

Voorlopige groene kaart, Generali Belgium (0145 - 1998) op 19/04/2002 15:13:54
BRUYLAND LOUIS
BRUYLAND TOON
9310 HERDERSEM
NZ. 09503
GHI160
VOLKSWAGEN PASSAT
A: Personenauto
19  04  2002
19  05  2002

Voorlopige groene kaart, Generali Belgium (0145 - 1998) op 26/04/2002 9:44:13
DE COCK WIM
SMEKENS WENDY
9310 HERDERSEM
GA313343
GIC.310
TOYOTA PREVIA
A: Personenauto
29  04  2002
29  06  2002

Voorlopige groene kaart, AxaRoyale Belge (0039 - 2000) op 30/04/2002 17:33:25
DE SAEDELEER AN
HELDERGEMSTRAAT 113
9450 HAALTERT
618664929
ZAR93200001049144
ALFA ROMEO
A: Personenauto
30/04/2002
30/05/2002

Voorlopige groene kaart, Generali Belgium (0145 - 1998) op 23/05/2002 13:34:25
VANDERGHEYNST MARGA
KAMPSTRAAT 55
9473 WELLE
GA260484
GRJ189
PROTON
A: Personenauto
23  05  2002
23  06  2002

Voorlopige groene kaart, AxaRoyale Belge (0039 - 2000) op 23/05/2002 15:22:48
HEIREMAN PHILIP
SCHERRESTRAAT 27
9320 EREMBODEGEM
618309678
PZB417
VOLKSWAGEN GOLF
A: Personenauto
23/05/2002
23/07/2002

Voorlopige groene kaart, Mauretus (0196 - 1999) op 27/05/2002 20:55:51
RAES ISABELLE
SPOORWEGSTRAAT 45
9550 HERZELE
NZ. 4737
WVWZZZ1GZMW474625
VOLKSWAGEN GOLF
A: Personenauto
29  05  2002
29  06  2002

Voorlopige groene kaart, Mauretus (0196 - 1999) op 27/05/2002 21:25:07
RAES ISABEL
SPOORWEGSTRAAT 45
9550 HERZELE
NZ. 4737
WVWZZZ1GZMW474625
VOLKSWAGEN GOLF
A: Personenauto
29  05  2002
29  06  2002

Voorlopige groene kaart, Mauretus (0196 - 1999) op 28/05/2002 14:44:01
VERLEYSEN PEGGY
WIJMENSTRAAT 96
9340 IMPE
6210953
FTA546
PEUGEOT 406 TD
A: Personenauto
01  06  2002
30  06  2003

Voorlopige groene kaart, Generali Belgium (0145 - 1998) op 29/05/2002 11:22:19
VAN DE VELDE ROGER
BLEIENPARK 37
9200 OUDEGEM
GA137657
ALR915
CHRYSLER
A: Personenauto
05  06  2002
05  08  2002

Voorlopige groene kaart, Mauretus (0196 - 1999) op 31/05/2002 9:58:08
VAN BOVEN BART
ROZENDREEF 169 BUS 43
9300 AALST
941064
VTTAA311300102001
SUZUKI
D: Bromfiets
31  05  2002
30  07  2002

Voorlopige groene kaart, Generali Belgium (0145 - 1998) op 06/06/2002 12:15:40
VAN DE VELDE ROGER
BLEIENPARK 37
9200 OUDEGEM
GA137657
ALR915
CHRYSLER
A: Personenauto
06  06  2002
06  08  2002

Voorlopige groene kaart, Generali Belgium (0145 - 1998) op 13/06/2002 18:10:57
DEGRAEVE MONIQUE
AARHULST 57
1790 TERALFENE
GA118295
DFD488
SUZUKI IGNIS
A: Personenauto
13  06  2002
13  08  2002

Voorlopige groene kaart, Generali Belgium (0145 - 1998) op 20/06/2002 16:59:50
VAN LANDUYT FREDDY
POPULIERENSTRAAT 62
9310 MOORSEL
09503/GA101269/NZ
MGQ.484
YAMAHA 5G5 XV750
B: Motorfiets
20  06  2002
31  07  2002

Voorlopige groene kaart, Generali Belgium (0145 - 1998) op 21/06/2002 17:54:21
SONCK HANS
BRAAMLANDSTRAAT 88
9472 IDDERGEM
NZ/GA369620
VSSZZZ6LZ3R019142
SEAT IBIZA
A: Personenauto
22  06  2002
31  07  2002

Voorlopige groene kaart, Generali Belgium (0145 - 1998) op 26/06/2002 11:22:10
DE PAUW LINDA
AZALEALAAN 15
9470 DENDERLEEUW
GA130038
2003021
HONDA AB25
A: Personenauto
25  06  2002
31  07  2002

Voorlopige groene kaart, Generali Belgium (0145 - 1998) op 26/06/2002 11:24:42
DE PAUW LINDA
AZALEALAAN 15
9470 DENDERLEEUW
GA130038
2003021
HONDA AB25
D: Bromfiets
25  06  2002
31  07  2002

Voorlopige groene kaart, Generali Belgium (0145 - 1998) op 26/06/2002 11:25:35
DE PAUW LINDA
AZALEALAAN 15
9470 DENDERLEEUW
GA130038
2003021
HONDA AB25
D: Bromfiets
25  06  2002
31  07  2002

Voorlopige groene kaart, Generali Belgium (0145 - 1998) op 26/06/2002 11:29:19
LINTHOUT MARC
GELDHOFSTRAAT 8
9300 AALST
ZA825572
BJF671
MITSUBISHI
D: Bromfiets
26  06  2002
31  07  2002

Voorlopige groene kaart, Generali Belgium (0145 - 1998) op 26/06/2002 11:30:03
LINTHOUT MARC
GELDHOFSTRAAT 8
9300 AALST
ZA825572
BJF671
MITSUBISHI
A: Personenauto
26  06  2002
31  07  2002

Voorlopige groene kaart, Mauretus (0196 - 1999) op 28/06/2002 16:16:11
BJORN LAUWERYS
LANDUITSTRAAT 64
9470 DENDERLEEUW
6212816
SJY455
RENAULT ESPACE
A: Personenauto
12  07  2002
31  08  2002

Voorlopige groene kaart, Mauretus (0196 - 1999) op 28/06/2002 16:16:27
BJORN LAUWERYS
LANDUITSTRAAT 64
9470 DENDERLEEUW
6212816
SJY455
RENAULT ESPACE
A: Personenauto
12  07  2002
31  07  2003

Voorlopige groene kaart, Mauretus (0196 - 1999) op 10/07/2002 10:59:20
VAN DEN STEEN JOHAN
BEEKSTRAAT 115
9300 AALST
0943482
1387289 76.6005
HONDA CAMINO
D: Bromfiets
10  07  2002
31  08  2002

Voorlopige groene kaart, Mauretus (0196 - 1999) op 10/07/2002 10:59:38
VAN DEN STEEN JOHAN
BEEKSTRAAT 115
9300 AALST
0943482
1387289 76.6005
HONDA CAMINO
D: Bromfiets
10  07  2002
31  01  2003

Voorlopige groene kaart, Generali Belgium (0145 - 1998) op 11/07/2002 13:36:41
JACOBS JEAN-PAUL
AUG. DE BRABANTERSTR. 58
9470 DENDERLEEUW
GA319808    
KMHMH81VP2U130392
HYUNDAI TRAJET
A: Personenauto
11  07  2002
11  08  2002

Voorlopige groene kaart, Generali Belgium (0145 - 1998) op 12/07/2002 10:43:11
LINTHOUT MARC
GELDHOFSTRAAT 8
9300 AALST
GA437450
DID101
FORD KA
A: Personenauto
12  07  2002
31  08  2002

Voorlopige groene kaart, Generali Belgium (0145 - 1998) op 25/07/2002 18:09:52
DE COCK MARC
KOUTERBAAN 9
9310 HERDERSEM
GA239589
GJH520
RENAULT R5
A: Personenauto
25  07  2002
31  08  2002

Voorlopige groene kaart, Mauretus (0196 - 1999) op 29/07/2002 16:55:21
VAN DEN STEEN JOHAN
BEEKSTRAAT 115
9300 AALST
6191011     
NXD623
OPEL ASTRA
A: Personenauto
31  07  2002
30  09  2002

Voorlopige groene kaart, Generali Belgium (0145 - 1998) op 12/08/2002 15:39:30
WALRAEVENS LUCIA
HOEFSMIDSTRAAT 45
1840 LONDERZEEL
GA185176
HFM991
CHEVROLET
C: Vrachtwagen of Trekker
12  08  2002
30  09  2002

Voorlopige groene kaart, AxaRoyale Belge (0039 - 2000) op 13/08/2002 16:20:43
HEIREMAN ADRIAAN
DORIKSVELD 20
9308 GIJZEGEM
690770514
CEL862
HONDA CIVIC
A: Personenauto
14/08/2002
13/09/2002

Voorlopige groene kaart, Generali Belgium (0145 - 1998) op 19/08/2002 18:19:22
VAN VAERENBERGH RINO
KATTESTRAAT 39
9473 WELLE
GA217799
FTP528
FORD MONDEO
A: Personenauto
23  08  2002
30  09  2002

Voorlopige groene kaart, Generali Belgium (0145 - 1998) op 21/08/2002 12:18:24
BRUYLAND GODELIEVE
EVANGELIESTRAAT 107
9220 HAMME
ZA828612
WVWZZZ1GZLW355232
VOLKSWAGEN GOLF
A: Personenauto
23  08  2002
30  09  2002

Voorlopige groene kaart, Generali Belgium (0145 - 1998) op 30/08/2002 15:19:30
VAN BOVEN BART
RONZENDREEF 169 BUS 16
9300 AALST
GA441407
WVWZZZ80ZHY110711
VOLKSWAGEN POLO
A: Personenauto
29  08  2002
30  09  2002

Voorlopige groene kaart, Generali Belgium (0145 - 1998) op 02/09/2002 20:07:02
BAUWENS MARTHA
DOORNVELD 29
9300 AALST
UA107303
FFX360
VOLVO
A: Personenauto
01  08  2002
15  02  2003

Voorlopige groene kaart, AxaRoyale Belge (0039 - 2000) op 13/09/2002 9:23:49
VANDEMEERSSCHE SIMONNA
DOOLHOFSTRAAT 58A
9300 AALST
590795381
OAM821
OPEL REKORD
A: Personenauto
13/09/2002
13/11/2002

Voorlopige groene kaart, AxaRoyale Belge (0039 - 2000) op 13/09/2002 9:24:58
VANDEMEERSSCHE SIMONNA
DOOLHOFSTRAAT 58A
9300 AALST
590795381
OAM821
OPEL REKORD
A: Personenauto
13/09/2002
13/11/2002

Voorlopige groene kaart, Generali Belgium (0145 - 1998) op 25/09/2002 11:53:10
DE SADELEER MICHELINE
EILAND 12
9450 HAALTERT
GA278667    
PVS954
TOYOTA COROLLA
A: Personenauto
25  09  2002
25  11  2002

Voorlopige groene kaart, AxaRoyale Belge (0039 - 2000) op 26/09/2002 15:33:17
LOSSIE SABRINA
GERAARDSBERGSESTR. 93
9300 AALST
618258772
WF0BXXGAFBNA61223
FORD FIESTA
A: Personenauto
26/09/2002
26/10/2002

Voorlopige groene kaart, Generali Belgium (0145 - 1998) op 27/09/2002 13:27:07
WALRAEVENS LUCIA
HOEFSMIDSTRAAT 45
1840 MALDEREN
GA185176
HFM991
CHEVROLET
C: Vrachtwagen of Trekker
30  09  2002
20  10  2002

Voorlopige groene kaart, Generali Belgium (0145 - 1998) op 14/10/2002 11:29:22
LAMMENS WILLY
NOORDSTRAAT 40
9300 AALST
GA162500
GEL470
MERCEDES
A: Personenauto
14  10  2002
30  06  2003

Voorlopige groene kaart, Generali Belgium (0145 - 1998) op 17/10/2002 20:49:11
JACOBS JEAN PAUL
A. DE BRABANTERSTRAAT 53
9470 DENDERLEEUW
GA319810
KDT873
RENAULT EXPRESS
C: Vrachtwagen of Trekker
17  10  2002
15  11  2002

Voorlopige groene kaart, AxaRoyale Belge (0039 - 2000) op 18/10/2002 17:30:47
HEIREMAN JOERI
DORIKSVELD 20
9308 GIJZEGEM
NZ. 07113
JH25C36A5VM004165
HONDA SC36
B: Motorfiets
21/10/2002
21/11/2002

Voorlopige groene kaart, AxaRoyale Belge (0039 - 2000) op 18/10/2002 17:34:31
HEIREMAN JOERI
DORIKSVELD 20
9308 GIJZEGEM
NZ. 07113
JH25C36A5VM004165
HONDA SC36
B: Motorfiets
21/10/2002
21/11/2002

Voorlopige groene kaart, Generali Belgium (0145 - 1998) op 18/10/2002 17:59:25
DE COCK MARC
KOUTERBAAN 9
9310 HERDERSEM
GA239589
GJH520
MITSUBISHI CARISMA
A: Personenauto
18  10  2002
18  11  2002

Voorlopige groene kaart, Generali Belgium (0145 - 1998) op 31/10/2002 10:36:52
BUYS MYRIAM
MEERSTRAAT 123
1840 LONDERZEEL
GA180826
695B2
FORD ESCORT
A: Personenauto
31  10  2002
31  12  2002

Voorlopige groene kaart, Generali Belgium (0145 - 1998) op 04/11/2002 10:08:35
CALLEBAUT ALFONS
BROEKSTRAAT 17
9310 HERDERSEM
GA115049
BYC043
OPEL ASTRA
A: Personenauto
31  10  2002
04  11  2002

Voorlopige groene kaart, Generali Belgium (0145 - 1998) op 04/11/2002 10:10:01
CALLEBAUT ALFONS
BROEKSTRAAT 17
9310 HERDERSEM
GA115049
BYC043
OPEL ASTRA
A: Personenauto
31  10  2002
15  04  2003

Voorlopige groene kaart, Generali Belgium (0145 - 1998) op 08/11/2002 17:42:33
DE COCK LIEVEN
KOUTERBAAN 9
9310 HERDERSEM
NZ 001/11 09503
HYN263
CITROEN 2CV
A: Personenauto
12  11  2002
12  12  2002

Voorlopige groene kaart, Mauretus (0196 - 1999) op 13/11/2002 10:46:28
VAN GEERT GILBERT
KOUTERBAAN 55
9310 HERDERSEM
6191573
CBD462
NISSAN ALMERA
A: Personenauto
15  11  2002
15  01  2003

Voorlopige groene kaart, AxaRoyale Belge (0039 - 2000) op 05/12/2002 10:25:11
WILLEMS URBAIN
KOUTERBAAN 72B
9310 HERDERSEM
690.032.024
ZLA84100000005065
LANCIA THESIS
A: Personenauto
01/12/2002
31/01/2003

Voorlopige groene kaart, Mauretus (0196 - 1999) op 06/12/2002 16:48:39
VERLEYSEN PEGGY
WIJMENSTRAAT 96
9340 IMPE
6210953
FTA546
PEUGEOT
A: Personenauto
01  06  2002
30  06  2003

Voorlopige groene kaart, AxaRoyale Belge (0039 - 2000) op 16/12/2002 12:33:20
NEETENS FABIENNE
MEIBOOMLAAN 15 BUS21
9470 DENDERLEEUW
617625800
EKF751
TOYOTA
A: Personenauto
30/11/2002
30/11/2003

Voorlopige groene kaart, Mauretus (0196 - 1999) op 20/12/2002 11:38:58
VAN GEERT GILBERT
KOUTERBAAN 55
9310 HERDERSEM
6191573
CBD462
NISSAN ALMERA
A: Personenauto
20  12  2002
20  01  2002

Voorlopige groene kaart, Mauretus (0196 - 1999) op 07/01/2003 19:10:36
Melkebeeck Sonja
Witgerstraat 19  
9310 Herdersem
6190289     
AYX651
NISSAN SUNNY
A: Personenauto
07  01  2003
31  10  2003

Voorlopige groene kaart, Mauretus (0196 - 1999) op 09/01/2003 12:51:03
De Groot Guy
Tulpenlaan 18
9470 Denderleeuw
6185602     
FRT609
BMW 316 TI
A: Personenauto
09  01  2003
31  01  2004

Voorlopige groene kaart, Generali Belgium (0145 - 1998) op 20/01/2003 18:16:35
Bauwens Martha
Doornveld 29 
9300 Aalst                   
GA453932    
JMZ828
RENAULT CLIO
A: Personenauto
20  01  2003
20  02  2003

Voorlopige groene kaart, Mauretus (0196 - 1999) op 29/01/2003 11:07:00
Cassiman Johan
Hoogstraat 9A  
9280 Denderbelle             
6183405     
DBN346
VOLKSWAGEN BORA
A: Personenauto
01  02  2003
31  03  2003

Voorlopige groene kaart, Generali Belgium (0145 - 1998) op 29/01/2003 11:07:39
Cassiman Omer
Hammestraat 25  
9310 Herdersem
00520047    
BR923
BMW 318
A: Personenauto
31  01  2003
28  02  2003

Voorlopige groene kaart, Mauretus (0196 - 1999) op 06/02/2003 10:25:56
Schuddinck Rony
Sint Corneliusstraat 10  
9280 Denderbelle
941414      
VG5SA052009023266
MBK 
D: Bromfiets
01  01  2003
31  01  2004

Voorlopige groene kaart, Mauretus (0196 - 1999) op 06/02/2003 14:36:33
De Meersman Andy
Grote Baan 270  
9310 Herdersem               
6195397     
RGJ931
RENAULT CLIO 
A: Personenauto
06  02  2003
06  04  2003

Voorlopige groene kaart, Generali Belgium (0145 - 1998) op 11/02/2003 9:05:46
Gigante Pasquale
Pontweg 68  
9310 Herdersem
GA316573    
CQN681
Chevrolet 
A: Personenauto
11  02  2003
11  03  2003

Voorlopige groene kaart, Generali Belgium (0145 - 1998) op 11/02/2003 9:06:11
Gigante Pasquale
Pontweg 68  
9310 Herdersem
GA316573    
CQN681
Chevrolet 
A: Personenauto
11  02  2003
11  03  2003

Voorlopige groene kaart, Mauretus (0196 - 1999) op 12/02/2003 15:20:17
De Meersman Andy
Grote Baan 270  
9310 Herdersem               
6195397     
RGJ931
OPEL ASTRA
A: Personenauto
14  02  2003
12  04  2003

Voorlopige groene kaart, AxaRoyale Belge (0039 - 2000) op 17/02/2003 16:26:11
Roef Jozef  
Klinkaertstraat 82    
9200 Schoonaarde
690722221   
B4202
RENAULT MEGANE
A: Personenauto
17/02/2003
17/03/2003

Voorlopige groene kaart, Mauretus (0196 - 1999) op 19/02/2003 10:08:51
Elskens Geert
Burg. De Dierlaan 8  
9473 Welle
5021431     
MWP941
Kawasaki 
A: Personenauto
21  02  2003
21  04  2003

Voorlopige groene kaart, Mauretus (0196 - 1999) op 19/02/2003 10:13:11
Haegeman Gerda
Burg. De Dierlaan 8  
9473 Welle
5021431     
MWP941
Kawasaki 
B: Motorfiets
21  02  2003
21  04  2003

Voorlopige groene kaart, Mauretus (0196 - 1999) op 20/02/2003 18:25:18
Detroch Patricia
Kasteelstraat 23 A
9308 Hofstade (o.-vl.)       
941103      
VG55BR00009350508
YAMAHA 
D: Bromfiets
01  01  2003
31  01  2004

Voorlopige groene kaart, Mauretus (0196 - 1999) op 21/02/2003 10:17:50
Haegeman Gerda
Burg. De Dierlaan 8  
9473 Welle
5021431     
MWP941
Kawasaki 
A: Personenauto
21  02  2003
21  04  2003

Voorlopige groene kaart, Vaderlandsche (0051) op 27/02/2003 14:50:44
Van Molle  BVBA
Broekstraat 14    
9310 Herdersem
3100109498  
FBF233
TOYOTA PREVIA
A: Personenauto
27  02  2003
15  04  2003

Voorlopige groene kaart, Mauretus (0196 - 1999) op 6/03/2003 18:08:55
Verdoodt Sabine
Kasteelstraat 23 A
9308 Hofstade (o.-vl.)       
6222091     
EXZ127
OPEL ASTRA
A: Personenauto
06  03  2003
06  05  2003

Voorlopige groene kaart, Mauretus (0196 - 1999) op 6/03/2003 18:09:20
De Troch Patricia
Kasteelstraat 23 A
9308 Hofstade (o.-vl.)       
6222091     
EXZ127
OPEL ASTRA
A: Personenauto
06  03  2003
06  05  2003

Voorlopige groene kaart, Generali Belgium (0145 - 1998) op 07/03/2003 11:12:58
Hoebeeck Ann  
Sint-Rochusstraat 56  
9320 Nieuwerkerken (aalst)   
GA121132    
HZL628
RENAULT R5
A: Personenauto
07  03  2003
07  04  2003

Voorlopige groene kaart, Generali Belgium (0145 - 1998) op 08/04/2003 9:23:11
Hoebeeck Ann  
Sint-Rochusstraat 56  
9320 Nieuwerkerken (aalst)   
GA121132    
HZL628
RENAULT R5
A: Personenauto
08  04  2003
08  05  2003

Voorlopige groene kaart, Generali Belgium (0145 - 1998) op 08/04/2003 18:49:46
Van Boven Bart
Rozendreef 169 Bus 16    
9300 Aalst
GA441407    
HMM171
FORD FIESTA
A: Personenauto
08  04  2003
08  05  2003

Voorlopige groene kaart, AxaRoyale Belge (0039 - 2000) op 09/04/2003 14:27:46
Siau Bart  
Galglaan 22  
9000 Gent                    
618312816   
JPL802
ALFA ROMEO 156
A: Personenauto
09/04/2003
09/04/2003

Voorlopige groene kaart, AxaRoyale Belge (0039 - 2000) op 09/04/2003 14:27:47
Siau Bart  
Galglaan 22  
9000 Gent                    
618312816   
JPL802
ALFA ROMEO 156
A: Personenauto
09/04/2003
09/04/2003

Voorlopige groene kaart, AxaRoyale Belge (0039 - 2000) op 09/04/2003 14:28:54
Siau Bart  
Galglaan 22  
9000 Gent                    
618312816   
JPL802
ALFA ROMEO 156
A: Personenauto
09/04/2003
09/05/2003

Voorlopige groene kaart, Generali Belgium (0145 - 1998) op 11/04/2003 18:04:10
Roelandt Hedwig&Vermoesen Jos  
Kouterbaan 25  
9310 Herdersem
GA288629    
ELE940
VOLVO V40
A: Personenauto
11  04  2003
11  05  2003

Voorlopige groene kaart, Generali Belgium (0145 - 1998) op 15/04/2003 18:18:28
Van Der Jeught Walter
Alfons De Cockstraat 7  
9310 Herdersem
GA219266    
BJV876
CITROEN XSARA
A: Personenauto
18  04  2003
18  06  2003

Voorlopige groene kaart, AxaRoyale Belge (0039 - 2000) op 17/04/2003 15:25:30
De Vos Sara
Galglaan 22  
9000 Gent                    
618312206   
RNV163
ALFA ROMEO GTV
A: Personenauto
17/04/2003
17/05/2003

Voorlopige groene kaart, Generali Belgium (0145 - 1998) op 17/04/2003 15:39:10
Bruyland Toon
Broekstraat 32A    
9310 Herdersem
GA431651    
GHI160
MINI 1000 
A: Personenauto
17  04  2003
30  04  2003

Voorlopige groene kaart, Generali Belgium (0145 - 1998) op 17/04/2003 15:41:42
Bruyland Toon
Broekstraat 32A    
9310 Herdersem
GA431651    
GHI160
MINI 1000 
A: Personenauto
17  04  2003
30  04  2003

Voorlopige groene kaart, Generali Belgium (0145 - 1998) op 17/04/2003 15:49:57
Bruyland Toon
Broekstraat 32A    
9310 Herdersem
GA431651    
GHI160
MINI 1000 
A: Personenauto
17  04  2003
30  04  2003

Voorlopige groene kaart, Generali Belgium (0145 - 1998) op 23/04/2003 11:07:04
Van Landuyt Christophe
Populierenstraat 62   
9310 Moorsel                 
GA370743    
BEK552
TOYOTA 
A: Personenauto
01  05  2003
01  05  2004

Voorlopige groene kaart, Mauretus (0196 - 1999) op 24/04/2003 18:51:59
Troffaes Nicola
Mespelarestraat 40 
9200 Mespelare               
942977      
VG55BR00009251100
MBK 5BR NITROB
D: Bromfiets
24  04  2003
24  06  2003

Voorlopige groene kaart, Generali Belgium (0145 - 1998) op 30/04/2003 13:06:02
Eeckhout Johny  
Elf dagwand 31    
9473 Welle
GA122593    
EER777
VOLKSWAGEN
A: Personenauto
30  04  2003
30  04  2003

Voorlopige groene kaart, Generali Belgium (0145 - 1998) op 30/04/2003 13:28:01
Roelandt Hedwig&Vermoesen Jos  
Kouterbaan 25  
9310 Herdersem
GA146319    

 
A: Personenauto
30  04  2003
30  04  2003

Voorlopige groene kaart, 0145 Generali Belgium op 30/04/2003 17:49:02
Van Der Jeught Walter
Alfons De Cockstraat 7  
9310 Herdersem
GA219266    
BJV876
CITROEN XSARA
A: Personenauto
30  04  2003
30  04  2003

Voorlopige groene kaart, 0039 Axa Belgium op 30/04/2003 18:14:46
Roelandt Hedwig&Vermoesen Jos  
Kouterbaan 25  
9310 Herdersem
690298031   

 
A: Personenauto
30/04/2003
30/04/2003

Voorlopige groene kaart, 0039 Axa Belgium op 30/04/2003 18:15:31
Roelandt Hedwig&Vermoesen Jos  
Kouterbaan 25  
9310 Herdersem
690298031   

 
A: Personenauto
30/04/2003
30/04/2003

Voorlopige groene kaart, 0039 Axa Belgium op 30/04/2003 18:16:23
Roelandt Hedwig&Vermoesen Jos  
Kouterbaan 25  
9310 Herdersem
690298031   

 
A: Personenauto
30/04/2003
30/04/2003

Voorlopige groene kaart, 0039 Axa Belgium op 30/04/2003 18:16:37
Roelandt Hedwig&Vermoesen Jos  
Kouterbaan 25  
9310 Herdersem
690298031   

 
A: Personenauto
30/04/2003
30/04/2003

Voorlopige groene kaart, 0039 Axa Belgium op 30/04/2003 18:26:36
Roelandt Hedwig&Vermoesen Jos  
Kouterbaan 25  
9310 Herdersem
690298031   

 
A: Personenauto
30/04/2003
30/04/2003

Voorlopige groene kaart, 0039 Axa Belgium op 30/04/2003 18:27:55
Roelandt Hedwig&Vermoesen Jos  
Kouterbaan 25  
9310 Herdersem
690298031   

 
A: Personenauto
30/04/2003
30/04/2003

Voorlopige groene kaart, 0039 Axa Belgium op 30/04/2003 18:44:16
Roelandt Hedwig&Vermoesen Jos  
Kouterbaan 25  
9310 Herdersem
690298031   

 
A: Personenauto
30/04/2003
30/04/2003

Voorlopige groene kaart, 0039 Axa Belgium op 30/04/2003 18:49:49
Roelandt Hedwig&Vermoesen Jos  
Kouterbaan 25  
9310 Herdersem
690298031   
CUA999
AUDI 80 
A: Personenauto
30/04/2003
30/04/2003

Voorlopige groene kaart, 0039 Axa Belgium op 30/04/2003 18:53:14
Roelandt Hedwig&Vermoesen Jos  
Kouterbaan 25  
9310 Herdersem
690298031   
CUA999
AUDI 80 
A: Personenauto
30/04/2003
30/04/2003

Voorlopige groene kaart, 0039 Axa Belgium op 30/04/2003 18:57:05
Siau Bart  
Galglaan 22  
9000 Gent                    
618312816   
JPL802
ALFA ROMEO 156
A: Personenauto
30/04/2003
30/04/2003

Voorlopige groene kaart, 0039 Axa Belgium op 30/04/2003 19:02:57
Siau Bart  
Galglaan 22  
9000 Gent                    
618312816   
JPL802
ALFA ROMEO 156
A: Personenauto
30/04/2003
30/04/2003

Voorlopige groene kaart, 0145 Generali Belgium op 02/05/2003 11:58:37
Roelandt Hedwig&Vermoesen Jos  
Kouterbaan 25  
9310 Herdersem
GA146319    
ELE940
VOLVO V40 
A: Personenauto
02  05  2003
02  05  2003

Voorlopige groene kaart, 0145 Generali Belgium op 02/05/2003 11:59:37
Roelandt Hedwig&Vermoesen Jos  
Kouterbaan 25  
9310 Herdersem
GA146319    
ELE940
VOLVO V40 
A: Personenauto
02  05  2003
02  05  2003

Voorlopige groene kaart, 0145 Generali Belgium op 02/05/2003 12:06:02
Roelandt Hedwig&Vermoesen Jos  
Kouterbaan 25  
9310 Herdersem
GA146319    
ELE940
VOLVO V40 
A: Personenauto
02  05  2003
02  05  2003

Voorlopige groene kaart, 0145 Generali Belgium op 02/05/2003 12:12:58
Roelandt Hedwig&Vermoesen Jos  
Kouterbaan 25  
9310 Herdersem
GA146319    
ELE940
VOLVO V40 
A: Personenauto
02  05  2003
02  05  2003

Voorlopige groene kaart, 0196 Naviga - Mauretus op 02/05/2003 12:14:47
Van Belle Nicky
Molenstraat 8  
9860 Balegem
6210130     
GKM839
SKODA FABIA 
A: Personenauto
02  05  2003
02  05  2003

Voorlopige groene kaart, 0196 Naviga - Mauretus op 02/05/2003 12:28:09
Van Belle Nicky
Molenstraat 8  
9860 Balegem
6210130     
GKM839
SKODA FABIA 
A: Personenauto
02  05  2003
02  05  2003

Voorlopige groene kaart, 0196 Naviga - Mauretus op 02/05/2003 12:31:34
Van Belle Nicky
Molenstraat 8  
9860 Balegem
6210130     
GKM839
SKODA FABIA 
A: Personenauto
02  05  2003
02  05  2003

Voorlopige groene kaart, 0196 Naviga - Mauretus op 02/05/2003 12:34:40
Van Belle Nicky
Molenstraat 8  
9860 Balegem
6210130     
GKM839
SKODA FABIA 
A: Personenauto
02  05  2003
02  05  2003

Voorlopige groene kaart, 0196 Naviga - Mauretus op 02/05/2003 12:37:39
Van Belle Nicky
Molenstraat 8  
9860 Balegem
6210130     
GKM839
SKODA FABIA 
A: Personenauto
02  05  2003
02  05  2003

Voorlopige groene kaart, 0196 Naviga - Mauretus op 02/05/2003 14:43:11
CATTRYSSE GERT
EVANGELIESTRAAT 107
9220 HAMME
945418
CT705005874
HONDA CT70
B: Motorfiets
07  05  2003
07  07  2003

Voorlopige groene kaart, 0096 Mercator Verzekeringen op 05/05/2003 15:52:55
TEST
TESTSTRAAT
TESTPLAATS
TESTPOLIS
TEST
TEST
A: Personenauto
05  05  2003
05  05  2003

Voorlopige groene kaart, 0096 Mercator Verzekeringen op 05/05/2003 16:02:18
TEST
TESTSTRAAT
TESTPLAATS
TESTPOLIS
TEST
TEST
A: Personenauto
05  05  2003
05  05  2003

Voorlopige groene kaart, 0096 Mercator Verzekeringen op 05/05/2003 16:05:18
TEST
TESTSTRAAT
TESTPLAATS
TESTPOLIS
TEST
TEST
A: Personenauto
05  05  2003
05  05  2003

Voorlopige groene kaart, 0096 Mercator Verzekeringen op 05/05/2003 16:07:47
TEST
TESTSTRAAT
TESTPLAATS
TESTPOLIS
TEST
TEST
A: Personenauto
05  05  2003
05  05  2003

Voorlopige groene kaart, 0145 Generali Belgium op 06/05/2003 14:34:22
De Waegeneer Martine  
Grote baan 35    
9310 Herdersem
08626600    
12084700 PM TA1
PEUGEOT FOX
D: Bromfiets
06  05  2003
31  01  2004

Voorlopige groene kaart, 0196 Naviga - Mauretus op 15/05/2003 13:51:47
Bockstael William
Anjersstraat 59 
9308 Hofstade (o.-vl.)       
6187916     
KGU603
TOYOTA COROLLA
A: Personenauto
16  05  2003
14  08  2003

Voorlopige groene kaart, 0145 Generali Belgium op 19/05/2003 17:58:28
Bauwens Martha
Doornveld 29 
9300 Aalst                   
GA453932    
JMZ828
FIAT PUNTO
A: Personenauto
19  05  2003
18  07  2003

Voorlopige groene kaart, 0039 Axa Belgium op 20/05/2003 16:27:45
Suenaert Magdalena  
Broekstraat 59    
9310 Herdersem
690744730   
BFT180
TOYOTA 
A: Personenauto
02/05/2003
30/11/2003

Voorlopige groene kaart, 0196 Naviga - Mauretus op 22/05/2003 12:16:20
Moock Kathleen
Driehoekstraat 23A  
9320 Erembodegem             
5024339     
MQF675
SUZUKI 
B: Motorfiets
22  05  2003
30  06  2003

Voorlopige groene kaart, 0196 Naviga - Mauretus op 23/05/2003 09:09:51
Buggenhout Paul
Broekstraat 29  
9310 Herdersem
6190450     
CKB664
OPEL AGILA 
A: Personenauto
24  05  2003
24  07  2003

Voorlopige groene kaart, 0145 Generali Belgium op 28/05/2003 10:20:00
De Wit Herman  
Kouterbaan 72a    
9310 Herdersem
GA464112
KMV757
OPEL ZAFIRA 
A: Personenauto
28  05  2003
27  09  2003

Voorlopige groene kaart, 0196 Naviga - Mauretus op 4/06/2003 14:17:22
Van Immerzeele Johan
Peperstraat 1 
9550 Herzele                 
6201711     
JT164ATK000067835
TOYOTA CARINA E 
A: Personenauto
04  06  2003
04  08  2003

Voorlopige groene kaart, 0196 Naviga - Mauretus op 5/06/2003 13:49:13
Hendrickx Marc  
Grote baan 205    
9310 Herdersem
6197744     
0WK61
VOLVO V70 
A: Personenauto
05  06  2003
04  09  2003

Voorlopige groene kaart, 0145 Generali Belgium op 05/06/2003 14:16:18
Borloo Ilse
Moorselbaan  464  
9300 Aalst                   
GA319808    
KMW391
 HYUNDAI TRAJET
A: Personenauto
05  06  2003
30  06  2003

Voorlopige groene kaart, 0145 Generali Belgium op 16/06/2003 14:58:38
Van Immerzeele Johan
Peperstraat 1 
9550 Herzele                 
ZA846659    
JMZNB186200211441
MAZDA MX5
A: Personenauto
16  06  2003
15  08  2003

Voorlopige groene kaart, 0145 Generali Belgium op 25/06/2003 10:23:58
Patisserie Verschaeve  
Axelwalle 19 
9700 Heurne                  
GA465397    
FZU603
PEUGEOT 406
A: Personenauto
26  06  2003
26  08  2003

Voorlopige groene kaart, 0196 Naviga - Mauretus op 27/06/2003 15:01:39
Van Vaerenbergh Rino
Kattestraat 38  
9473 Welle
5025783     
MQL387
Kawasaki 
B: Motorfiets
20  06  2003
30  06  2004

Voorlopige groene kaart, 0039 Axa Belgium op 01/07/2003 16:11:09
Roelandt Gebroeders  
Dompelstraat 13C    
9300 Aalst
690038548   
CSL459
TOYOTA YARIS 
A: Personenauto
02/07/2003
30/09/2003

Voorlopige groene kaart, 0196 Naviga - Mauretus op 02/07/2003 13:29:02
Hooghe Hans
Hyacinthenstraat 9 
9300 Aalst                   
6194633     
BIU066
VOLKSWAGEN POLO
A: Personenauto
03  07  2003
30  04  2004

Voorlopige groene kaart, 0039 Axa Belgium op 7/07/2003 16:14:43
Roelandt gebroeders  
Dompelstraat 13C    
9300 Aalst
690038548   
CSL459
TOYOTA YARIS 
A: Personenauto
07/07/2003
05/09/2003

Voorlopige groene kaart, 0196 Naviga - Mauretus op 18/07/2003 10:48:10
Cleemput Sven  
Kleistraat 71 B    
9320 Erembodegem
6169743     
NPZ738
CITROEN BERLINGO
A: Personenauto
18  07  2003
16  09  2003

Voorlopige groene kaart, 0145 Generali Belgium op 18/07/2003 16:09:20
Callebaut Sandra
Pontweg 96  
9310 Herdersem               
ZA849452    
WVWZZZ19ZJW341935
VOLKSWAGEN GOLF
A: Personenauto
18  07  2003
16  08  2003

Voorlopige groene kaart, 0196 Naviga - Mauretus op 18/07/2003 16:15:20
De Cock Lieven
Kouterbaan 40  
9310 Herdersem
NZ 4737
MQV997
SUZUKI 
B: Motorfiets
18  07  2003
16  09  2003

Voorlopige groene kaart, 0196 Naviga - Mauretus op 28/07/2003 15:41:41
Van Immerzeele Johan
Peperstraat 1 
9550 Herzele                 
6201711     
JT164ATK000067835
TOYOTA CARINA E
A: Personenauto
28  07  2003
26  09  2003

Voorlopige groene kaart, 0145 Generali Belgium op 31/07/2003 09:16:53
Van Der Hoeven Marc
Bremtstraat 113  
1790 Teralfene               
GA301807    
MMW930
BMW R1100 RT
B: Motorfiets
31  07  2003
31  07  2004

Voorlopige groene kaart, 0145 Generali Belgium op 31/07/2003 14:09:14
VAN DEN BREMPT Etienne
HUILAART 42
9260 SERSKAMP
ZA850611
6090230
BMW R100RS 
B: Motorfiets
31  07  2003
29  09  2003

Voorlopige groene kaart, 0196 Naviga - Mauretus op 07/08/2003 10:48:15
Borloo Ilse
Moorselbaan  464  
9300 Aalst                   
6222050     
KMW391
Hyundai Trajet 
A: Personenauto
01  07  2003
31  01  2004

Voorlopige groene kaart, 0497 Winterthur Europe op 7/08/2003 13:59:05






A: Personenauto
07/08/2003
06/10/2003

Voorlopige groene kaart, 0145 Generali Belgium op 18/08/2003 9:07:34
Bauwens Martha
Doornveld 29 
9300 Aalst
UA107303    
FFX360
CITROEN BX
A: Personenauto
18  08  2003
17  10  2003

Voorlopige groene kaart, 0196 Naviga - Mauretus op 18/08/2003 11:13:58
Van Boven Bart
Rozendreef 169 Bus 16    
9300 Aalst
6229583     
HMM.171
FORD FIESTA 
A: Personenauto
29  08  2003
30  11  2003

Voorlopige groene kaart, 0196 Naviga - Mauretus op 18/08/2003 11:20:47
Van Boven Bart
Rozendreef 169 Bus 16    
9300 Aalst
6229583     
HMM.171
FORD FIESTA 
A: Personenauto
18  08  2003
17  10  2003

Voorlopige groene kaart, 0196 Naviga - Mauretus op 18/08/2003 11:24:53
Van Boven Bart
Rozendreef 169 Bus 16    
9300 Aalst
6229583     
HMM.171
FORD FIESTA 
A: Personenauto
18  08  2003
17  10  2003

Voorlopige groene kaart, 0196 Naviga - Mauretus op 18/08/2003 11:28:45
Van Boven Bart
Rozendreef 169 Bus 16    
9300 Aalst
6229583     
HMM.171
FORD FIESTA 
A: Personenauto
18 08 2003
17 10 2003

Voorlopige groene kaart, 0196 Naviga - Mauretus op 18/08/2003 11:29:43
Van Boven Bart
Rozendreef 169 Bus 16    
9300 Aalst
6229583     
HMM.171
FORD FIESTA 
A: Personenauto
29 08 2003
30 11 2003

Voorlopige groene kaart, 0196 Naviga - Mauretus op 21/08/2003 13:45:52
Troffaes Nicola
Mespelarestraat 40 
9200 Mespelare               
942977      
0300322
GILERA TYPHOON 25
D: Bromfiets
21 08 2003
20 09 2003

Voorlopige groene kaart, 0145 Generali Belgium op 27/08/2003 14:21:06
Buys Myriam
Meerstraat 123  
1840 Londerzeel
NZ 09503
VF1L5320510683075
RENAULT R19
A: Personenauto
28  08  2003
28  10  2003

Voorlopige groene kaart, 0196 Naviga - Mauretus op 03/09/2003 13:21:54
Cleemput Sven  
Kleistraat 71 B    
9320 Erembodegem
6169743     
NPZ738
CITROEN BERLINGO
A: Personenauto
03 09 2003
02 11 2003

Voorlopige groene kaart, 0196 Naviga - Mauretus op 04/09/2003 10:00:41
Van Keymeulen Jan-Pierre
Anjerstraat 40  
9308 Hofstade (o.-vl.)
6209911     
578KV
Renault Megane
A: Personenauto
04 09 2003
03 11 2003

Voorlopige groene kaart, 0196 Naviga - Mauretus op 08/09/2003 12:11:36
Maesschalck Kelly
H. Consciencestraat 27 
9308 Hofstade (o.-vl.)       
6221852     
RYC966
RENAULT CLIO 
A: Personenauto
11 09 2003
10 12 2003

Voorlopige groene kaart, 0196 Naviga - Mauretus op 16/09/2003 15:04:24
Troffaes Nicola
Mespelarestraat 40 
9200 Mespelare               
942977      
VTHGPRRABYH145789
DERBI GPRR
D: Bromfiets
16 09 2003
31 01 2003

Voorlopige groene kaart, 0196 Naviga - Mauretus op 16/09/2003 15:19:00
Moock Kathleen
Driehoekstraat 23A  
9320 Erembodegem             
5024339     
MQF675
SUZUKI 
B: Motorfiets
09 09 2003
30 09 2004

Voorlopige groene kaart, 0145 Generali Belgium op 24/09/2003 09:49:44
De Cock Marc
Kouterbaan 9  
9310 Herdersem
06009730    
ADJ587
Renault Saffrane
A: Personenauto
24  09  2003
08  10  2003

Voorlopige groene kaart, 0145 Generali Belgium op 01/10/2003 19:32:27
De Meersman Jeanine
Pontweg 96    
9310 Herdersem
GA474644    
LEX248
OPEL ASTRA 
A: Personenauto
01  10  2003
30  11  2003

Voorlopige groene kaart, 0039 Axa Belgium op 2/10/2003 18:02:35
Tombeur Bart
Lange haag 17  
9310 Herdersem
NZ 0107113
ZD4MZ0500WS000578
APRILIA SR 50 LC 
D: Bromfiets
02/10/2003
31/12/2003

Voorlopige groene kaart, 0145 Generali Belgium op 06/10/2003 15:06:12
De Cock Marc
Kouterbaan 9  
9310 Herdersem
06009730    
ADJ587
Renault Safrane
A: Personenauto
06  10  2003
05  12  2003

Voorlopige groene kaart, 0196 Naviga - Mauretus op 06/10/2003 17:06:00
Bruyland Toon
Broekstraat 32A    
9310 Herdersem
6223260     
GHI160
VOLKSWAGEN PASSAT 
A: Personenauto
20 08 2003
20 08 2004

Voorlopige groene kaart, 0497 Winterthur Europe op 13/10/2003 18:36:02
De Vulder Etiènne
Bredestraat 185  
9300 Aalst                   
00EN4734    

 
A: Personenauto
13/10/2003
12/12/2003

Voorlopige groene kaart, 0497 Winterthur Europe op 13/10/2003 18:41:07
De Vulder Etiènne
Bredestraat 185  
9300 Aalst                   
00EN4734    
plaat?
TOYOTA 
A: Personenauto
13/10/2003
12/12/2003

Voorlopige groene kaart, 0497 Winterthur Europe op 13/10/2003 18:43:48
De Vulder Etiènne
Bredestraat 185  
9300 Aalst                   
00EN4734    
plaat?
TOYOTA 
A: Personenauto
13/10/2003
12/12/2003

Voorlopige groene kaart, 0497 Winterthur Europe op 13/10/2003 18:50:26
De Vulder Etiènne
Bredestraat 185  
9300 Aalst                   
00EN4734    
EBJ078
RENAULT EXPRESS
C: Vrachtwagen of Trekker
13/10/2003
31/10/2003

Voorlopige groene kaart, 0196 Naviga - Mauretus op 16/10/2003 10:04:06
Cattrysse Gert
Evangeliestraat 107  
9220 Hamme (o.-vl.)
5025994     
MAY580
HONDA CT70
B: Motorfiets
16 10 2003
15 01 2004

Voorlopige groene kaart, 0196 Naviga - Mauretus op 06/11/2003 15:16:46
Buggenhout Paul
Broekstraat 29  
9310 Herdersem
6190450     
CKB664
CITROEN SAXO
A: Personenauto
06 11 2003
05 01 2004

Voorlopige groene kaart, 0145 Generali Belgium op 06/11/2003 18:37:14
Mw. Deprey Noëlla
Axelwalle 19 
9700 Heurne                  
ZA857011
AVP902
FORD FIESTA
A: Personenauto
06  11  2003
05  01  2004

Voorlopige groene kaart, 0196 Naviga - Mauretus op 14/11/2003 09:08:55
Van Keymeulen Jan Pierre
Anjersstraat 40  
9308 Hofstade (o.-vl.)
6209911     
578KV
Renault Megane
A: Personenauto
14 11 2003
13 01 2004

Voorlopige groene kaart, 0039 Axa Belgium op 18/11/2003 13:09:16
Borloo Ilse
Moorselbaan  464  
9300 Aalst                   
618896788
VF7XBER0013ER5157
CITROEN BX 
A: Personenauto
18/11/2003
17/12/2003

Voorlopige groene kaart, 0145 Generali Belgium op 19/11/2003 18:15:34
Bruyland Godelieve
Evangeliestraat 107  
9220 Hamme (o.-vl.)
GA440753    
HIQ117
FORD FIESTA 
A: Personenauto
18  11  2003
01  12  2003

Voorlopige groene kaart, 0196 Naviga - Mauretus op 21/11/2003 16:54:22
Bonnarens Rosa
Broekstraat 32B    
9310 Herdersem
6210936     
ERE501
ROVER 
A: Personenauto
01 06 2003
30 06 2004

Voorlopige groene kaart, 0145 Generali Belgium op 24/11/2003 15:13:22
Bauwens Martha
Doornveld 29 
9300 Aalst
UA107303    
FFX360
MITSUBISHI SPACE
A: Personenauto
24  11  2003
23  01  2004

Voorlopige groene kaart, 0196 Naviga - Mauretus op 26/11/2003 12:46:36
Van Impe Johnny
Eiland 12  
9450 Haaltert                
6198558     
DQR551
TOYOTA PICNIC 
A: Personenauto
02 12 2003
25 01 2004

Voorlopige groene kaart, 0196 Naviga - Mauretus op 27/11/2003 16:46:18
Jacobs Jean-Paul  
Aug. De Brabanterstraat 58  
9470 Denderleeuw
1024062     
KDT873
PEUGEOT 806
A: Personenauto
27 11 2003
26 01 2004

Voorlopige groene kaart, 0196 Naviga - Mauretus op 03/12/2003 14:41:24
Roelandt Jeannico
Kraaiwinkelstraat 24 
9320 Nieuwerkerken
6183404
NRF083
Fiat Coupé
A: Personenauto
03 12 2003
01 03 2004

Voorlopige groene kaart, 0196 Naviga - Mauretus op 03/12/2003 14:50:40
ROELANDT JEANNICO
KRAAIWINKELSTRAAT 24  
9320 Nieuwerkerken
6175537     
APF131
Fiat Coupé
A: Personenauto
03 12 2003
01 03 2004

Voorlopige groene kaart, 0196 Naviga - Mauretus op 04/12/2003 15:14:51
Dooremont Emile
Doornveld 21 
9300 Aalst
6189927     
ASF621
DAEWOO MATIZ
A: Personenauto
04 12 2003
02 02 2004

Voorlopige groene kaart, 0497 Winterthur Europe op 04/12/2003 17:28:24
Tombeur Bart
Lange Haag 17  
9310 Herdersem               
21246516    
VTHSDR1FB3H210462
DERBI SDR
D: Bromfiets
04/12/2003
01/11/2004

Voorlopige groene kaart, 0145 Generali Belgium op 03/12/2003 10:00:20
Cattrysse Gert
Evangeliestraat 107  
9220 Hamme (o.-vl.)
GA440753    
WF0BXXQAFBMM50826
FORD FIESTA 
A: Personenauto
03  12  2003
03  01  2004

Voorlopige groene kaart, 0145 Generali Belgium op 03/12/2003 10:00:34
Cattrysse Gert
Evangeliestraat 107  
9220 Hamme (o.-vl.)
GA440753    
WF0BXXQAFBMM50826
FORD FIESTA 
A: Personenauto
03  12  2003
03  01  2004

Voorlopige groene kaart, 0196 Naviga - Mauretus op 09/12/2003 15:27:04
De Backer Margui  
Ronsevaaldreef 36    
9320 Erembodegem
6221037     
GSD673
VOLKSWAGEN GOLF
A: Personenauto
12 12 2003
07 02 2004

Voorlopige groene kaart, 0196 Naviga - Mauretus op 09/12/2003 15:31:52
De Backer Margui  
Ronsevaaldreef 36    
9320 Erembodegem
6221037     
GSD673
VOLKSWAGEN GOLF
A: Personenauto
12 12 2003
07 02 2004

Voorlopige groene kaart, 0039 Axa Belgium op 10/12/2003 11:42:44
Neetens Fabiènne
Meiboomlaan 15 Bus 21    
9470 Denderleeuw             
617625800   
EKF751
 TOYOTA CARINA
A: Personenauto
30/11/2003
15/12/2004

Voorlopige groene kaart, 0145 Generali Belgium op 15/12/2003 13:26:17
Cattrysse Gert
Evangeliestraat 107  
9220 Hamme (o.-vl.)
GA440753    
HIQ117
VOLKSWAGEN GOLF
A: Personenauto
15  12  2003
13  02  2004

Voorlopige groene kaart, 0196 Naviga - Mauretus op 05/01/2004 14:15:04
Van Durme Gustaaf
Hopstraat 20  
9300 Aalst
6220734     
AJG119
TOYOTA RAV4
A: Personenauto
09 01 2004
09 03 2004

Voorlopige groene kaart, 0196 Naviga - Mauretus op 05/01/2004 18:25:17
Van Keymeulen Jan Pierre
Anjersstraat 40  
9308 Hofstade (o.-vl.)
6209911     
578KV
Renault Megane
A: Personenauto
05 01 2004
05 03 2004

Voorlopige groene kaart, 0196 Naviga - Mauretus op 08/01/2004 14:48:12
Moens Ludwig
Perklaan 23  
3390 Sint-joris-winge
6212124     
GGN913
CITROEN C5
A: Personenauto
08 01 2004
08 03 2004

Voorlopige groene kaart, 0196 Naviga - Mauretus op 15/01/2004 09:52:57
Raes Isabel
Spoorwegstraat 45  
9550 Herzele
6211009     
GPI529
Volkswagen
A: Personenauto
15 01 2004
15 03 2004

Voorlopige groene kaart, 0196 Naviga - Mauretus op 15/01/2004 09:54:05
Raes Isabel
Spoorwegstraat 45  
9550 Herzele
6211009     
GPI529
Volkswagen
A: Personenauto
18 01 2004
18 03 2004

Voorlopige groene kaart, 0196 Naviga - Mauretus op 20/01/2004 19:05:24
DE VUYST MARLEEN
Mijlbekelaan 35    
9300 Aalst
6222027     
CHF572
VOLVO S40
A: Personenauto
22 01 2004
22 03 2004

Voorlopige groene kaart, 0196 Naviga - Mauretus op 23/01/2004 10:02:11
De Man Peter
Beekkant 1  
9310 Herdersem
6203050     
JLS190
VOLKSWAGEN BORA 
A: Personenauto
22 12 2003
15 07 2004

Voorlopige groene kaart, 0039 Axa Belgium op 27/01/2004 09:23:20
Neetens Fabiènne
Meiboomlaan 15 Bus 21    
9470 Denderleeuw             
617625800   
EKF751
SUZUKI JIMNY
A: Personenauto
27/01/2004
27/03/2004

Voorlopige groene kaart, 0196 Naviga - Mauretus op 27/01/2004 13:45:24
Dooremont Emile
Doornveld 21 
9300 Aalst
6189927     
ASF621
DAEWOO MATIZ
A: Personenauto
14 01 2004
14 04 2004

Voorlopige groene kaart, 0039 Axa Belgium op 29/01/2004 12:58:48
Triest Dirk  
Popperodedries 5    
9300 Aalst
617897457   
CFD851
VOLVO S40 
A: Personenauto
29/01/2004
29/03/2004

Voorlopige groene kaart, 0145 Generali Belgium op 03/02/2004 17:03:56
Tavernier Nele
Steenbergstraat 62A  
9520 Zonnegem           
ZA861788 
NUI448
SUBARU JUSTY 
A: Personenauto
03  02  2004
03  03  2004

Voorlopige groene kaart, 0039 Axa Belgium op 09/02/2004 10:52:34
De Corte Walter  
Koekeroel 43    
9310 Herdersem
690777621   
AND526
TOYOTA COROLLA 
A: Personenauto
01/02/2004
28/02/2005

Voorlopige groene kaart, 0196 Naviga - Mauretus op 10/02/2004 15:01:54
Fransaert Frank
Lindenlaan 56  
9320 Erembodegem
6211533     
FZR208
OPEL CORSA
A: Personenauto
26 02 2004
26 06 2004

Voorlopige groene kaart, 0039 Axa Belgium op 11/02/2004 14:54:16
Breckpot Elias  
Hyacintenstraat 56    
9300 Aalst
617970863   
AB252001054
Honda AB25
D: Bromfiets
01/01/2004
31/01/2005

Voorlopige groene kaart, 0145 Generali Belgium op 17/02/2004 16:26:52
Van Landuyt Freddy  
Populierenstraat 62    
9310 Moorsel
GA101269    
DND656
Ford Focus
A: Personenauto
19  02  2004
19  04  2004

Voorlopige groene kaart, 0145 Generali Belgium op 20/02/2004 15:24:16
Bruyland Godelieve
Evangeliestraat 107  
9220 Hamme (o.-vl.)
GA440753    
HIQ117
VOLVO S40
A: Personenauto
20  02  2004
20  04  2004

Voorlopige groene kaart, 0196 Naviga - Mauretus op 24/02/2004 18:18:56
Vandergheynst Laurent
Priester daenslaan 7  
9473 Welle
6229584     
EEV811
FORD FIESTA 
A: Personenauto
28 02 2004
28 04 2004

Voorlopige groene kaart, 0196 Naviga - Mauretus op 26/02/2004 14:20:38
Fransaert Frank
Meidoornlaan 56  
9320 Erembodegem
6211533     
FZR208
OPEL CORSA
A: Personenauto
26 02 2004
26 04 2004

Voorlopige groene kaart, 0145 Generali Belgium op 02/03/2004 17:03:27
Van Driessche Dominique  
Barrevoetsehoek 64    
9340 Lede
GA122868    
4WT93
HYUNDAI ATOS-PRIME 
A: Personenauto
03  03  2004
01  05  2004

Voorlopige groene kaart, 0196 Naviga - Mauretus op 03/03/2004 09:28:05
Fransaert Frank
Meidoornlaan 56  
9320 Erembodegem
6211533     
FZR208
OPEL CORSA
A: Personenauto
26 02 2004
30 06 2004

Voorlopige groene kaart, 0039 Axa Belgium op 05/03/2004 17:46:34
De Wael Clemence
Langestraat 220  
9300 Aalst
647424703   
1290M
TOYOTA YARIS 
A: Personenauto
08/03/2004
04/05/2004

Voorlopige groene kaart, 0145 Generali Belgium op 08/03/2004 16:50:57
Hoebeeck Ann  
Sint-Rochusstraat 56  
9320 Nieuwerkerken (aalst)   
GA121132    
HZL628
OPEL KADETT
A: Personenauto
08  03  2004
07  05  2004

Voorlopige groene kaart, 0039 Axa Belgium op 09/03/2004 18:38:49
De Boever Nicole
Geraardsbergsesteenweg 268 D 
9860 Balegem
617914668   
PHX025
NISSAN ALMERA
A: Personenauto
09/03/2004
08/05/2004

Voorlopige groene kaart, 0145 Generali Belgium op 10/03/2004 12:43:54
De Rop Ingrid
Mandemakerslaan 2
9150 Bazel
GA132890    
9F991
PROTON 415 
A: Personenauto
10  03  2004
09  05  2004

Voorlopige groene kaart, 0145 Generali Belgium op 10/03/2004 12:44:06
De Rop Ingrid
Mandemakerslaan 2
9150 Bazel
GA132890    
9F991
PROTON 415 
A: Personenauto
10  03  2004
09  05  2004

Voorlopige groene kaart, 0196 Naviga - Mauretus op 10/03/2004 13:43:53
Kerbusch Johnny
Koekeroel 45  
9310 Herdersem
6190613     
FDJ035
OPEL ASTRA 
A: Personenauto
07 03 2004
21 03 2005

Voorlopige groene kaart, 0145 Generali Belgium op 10/03/2004 17:33:23
Buys Myriam
Meerstraat 123  
1840 Londerzeel
GA101890    
FYK147
MAZDA 121
A: Personenauto
10  03  2004
09  05  2004

Voorlopige groene kaart, 0039 Axa Belgium op 23/03/2004 12:15:13
Moens Pierre  
Groenenbrielstraat 27  
9320 Erembodegem
690744422   
BEH438
CITROEN C5 
A: Personenauto
27/03/2004
15/04/2005

Voorlopige groene kaart, 0196 Naviga - Mauretus op 23/03/2004 12:23:01
Van Cauter Octaaf
Koekeroel 9  
9310 Herdersem
6226103     
ATP600
PEUGEOT 605 
A: Personenauto
22 03 2004
05 04 2005

Voorlopige groene kaart, 0096 Mercator Verzekeringen op 31/03/2004 10:04:00
Van Keymeulen Chris
Anjerstraat 40  
9308 Hofstade (o.-vl.)       
8026759     
MIG507
HARLEY DAVIDSON 
A: Personenauto
31  03  2004
30  05  2004

Voorlopige groene kaart, 0145 Generali Belgium op 01/04/2004 11:27:37
Bauwens Martha
Doornveld 29 
9300 Aalst
UA107303    
FFX360
CITROEN BX
A: Personenauto
01  04  2004
07  04  2004

Voorlopige groene kaart, 0145 Generali Belgium op 01/04/2004 11:29:42
Bauwens Martha
Doornveld 29 
9300 Aalst
UA107303    
FFX360
CITROEN BX
A: Personenauto
01  04  2004
07  04  2004

Voorlopige groene kaart, 0196 Naviga - Mauretus op 02/04/2004 18:39:04
Troffaes Nicola
Mespelarestraat 40 
9200 Mespelare               
942977      
VTHSDRIFB2H184774
DERBI SDR
D: Bromfiets
05 04 2004
01 06 2004

Voorlopige groene kaart, 0039 Axa Belgium op 05/04/2004 12:50:31
De Brul Frans
Bosveld 4 A
9300 Aalst
690738972   
ARB655
B.M.W. 
A: Personenauto
05/04/2004
04/06/2004

Voorlopige groene kaart, 0196 Naviga - Mauretus op 06/04/2004 15:50:43
Van Boven Bart
Rozendreef 169 Bus 16    
9300 Aalst
6229583     
WVWZZZ1GZKW489612
 VOLKSWAGEN GOLF
A: Personenauto
06 04 2004
05 06 2004

Voorlopige groene kaart, 0196 Naviga - Mauretus op 06/04/2004 15:50:47
Van Boven Bart
Rozendreef 169 Bus 16    
9300 Aalst
6229583     
WVWZZZ1GZKW489612
 VOLKSWAGEN GOLF
A: Personenauto
06 04 2004
05 06 2004

Voorlopige groene kaart, 0196 Naviga - Mauretus op 06/04/2004 17:39:39
Scheerlinckx Gert
Rooien 47B  
9280 Wieze
6194466     
HSX098
RENAULT Mégane Grandtour
A: Personenauto
07 04 2004
05 06 2004

Voorlopige groene kaart, 0196 Naviga - Mauretus op 06/04/2004 18:52:30
Scheerlinckx Gert
Rooien 47B  
9280 Wieze
6194466     
HSX098
RENAULT Mégane Grandtour
A: Personenauto
07 04 2004
05 06 2004

Voorlopige groene kaart, 0039 Axa Belgium op 15/04/2004 12:08:50
Van Impe Estella  
Hofstraat 12    
9470 Denderleeuw
690419948   
9TG00
RENAULT CLIO
A: Personenauto
16/04/2004
01/05/2004

Voorlopige groene kaart, 0196 Naviga - Mauretus op 16/04/2004 19:11:55
De Wolf Clement
Loddershoekstraat 15  
1741 Wambeek                 
6213019     
EDA407
FORD FOCUS 
A: Personenauto
19 04 2004
15 06 2004

Voorlopige groene kaart, 0145 Generali Belgium op 19/04/2004 15:11:18
Van Den Brempt Etienne
Huilaart 42  
9260 Serskamp
GA342098    
RUN130
SUZUKI SWIFT
A: Personenauto
19  04  2004
18  06  2004

Voorlopige groene kaart, 0196 Naviga - Mauretus op 20/04/2004 09:08:42
Van Boven Bart
Rozendreef 169 Bus 16    
9300 Aalst
6229583     
WVWZZZ1GZKW489612
VOLKSWAGEN GOLF 
A: Personenauto
06 04 2004
21 04 2004

Voorlopige groene kaart, 0039 Axa Belgium op 22/04/2004 13:16:15
Van Impe Estella  
Hofstraat 12    
9470 Denderleeuw
690419948   
9TG00
RENAULT CLIO
A: Personenauto
22/04/2004
21/06/2004

Voorlopige groene kaart, 0039 Axa Belgium op 22/04/2004 18:53:47
Huylebroeck Lutgarde
Mespelarestraat 40  
9200 Mespelare
690779673   
DGV395
MINI COOPER S
A: Personenauto
23/04/2004
21/06/2004

Voorlopige groene kaart, 0145 Generali Belgium op 23/04/2004 17:45:09
Bauwens Martha
Doornveld 29 
9300 Aalst
UA107303    
FFX360
CITROEN BX
A: Personenauto
23  04  2004
22  06  2004

Voorlopige groene kaart, 0196 Naviga - Mauretus op 23/04/2004 18:03:14
Van Boven Bart
Rozendreef 169 Bus 15    
9300 Aalst
6229583     
HMM171
VOLKSWAGEN GOLF 
A: Personenauto
23 04 2004
22 06 2004

Voorlopige groene kaart, 0196 Naviga - Mauretus op 27/04/2004 14:37:16
Bruyland Toon
Broekstraat 32A    
9310 Herdersem
5024827     
MIZ043
HONDA
B: Motorfiets
28 04 2004
26 06 2004

Voorlopige groene kaart, 0145 Generali Belgium op 13/05/2004 17:33:52
De Man Peter
Beekkant 1  
9310 Herdersem
GA330009    
REZ379
PEUGEOT BOXER
C: Vrachtwagen of Trekker
13  05  2004
12  06  2004

Voorlopige groene kaart, 0196 Naviga - Mauretus op 13/05/2004 17:36:35
Vinck Danny
Drapstraat 2  
9308 Gijzegem                
6199530     
PWP550
B.M.W. 325 
A: Personenauto
14 05 2004
12 06 2004

Voorlopige groene kaart, 0145 Generali Belgium op 13/05/2004 17:38:27
Vinck Danny
Drapstraat 2  
9308 Gijzegem                
GA209547    
PWP327
NISSAN 
C: Vrachtwagen of Trekker
14  05  2004
12  06  2004

Voorlopige groene kaart, 0145 Generali Belgium op 13/05/2004 17:39:05
Vinck Danny
Drapstraat 2  
9308 Gijzegem                
GA209547    
PWP327
NISSAN 
C: Vrachtwagen of Trekker
14  05  2004
12  06  2004

Voorlopige groene kaart, 0039 Axa Belgium op 14/05/2004 14:56:19
BEECKMAN JORIS
Houtemstraat 112  
9552 Borsbeke                
618396258   
BJJ559
MERCEDES VIANO CD 
A: Personenauto
17/05/2004
13/06/2004

Voorlopige groene kaart, 0196 Naviga - Mauretus op 14/05/2004 15:23:55
Vinck Danny
Drapstraat 2  
9308 Gijzegem                
6199530     

 
A: Personenauto
14 05 2004
13 07 2004

Voorlopige groene kaart, 0039 Axa Belgium op 19/05/2004 11:38:22
Borloo Ilse
Peehoopstraat  87  
1770 Liedekerke              
618896788   
NFI048
RENAULT CLIO 
A: Personenauto
19/05/2004
18/07/2004

Voorlopige groene kaart, 0145 Generali Belgium op 28/05/2004 13:30:22
Coppens Herman  
Kerkstraat 115    
9473 Welle
ZA868385
JT153EEB100028336
TOYOTA COROLLA 
A: Personenauto
01  06  2004
27  07  2004

Voorlopige groene kaart, 0039 Axa Belgium op 01/06/2004 18:19:59
De Sutter Peter 
Deeskensveld 16   
9451 Kerksken
690443146   
AJJ330
FORD GALAXY 
A: Personenauto
03/06/2004
31/07/2004

Voorlopige groene kaart, 0145 Generali Belgium op 04/06/2004 12:28:23
Van De Velde Roger
Bleienpark 37  
9200 Oudegem
GA137657    
ALR915
JAGUAR X-TYPE 2.0D
A: Personenauto
04  06  2004
03  08  2004

Voorlopige groene kaart, 0039 Axa Belgium op 04/06/2004 12:30:40
De Brul Frans
Bosveld 4 A
9300 Aalst
690738972   

 
A: Personenauto
10/04/2004
30/08/2005

Voorlopige groene kaart, 0039 Axa Belgium op 04/06/2004 12:31:44
De Brul Frans
Bosveld 4 A
9300 Aalst
690738972   
ARB655
BMW 318 
A: Personenauto
10/04/2004
30/08/2005

Voorlopige groene kaart, 0039 Axa Belgium op 04/06/2004 12:33:32
De Brul Frans
Bosveld 4 A
9300 Aalst
618416163   
CSG567
FIAT 
A: Personenauto
09/08/2003
30/08/2004

Voorlopige groene kaart, 0039 Axa Belgium op 07/06/2004 09:14:44
De Clerck Jozef  
Eerdegemstraat 49    
9310 Baardegem
690032973   
WVWZZZ6NZTW083763
VOLKSWAGEN POLO
A: Personenauto
07/06/2004
06/08/2004

Voorlopige groene kaart, 0039 Axa Belgium op 07/06/2004 15:30:53
Van Den Abbeele Marcel  
Popperodedries 9    
9300 Aalst
617815273   
WOL000087NV185199
OPEL VECTRA 
A: Personenauto
11/06/2004
31/07/2004

Voorlopige groene kaart, 0039 Axa Belgium op 08/06/2004 16:48:59
Van Impe Estella  
Hofstraat 12    
9470 Denderleeuw
690419948   
9TG00
RENAULT CLIO
A: Personenauto
24/04/2004
30/11/2004

Voorlopige groene kaart, 0145 Generali Belgium op 08/06/2004 16:54:34
Bruyland Godelieve
Evangeliestraat 107  
9220 Hamme (o.-vl.)
GA440753    
HIQ117
VOLKSWAGEN GOLF
A: Personenauto
12  06  2004
12  07  2004

Voorlopige groene kaart, 0145 Generali Belgium op 17/06/2004 14:15:40
Coppens Herman  
Kerkstraat 115    
9473 Welle
GA493792
RFI766
TOYOTA COROLLA 
A: Personenauto
01  06  2004
30  06  2005

Voorlopige groene kaart, 0039 Axa Belgium op 21/06/2004 16:57:48
Vercauteren Johan
Rosstraat 137  
9200 Baasrode
690516068   
EZV692
Citroên Jumper
C: Vrachtwagen of Trekker
23/06/2004
20/08/2004

Voorlopige groene kaart, 0196 Naviga - Mauretus op 21/06/2004 18:12:22
Klinckaert Ivan
Leopoldlaan 55  
9300 Aalst
6220870     
AUD144
TOYOTA RAV4
A: Personenauto
22 06 2004
20 08 2004

Voorlopige groene kaart, 0196 Naviga - Mauretus op 23/06/2004 19:04:20
Tilley Karel
Broekstraat 31  
9310 Herdersem
6193789     
RFS022
CITROEN XSARA
A: Personenauto
25 06 2004
22 08 2004

Voorlopige groene kaart, 0145 Generali Belgium op 24/06/2004 10:47:02
Van Immerzeele Johan
Peperstraat 1 
9550 Herzele                 
GA465677    
KMX530
MAZDA 
A: Personenauto
16  06  2004
23  08  2004

Voorlopige groene kaart, 0145 Generali Belgium op 24/06/2004 14:25:29
Callebaut Sandra
Pontweg 96  
9310 Herdersem               
GA469247    
LGM223
OPEL ASTRA
A: Personenauto
26  06  2004
23  08  2004

Voorlopige groene kaart, 0145 Generali Belgium op 28/06/2004 12:17:42
Deprey Noëlla
Axelwalle 19    
9700 Heurne                  
GA477974    
AVP902
FORD 
A: Personenauto
09  11  2003
30  11  2004

Voorlopige groene kaart, 0196 Naviga - Mauretus op 1/07/2004 12:11:39
Buggenhout Paul
Broekstraat 31  
9310 Herdersem
6190450     
CKB664
CITROEN XSARA
A: Personenauto
01 07 2004
30 08 2004

Voorlopige groene kaart, 0196 Naviga - Mauretus op 1/07/2004 12:14:11
Tilley Karel
Broekstraat 31  
9310 Herdersem
6193789     
RFS022
CITROEN SAXO
A: Personenauto
01 07 2004
30 08 2004

Voorlopige groene kaart, 0145 Generali Belgium op 05/07/2004 11:41:05
De Groot Hubert
Ringlaan 99  
9470 Denderleeuw
GA118292    
DJ043
CITROEN XSARA
A: Personenauto
05  07  2004
03  09  2004

Voorlopige groene kaart, 0145 Generali Belgium op 06/07/2004 11:35:32
Bruyland Godelieve
Evangeliestraat 107  
9220 Hamme (o.-vl.)
GA421928    
LFR469
FORD FOCUS 
A: Personenauto
07  07  2004
04  09  2004

Voorlopige groene kaart, 0145 Generali Belgium op 06/07/2004 16:02:47
Vinck Danny
Drapstraat 2  
9308 Gijzegem                
GA209547    
PWP327
NISSAN URVAN 
C: Vrachtwagen of Trekker
21  05  2004
30  11  2004

Voorlopige groene kaart, 0145 Generali Belgium op 06/07/2004 16:03:20
Vinck Danny
Drapstraat 2  
9308 Gijzegem                
GA209547    
PWP327
NISSAN URVAN 
C: Vrachtwagen of Trekker
21  05  2004
30  11  2004

Voorlopige groene kaart, 0039 Axa Belgium op 08/07/2004 10:22:33
Van Den Abbeele Marcel  
Popperodedries 9    
9300 Aalst
617815273   
S8858
OPEL MERIVA 
A: Personenauto
08/07/2004
06/09/2004

Voorlopige groene kaart, 0196 Naviga - Mauretus op 15/07/2004 13:58:23
Van De Vondel Antoin
Heikantstraat 36C    
9290 Overmere
NZ 904737
PC024003505
HONDA 
B: Motorfiets
19 07 2004
19 08 2004

Voorlopige groene kaart, 0196 Naviga - Mauretus op 29/07/2004 13:34:39
Van Den Steen Johan 
Grote Baan 190  
9310 Herdersem               
6191011     
NXD623
OPEL ASTRA 1400 16V
A: Personenauto
28 06 2004
11 01 2005

Voorlopige groene kaart, 0039 Axa Belgium op 18/08/2004 12:36:08
Everaert Jozef 
Eegene 143   
9200 Schoonaarde
690767829   
B1622
MITSUBISHI SPACE STAR 
A: Personenauto
19/08/2004
17/10/2004

Voorlopige groene kaart, 0039 Axa Belgium op 18/08/2004 12:36:18
Everaert Jozef 
Eegene 143   
9200 Schoonaarde
690767829   
B1622
MITSUBISHI SPACE STAR 
A: Personenauto
19/08/2004
17/10/2004

Voorlopige groene kaart, 0145 Generali Belgium op 27/08/2004 15:54:00
De Meersman Jeanine
Pontweg 96    
9310 Herdersem
GA474644    
LEX248
OPEL ASTRA 
A: Personenauto
28  08  2004
28  10  2004

Voorlopige groene kaart, 0196 Naviga - Mauretus op 01/09/2004 16:24:55
Scheerlinkx Guy  
Krekelstraat 13    
9300 Aalst
6222746     
VF35FKFXE60243788
PËUGEOT PARTNER 
A: Personenauto
01 09 2004
30 09 2004

Voorlopige groene kaart, 0196 Naviga - Mauretus op 14/09/2004 18:41:08
Leys Peter
Spoorwegstraat 45  
9550 Herzele
6179082     
FCB807
BMW 525 
A: Personenauto
15 09 2004
13 11 2004

Voorlopige groene kaart, 0145 Generali Belgium op 22/09/2004 10:33:52
De Wolf Frans  
Baatmeers 14  
9310 Herdersem
GA266936    
HJHJHJ
OOOO 
A: Personenauto
22  09  2004
21  11  2004

Voorlopige groene kaart, 0145 Generali Belgium op 22/09/2004 10:44:52
De Wolf Frans  
Baatmeers 14  
9310 Herdersem
GA266936    
UUU666
FDGFDJK 
A: Personenauto
22  09  2004
21  11  2004

Voorlopige groene kaart, 0145 Generali Belgium op 22/09/2004 10:51:41
De Wolf Frans  
Baatmeers 14  
9310 Herdersem
GA266936    
FGFDFD
 FGFDGFD
A: Personenauto
22  09  2004
21  11  2004

Voorlopige groene kaart, 0145 Generali Belgium op 22/09/2004 12:29:00
De Wolf Frans  
Baatmeers 14  
9310 Herdersem
GA266936    
CPB802
NISSAN 
A: Personenauto
22  09  2004
23  09  2004

Voorlopige groene kaart, 0145 Generali Belgium op 23/09/2004 15:35:01
De Wolf Frans  
Baatmeers 14  
9310 Herdersem
GA266936    
CPB802
NISSAN PRIMERA
A: Personenauto
23  09  2004
22  11  2004

Voorlopige groene kaart, 0196 Naviga - Mauretus op 27/09/2004 14:45:31
Scheerlinkx Guy  
Krekelstraat 13    
9300 Aalst
6222746     
JCZ110
RENAULT 
A: Personenauto
27 09 2004
26 11 2004

Voorlopige groene kaart, 0039 Axa Belgium op 28/09/2004 9:31:43
Waeterloos Chantal
Capucienenlaan 37    
9300 Aalst
690799875   
FKT566
NISSAN MICRA
A: Personenauto
28/09/2004
27/11/2004

Voorlopige groene kaart, 0039 Axa Belgium op 28/09/2004 9:31:55
Waeterloos Chantal
Capucienenlaan 37    
9300 Aalst
690799875   
FKT566
NISSAN MICRA
A: Personenauto
28/09/2004
27/11/2004

Voorlopige groene kaart, 0196 Naviga - Mauretus op 3/11/2004 9:51:27
Moens Ludwig
Perklaan 23  
3390 Sint-joris-winge
NZ904737  
SSH073
CITROEN SAXO
A: Personenauto
04 11 2004
02 01 2005

Voorlopige groene kaart, 0145 Generali Belgium op 3/11/2004 10:24:14
Walraevens Lucia  
Hoefsmidstraat 45    
1840 Malderen                
GA308009    
GBF205
CHEVROLET
C: Vrachtwagen of Trekker
03  11  2004
15  01  2005

Voorlopige groene kaart, 0145 Generali Belgium op 3/11/2004 18:55:15
Walraevens Lucia  
Hoefsmidstraat 45    
1840 Malderen                
GA308009    
GBF205
CHEVROLET 
A: Personenauto
01  01  2004
15  01  2005

Voorlopige groene kaart, 0145 Generali Belgium op 3/11/2004 19:10:38
Walraevens Lucia  
Hoefsmidstraat 45    
1840 Malderen                
GA308009    
GBF205
CHEVROLET 
C: Vrachtwagen of Trekker
01  01  2004
02  01  2005

Voorlopige groene kaart, 0145 Generali Belgium op 14/12/2004 17:23:05
Roelandt Maria
Doolhofstraat 6  
9300 Aalst
GA390920    
BSI568
MAZDA 2 
A: Personenauto
16  12  2004
12  02  2005

Voorlopige groene kaart, 0145 Generali Belgium op 14/12/2004 17:23:51
Roelandt Maria
Doolhofstraat 6  
9300 Aalst
GA390920    
BSI568
MAZDA 2 
A: Personenauto
16  12  2004
12  02  2005

Voorlopige groene kaart, 0145 Generali Belgium op 14/12/2004 17:24:31
Roelandt Maria
Doolhofstraat 6  
9300 Aalst
GA390920    
BSI568
MAZDA 2 
A: Personenauto
16  12  2004
12  02  2005

Voorlopige groene kaart, 0145 Generali Belgium op 31/12/2004 11:12:44
Van Geert Gretel
Herdersem-Dorp 18  
9310 Herdersem
GA325018    
SSL1T/0174458
PIAGGIO ZIP 25 
A: Personenauto
01  01  2005
31  01  2005

Voorlopige groene kaart, 0145 Generali Belgium op 19/01/2005 18:21:32
Roelandt Hedwig&Vermoesen Jos  
Kouterbaan 25  
9310 Herdersem
GA146319    

 
A: Personenauto
19  01  2005
20  03  2005

Voorlopige groene kaart, 0039 Axa Belgium op 20/01/2005 10:05:04
Roelandt Hedwig&Vermoesen Jos  
Kouterbaan 25  
9310 Herdersem
690298031   

 
A: Personenauto
20/01/2005
21/03/2005

Voorlopige groene kaart, 0039 Axa Belgium op 20/01/2005 10:06:35
Roelandt Hedwig&Vermoesen Jos  
Kouterbaan 25  
9310 Herdersem
690298031   

 
A: Personenauto
20/01/2005
21/03/2005

Voorlopige groene kaart, 0039 Axa Belgium op 20/01/2005 10:07:25
Roelandt Hedwig&Vermoesen Jos  
Kouterbaan 25  
9310 Herdersem
690298031   

 
A: Personenauto
20/01/2005
21/03/2005

Voorlopige groene kaart, 0039 Axa Belgium op 20/01/2005 10:07:54
Roelandt Hedwig&Vermoesen Jos  
Kouterbaan 25  
9310 Herdersem
690298031   

 
A: Personenauto
20/01/2005
21/03/2005

Voorlopige groene kaart, 0196 Naviga - Mauretus op 20/01/2005 10:10:13
Borloo Ilse
Peehoopstraat  84  
1770 Liedekerke              
6222050     
KMW391
HYUNDAI TRAJET 
A: Personenauto
01 01 2005
15 07 2005

Voorlopige groene kaart, 0039 Axa Belgium op 24/01/2005 15:35:28
De Bolle Jozef  
Kouterbaan 30a    
9310 Herdersem
600146084   
RA524
FORD ESCORT 
A: Personenauto
01/01/2005
31/12/2005

Voorlopige groene kaart, 0039 Axa Belgium op 24/01/2005 15:36:23
De Bolle Jozef  
Kouterbaan 30a    
9310 Herdersem
600146084   
RA524
FORD ESCORT 
A: Personenauto
01/01/2005
31/12/2005

Voorlopige groene kaart, 0145 Generali Belgium op 25/01/2005 15:33:53
Bruyland Leon  
Gudstraat 41    
9310 Herdersem
GA117042    
332Z8
MERCEDES C 200
A: Personenauto
25  01  2005
26  03  2005

Voorlopige groene kaart, 0145 Generali Belgium op 25/01/2005 15:34:42
Bruyland Leon  
Gudstraat 41    
9310 Herdersem
GA117042    
332Z8
MERCEDES C 200
A: Personenauto
25  01  2005
26  03  2005

Voorlopige groene kaart, 0145 Generali Belgium op 25/01/2005 15:35:50
Bruyland Leon  
Gudstraat 41    
9310 Herdersem
GA117042    
332Z8
MERCEDES C 200
A: Personenauto
25  01  2005
26  03  2005

Voorlopige groene kaart, 0145 Generali Belgium op 25/01/2005 15:36:34
Bruyland Leon  
Gudstraat 41    
9310 Herdersem
GA117042    
332Z8
MERCEDES C 200
A: Personenauto
25  01  2005
26  03  2005

Voorlopige groene kaart, 0196 Naviga - Mauretus op 26/01/2005 16:00:48
Leys Roland
Schrovestraat 58  
9280 Wieze
6222025     
PFY375
PEUGEOT PARTNER 
A: Personenauto
27 01 2005
27 03 2005

Voorlopige groene kaart, 0145 Generali Belgium op 27/01/2005 16:41:57
Tavernier Nele
Steenbergstraat 62A  
9520 Zonnegem                
GA484867    
NUI448
SUBARY JUSTY 
A: Personenauto
27  01  2005
02  02  2005

Voorlopige groene kaart, 0145 Generali Belgium op 31/01/2005 18:35:17
De Waegeneer Martine
Bergemeersenstraat 40  
9300 Aalst                   
08626600    
VGAT057AB00000904
PEUGEOT T057SA FOX 
D: Bromfiets
01  01  2005
31  12  2005

Voorlopige groene kaart, 0145 Generali Belgium op 10/02/2005 15:29:12
De Ridder Jan
Desire De Wolfstraat 13  
9300 Aalst
GA279459    
ERE914
MAZDA MPV 
A: Personenauto
10  02  2005
11  04  2005

Voorlopige groene kaart, 0145 Generali Belgium op 21/02/2005 16:26:37
D'Hondt Mario  
Herdersem-Dorp 18  
9310 Herdersem
GA325018    
SSL1T/0174458
PIAGGIO ZIP 25 
D: Bromfiets
01  01  2005
31  12  2005

Voorlopige groene kaart, 0145 Generali Belgium op 21/02/2005 16:27:47
D'Hondt Mario  
Herdersem-Dorp 18  
9310 Herdersem
GA325018    
SSL1T/0174458
PIAGGIO ZIP 25 
D: Bromfiets
01  01  2005
31  12  2005

Voorlopige groene kaart, 0196 Naviga - Mauretus op 28/02/2005 9:51:10
Van Vaerenbergh Roland
Ronsevaaldreef 15  
9320 Erembodegem
6211116     
CCP983
TOYOTA 
A: Personenauto
01 06 2004
15 07 2005

Voorlopige groene kaart, 0196 Naviga - Mauretus op 28/02/2005 9:52:52
Van Vaerenbergh Roland
Ronsevaaldreef 15  
9320 Erembodegem
6211116     
CCP983
TOYOTA 
A: Personenauto
01 06 2004
15 07 2005

Voorlopige groene kaart, 0196 Naviga - Mauretus op 02/03/2005 9:44:52
Van Den Abbeele Jozef
Botermelkstraat 42  
9300 Aalst
6222024     
CZZ061
OPEL ASTRA 
A: Personenauto
05 03 2005
05 05 2005

Voorlopige groene kaart, 0196 Naviga - Mauretus op 02/03/2005 9:46:00
Van Den Abbeele Jozef
Botermelkstraat 42  
9300 Aalst
6222024     
CZZ061
OPEL ASTRA 
A: Personenauto
05 03 2005
05 05 2005

Voorlopige groene kaart, 0145 Generali Belgium op 03/03/2005 17:05:39
Buys Myriam
Meersstraat 123  
1840 Londerzeel
GA472777    
LQE052
PEUGEOT 206 
A: Personenauto
03  03  2005
02  05  2005

Voorlopige groene kaart, 0196 Naviga - Mauretus op 04/03/2005 10:04:57
Lauwerys Björn
Landuitstraat 64  
9470 Denderleeuw
6212817     
BAA453
CITROEN 
A: Personenauto
04 03 2005
03 05 2005

Voorlopige groene kaart, 0096 Mercator Verzekeringen op 16/03/2005 10:46:48
Van Keymeulen Chris
Anjerstraat 40  
9308 Hofstade (o.-vl.)       
8026759     
MIG507
HARLEY DAVIDSON 
B: Motorfiets
19  03  2005
15  05  2005

Voorlopige groene kaart, 0096 Mercator Verzekeringen op 16/03/2005 10:48:12
Van Keymeulen Chris
Anjerstraat 40  
9308 Hofstade (o.-vl.)       
8026759     
MIG507
HARLEY DAVIDSON 
B: Motorfiets
19  03  2005
15  05  2005

Voorlopige groene kaart, 0096 Mercator Verzekeringen op 17/03/2005 14:58:48
Van Keymeulen Chris
Anjerstraat 40  
9308 Hofstade (o.-vl.)       
8026759     
MIG507
HARLEY DAVIDSON 
A: Personenauto
18  03  2005
16  05  2005

Voorlopige groene kaart, 0096 Mercator Verzekeringen op 17/03/2005 14:59:51
Van Keymeulen Chris
Anjerstraat 40  
9308 Hofstade (o.-vl.)       
8026759     
MIG507
HARLEY DAVIDSON 
B: Motorfiets
18  03  2005
16  05  2005

Voorlopige groene kaart, 0145 Generali Belgium op 04/05/2005 17:10:50

Voorlopige groene kaart, 0145 Generali Belgium op 24/05/2005 15:00:07

Voorlopige groene kaart, 0145 Generali Belgium op 24/05/2005 15:03:29
De Brabanter Marie-Jeanne  
Broekstraat 45    
9473 Welle
06332470    

 
A: Personenauto
24  05  2005
23  07  2005

Voorlopige groene kaart, 0145 Generali Belgium op 24/05/2005 15:04:43
De Brabanter Marie-Jeanne  
Broekstraat 45    
9473 Welle
06332470    
BZE123
FORD FIESTA 
A: Personenauto
30  05  2005
30  06  2005

Voorlopige groene kaart, 0196 Naviga - Mauretus op 28/07/2005 11:00:05

Voorlopige groene kaart, 0196 Naviga - Mauretus op 02/09/2005 15:07:34
Tombeur Peter
Koekeroel 55  
9310 Herdersem
6190734     
TPC551
OPEL ASTRA 
A: Personenauto
01 10 2004
15 10 2005

Voorlopige groene kaart, 0145 Generali Belgium op 05/09/2005 12:19:02
BUYS MYRIAM
MEERSTRAAT 123
1840 LONDERZEEL           
GA472777
LQE052
PEUGEOT 206
A: Personenauto
10  08  2005
10  10  2005

Voorlopige groene kaart, 0196 Naviga - Mauretus op 16/08/2006 13:59:24
Dooremont Emile
Doornveld 21 
9300 Aalst
1P289033    

HONDA AB25
A: Personenauto
16 08 2006
15 10 2006

Voorlopige groene kaart, 0196 Naviga - Mauretus op 26/09/2006 11:45:48
Janssens Rudi  
Baatmeers 15  
9310 Herdersem
6190334     

 
A: Personenauto
01 06 2006
15 06 2007

Voorlopige groene kaart, 0196 Naviga - Mauretus op 26/09/2006 11:48:43
Janssens Rudi  
Baatmeers 15  
9310 Herdersem
6190334     
EAC138
MITSUBISHI 
A: Personenauto
01 06 2006
15 06 2007

Voorlopige groene kaart, 0079 Fortis (AG) op 17/10/2006 11:09:10
Van Damme Jan
Botermelkstraat 180  
9300 Aalst
27242359    

 
A: Personenauto
17  10  2006
16  12  2006

Voorlopige groene kaart, 0079 Fortis (AG) op 17/10/2006 11:41:46
Van Damme Jan
Botermelkstraat 180  
9300 Aalst
27242359    

 
A: Personenauto
17  10  2006
16  12  2006

Voorlopige groene kaart, 0079 Fortis (AG) op 17/10/2006 11:51:40
Van Damme Jan
Botermelkstraat 180  
9300 Aalst
27242359    

 
A: Personenauto
17  10  2006
16  12  2006

Voorlopige groene kaart, 0079 Fortis (AG) op 17/10/2006 11:54:59
Van Damme Jan
Botermelkstraat 180  
9300 Aalst
27242359    

 
A: Personenauto
17  10  2006
16  12  2006

Voorlopige groene kaart, 0079 Fortis (AG) op 17/10/2006 11:57:22
Van Damme Jan
Botermelkstraat 180  
9300 Aalst
27242359    

 
A: Personenauto
17  10  2006
16  12  2006

Voorlopige groene kaart, 0079 Fortis (AG) op 17/10/2006 12:00:31
Van Damme Jan
Botermelkstraat 180  
9300 Aalst
27242359    

 
A: Personenauto
17  10  2006
16  12  2006

Voorlopige groene kaart, 0079 Fortis (AG) op 17/10/2006 12:02:23
Van Damme Jan
Botermelkstraat 180  
9300 Aalst
27242359    
dfdsqs
dfdssqfdsfsd
A: Personenauto
17  10  2006
16  12  2006

Voorlopige groene kaart, 0079 Fortis (AG) op 17/10/2006 12:09:21
Van Damme Jan
Botermelkstraat 180  
9300 Aalst
27242359    
dfdsqs
dfdssqfdsfsd
A: Personenauto
17  10  2006
16  12  2006

Voorlopige groene kaart, 0079 Fortis (AG) op 17/10/2006 12:09:43
Van Damme Jan
Botermelkstraat 180  
9300 Aalst
27242359    
dfdsqs
dfdssqfdsfsd
A: Personenauto
17  10  2006
16  12  2006

Voorlopige groene kaart, 0079 Fortis (AG) op 17/10/2006 12:13:50
Van Damme Jan
Botermelkstraat 180  
9300 Aalst
27242359    

 
A: Personenauto
17  10  2006
16  12  2006

Voorlopige groene kaart, 0079 Fortis (AG) op 17/10/2006 12:14:24
Van Damme Jan
Botermelkstraat 180  
9300 Aalst
27242359    

 
A: Personenauto
17  10  2006
16  12  2006

Voorlopige groene kaart, 0079 Fortis (AG) op 17/10/2006 12:14:36
Van Damme Jan
Botermelkstraat 180  
9300 Aalst
27242359    

 
A: Personenauto
17  10  2006
16  12  2006

Voorlopige groene kaart, 0079 Fortis (AG) op 17/10/2006 12:16:06
Van Damme Jan
Botermelkstraat 180  
9300 Aalst
27242359    
WM763
TOYOTA YARIS 
A: Personenauto
17  10  2006
16  12  2006

Voorlopige groene kaart, 0145 Generali Belgium op 20/10/2006 12:04:37

Voorlopige groene kaart, 0145 Generali Belgium op 20/10/2006 12:14:37
Willems Urbain  
Kouterbaan 72B    
9310 Herdersem
ZA906462
VTZ652
ALFA ROMEO BRERA 
A: Personenauto
20  10  2006
19  12  2006

Voorlopige groene kaart, 0145 Generali Belgium op 17/11/2006 14:00:37
De Rocker Cindy  
Rozenlaan 11    
1080 Sint Gillis Dendermonde
ZA907821    
VXC120
HONDA CIVIC
A: Personenauto
17  11  2006
16  12  2006

Voorlopige groene kaart, 0145 Generali Belgium op 17/11/2006 14:04:48
De Rocker Cindy  
Rozenlaan 11    
1080 Sint Gillis Dendermonde
ZA907821    
VXC120
HONDA CIVIC
A: Personenauto
17  11  2006
16  12  2006

Voorlopige groene kaart, 0096 Mercator Verzekeringen op 21/11/2006 11:58:16
Raemdonck Andre  
Kloosterstraat 2    
9200 Baasrode
8501138     
HEH684
TOYOTA COROLLA
A: Personenauto
21  11  2006
15  11  2007

Voorlopige groene kaart, 0145 Generali Belgium op 21/11/2006 12:10:35
Sergeant Regina
Hofstraat 49 Bus 3    
9200 Oudegem                 
GA541922    
VXH578
TOYOTA COROLLA
A: Personenauto
21  11  2006
20  12  2006

Voorlopige groene kaart, 0145 Generali Belgium op 21/11/2006 12:11:04
Sergeant Regina
Hofstraat 49 Bus 3    
9200 Oudegem                 
GA541922    
VXH578
TOYOTA COROLLA
A: Personenauto
21  11  2006
20  12  2006

Voorlopige groene kaart, 0145 Generali Belgium op 22/11/2006 12:18:10
Sergeant Regina
Hofstraat 49 Bus 3    
9200 Oudegem                 
GA541922    
VXH578
ROVER 620
A: Personenauto
21  11  2006
01  12  2006

Voorlopige groene kaart, 0145 Generali Belgium op 30/11/2006 20:49:44
Wellekens Kurt
Driehoekstraat 23A  
9320 Erembodegem
ZA908365    
VXX146
FIAT PUNTO
A: Personenauto
01  12  2006
01  01  2007

Voorlopige groene kaart, 0196 Nateus op 15/12/2006 18:59:23
Van Vaerenbergh Roland
Ronsevaaldreef 56  
9320 Erembodegem
6211116     
CCP983
TOYOTA COROLLA VERSO
A: Personenauto
16 12 2006
13 01 2007

Voorlopige groene kaart, 0145 Generali Belgium op 18/12/2006 18:26:19
Put Marie-Paule
Koekeroel 55  
9310 Herdersem               
GA535167    
VMT618
FORD PUMA 
A: Personenauto
18  12  2006
16  01  2007

Voorlopige groene kaart, 0196 Nateus op 21/12/2006 16:41:42
Van Buggenhout Geert
Huytstraat 15    
9450 Haaltert                
1P224250    
THL932
VOLKSWAGEN JETTA
A: Personenauto
22 12 2006
01 07 2007

Voorlopige groene kaart, 0096 Mercator Verzekeringen op 22/12/2006 9:43:14
Van Der Stockt Robert  
Grote Baan 27    
9310 Herdersem
8558722     
VH840BBC000010395
LIGIER 505
D: Bromfiets
22  12  2006
20  02  2007

Voorlopige groene kaart, 0196 Nateus op 04/01/2007 18:02:21
Schoonjans Hilde
Wortelland 2  
9300 Aalst
NZ 4737   
JTDJG12C10N127856
TOYOTA AYGO 
A: Personenauto
05 01 2007
05 02 2007

Voorlopige groene kaart, 0145 Generali Belgium op 04/01/2007 18:34:26
Bal Daisy
Merchtemsesteenweg 7 B.1    
1861 Wolvertem               
GA532000    
VID058
PEUGEOT 207
A: Personenauto
05  01  2007
05  02  2007

Voorlopige groene kaart, 0096 Mercator Verzekeringen op 19/01/2007 17:42:51
Claessens Guy  
Termurenlaan 17/4
9320 Erembodegem
8927595     
EEP034
TOYOTA COROLLA 
A: Personenauto
19  01  2007
20  03  2007

Voorlopige groene kaart, 0196 Nateus op 29/01/2007 9:43:23
Wellemans Wendy
Edschoolstraat 16
9230 Wetteren
1P291048    
TQX611
Volkswagen GOLF 
A: Personenauto
29 01 2007
30 03 2007

Voorlopige groene kaart, 0196 Nateus op 29/01/2007 9:52:44
Wellemans Wendy
Edschoolstraat 16
9230 Wetteren
1P291048    
TQX611
Volkswagen GOLF 
A: Personenauto
29 01 2007
30 03 2007

Voorlopige groene kaart, 0145 Generali Belgium op 28/02/2007 20:34:05
Sico  
Baron Romain Moyersoenpark 28  
9300 Aalst
GA260668    
HSY161
BMW X5 
A: Personenauto
01  03  2007
01  04  2007

Voorlopige groene kaart, 0196 Nateus op 01/03/2007 17:50:24
D'Herde Steven
Aartstraat 39  
9310 Herdersem               
6226713     
RFJ559
SEAT CORDOBA 
A: Personenauto
15 02 2007
29 02 2008

Voorlopige groene kaart, 0196 Nateus op 12/03/2007 9:46:57
Verdickt Björn
Kruisweg 7  
1840 Londerzeel              
1P246559    
LQE052
RENAULT MEGANE 
A: Personenauto
07 03 2007
11 04 2007
