************************************************************
marIntegraal
Aangemaakt: 29/05/2002 12:06:46
************************************************************

"29/05/2002 12:06:46","DEFAULT","Login","Met succes"
"29/05/2002 12:06:51","DEFAULT","Logout","Met Succes"
"30/07/2002 11:34:13","DEFAULT","Login","Met succes"
"30/07/2002 11:35:03","DEFAULT","Logout","Met Succes"
"30/07/2002 13:31:29","DEFAULT","Login","Met succes"
"30/07/2002 13:31:47","DEFAULT","Logout","Met Succes"
"08/10/2002 20:51:52","DEFAULT","Login","Met succes"
"08/10/2002 20:52:05","DEFAULT","Logout","Met Succes"
"09/10/2002 12:16:37","DEFAULT","Login","Met succes"
"09/10/2002 12:16:42","DEFAULT","Logout","Met Succes"
"09/10/2002 19:10:39","DEFAULT","Login","Met succes"
"09/10/2002 19:10:43","DEFAULT","Logout","Met Succes"
"09/10/2002 19:10:50","NO_USER","Login","Zonder succes"
"09/10/2002 19:10:52","DEFAULT","Login","Met succes"
"09/10/2002 19:10:55","DEFAULT","Logout","Met Succes"
"09/10/2002 19:11:30","DEFAULT","Login","Met succes"
"09/10/2002 19:11:35","DEFAULT","Logout","Met Succes"
"09/10/2002 19:11:41","DEFAULT","Login","Met succes"
"09/10/2002 19:12:15","DEFAULT","Logout","Met Succes"
"09/10/2002 19:12:19","DEFAULT","Login","Met succes"
"09/10/2002 19:12:27","DEFAULT","Logout","Met Succes"
"23/11/2002 14:14:04","DEFAULT","Login","Met succes"
"23/11/2002 14:14:16","DEFAULT","Logout","Met Succes"
"05/12/2002 19:45:45","DEFAULT","Login","Met succes"
"05/12/2002 19:51:31","DEFAULT","Logout","Met Succes"
"05/02/2003 12:50:11","DEFAULT","Login","Met succes"
"05/02/2003 12:50:58","DEFAULT","Logout","Met Succes"
"21/02/2003 19:29:07","DEFAULT","Login","Met succes"
"21/02/2003 19:29:55","DEFAULT","Logout","Met Succes"
"10/05/2003 10:18:31","DEFAULT","Login","Met succes"
"10/05/2003 10:18:41","DEFAULT","Logout","Met Succes"
"20/01/2004 09:53:08","DEFAULT","Login","Met succes"
"20/01/2004 09:53:19","DEFAULT","Logout","Met Succes"
"20/01/2004 09:53:23","DEFAULT","Login","Met succes"
"20/01/2004 09:54:13","DEFAULT","Logout","Met Succes"
"20/01/2004 09:54:24","NO_USER","Login","Zonder succes"
"20/01/2004 09:54:37","DEFAULT","Login","Met succes"
"20/01/2004 09:54:48","DEFAULT","Logout","Met Succes"
"25/01/2004 20:40:17","DEFAULT","Login","Met succes"
"25/01/2004 20:40:32","DEFAULT","Logout","Met Succes"
"25/01/2004 20:40:36","DEFAULT","Login","Met succes"
"25/01/2004 20:42:43","DEFAULT","Logout","Met Succes"
"16/02/2004 10:49:53","DEFAULT","Login","Met succes"
"16/02/2004 10:49:55","DEFAULT","Logout","Met Succes"
"16/02/2004 10:50:02","DEFAULT","Login","Met succes"
"16/02/2004 12:06:18","DEFAULT","InbrengFinancieel","Toegang met Succes"
"16/02/2004 12:06:40","DEFAULT","FinancieelBoek","Toegang met Succes"
"16/02/2004 14:39:16","DEFAULT","InbrengFinancieel","Toegang met Succes"
"16/02/2004 14:46:28","DEFAULT","InbrengFinancieel","Toegang met Succes"
"16/02/2004 15:00:21","DEFAULT","KwijtingDrukken","Toegang met Succes"
"16/02/2004 15:00:37","DEFAULT","KwijtingDrukken","Toegang met Succes"
"16/02/2004 15:34:47","DEFAULT","KwijtingDrukken","Toegang met Succes"
"16/02/2004 15:34:56","DEFAULT","KwijtingDrukken","Toegang met Succes"
"16/02/2004 15:37:26","DEFAULT","KwijtingDrukken","Toegang met Succes"
"16/02/2004 15:39:33","DEFAULT","KwijtingDrukken","Toegang met Succes"
"16/02/2004 16:04:08","DEFAULT","KwijtingBoeken","Toegang met Succes"
"16/02/2004 16:04:17","DEFAULT","KwijtingDrukken","Toegang met Succes"
"16/02/2004 16:33:43","DEFAULT","Logout","Met Succes"
"17/02/2004 11:47:08","DEFAULT","Login","Met succes"
"17/02/2004 11:54:53","DEFAULT","Logout","Met Succes"
"17/02/2004 11:54:58","DEFAULT","Login","Met succes"
"17/02/2004 12:21:38","DEFAULT","Logout","Met Succes"
"17/02/2004 12:21:42","DEFAULT","Login","Met succes"
"17/02/2004 12:21:49","DEFAULT","Logout","Met Succes"
"17/02/2004 12:22:07","DEFAULT","Login","Met succes"
"17/02/2004 12:22:11","DEFAULT","Logout","Met Succes"
"17/02/2004 12:30:39","DEFAULT","Login","Met succes"
"17/02/2004 12:31:18","DEFAULT","Logout","Met Succes"
"17/02/2004 14:43:24","DEFAULT","Login","Met succes"
"17/02/2004 14:43:33","DEFAULT","Logout","Met Succes"
"20/02/2004 14:45:29","DEFAULT","Login","Met succes"
"20/02/2004 14:48:19","DEFAULT","Logout","Met Succes"
"15/03/2004 21:29:54","DEFAULT","Login","Met succes"
"15/03/2004 21:31:36","DEFAULT","Logout","Met Succes"
"18/03/2004 20:00:22","DEFAULT","Login","Met succes"
"18/03/2004 20:03:20","DEFAULT","Logout","Met Succes"
"19/03/2004 13:42:06","DEFAULT","Login","Zonder succes"
"19/03/2004 13:42:19","DEFAULT","Login","Zonder succes"
"19/03/2004 13:51:27","DEFAULT","Login","Met succes"
"19/03/2004 13:51:30","DEFAULT","Logout","Met Succes"
"19/03/2004 13:52:59","DEFAULT","Login","Met succes"
"19/03/2004 13:54:31","DEFAULT","Logout","Met Succes"
"19/03/2004 13:56:09","DEFAULT","Login","Met succes"
"19/03/2004 13:57:39","DEFAULT","Logout","Met Succes"
"19/03/2004 13:58:25","NO_USER","Login","Zonder succes"
"19/03/2004 13:58:34","DEFAULT","Login","Met succes"
"19/03/2004 13:59:09","DEFAULT","Logout","Met Succes"
"22/03/2004 09:05:53","DEFAULT","Login","Met succes"
"22/03/2004 09:17:36","DEFAULT","Logout","Met Succes"
"26/03/2004 20:49:58","DEFAULT","Login","Met succes"
"26/03/2004 20:50:07","DEFAULT","Logout","Met Succes"
"07/04/2004 20:16:48","DEFAULT","Login","Met succes"
"07/04/2004 20:17:49","DEFAULT","Logout","Met Succes"
"13/04/2004 21:27:42","DEFAULT","Login","Met succes"
"13/04/2004 21:29:43","DEFAULT","Logout","Met Succes"
"21/04/2004 21:10:39","DEFAULT","Login","Met succes"
"21/04/2004 21:11:24","DEFAULT","DirekteVerkoop","Toegang met Succes"
"21/04/2004 21:13:50","DEFAULT","HistoriekPrint","Toegang met Succes"
"21/04/2004 21:17:03","DEFAULT","Logout","Met Succes"
"22/04/2004 10:55:06","DEFAULT","Login","Met succes"
"22/04/2004 11:16:37","DEFAULT","Logout","Met Succes"
"24/05/2004 20:02:18","DEFAULT","Login","Met succes"
"24/05/2004 20:03:06","DEFAULT","Logout","Met Succes"
"27/05/2004 19:15:08","DEFAULT","Login","Met succes"
"27/05/2004 19:16:06","DEFAULT","Logout","Met Succes"
"27/05/2004 19:59:38","NO_USER","Login","Zonder succes"
"27/05/2004 20:28:53","NO_USER","Login","Zonder succes"
"27/05/2004 21:09:51","DEFAULT","Login","Met succes"
"27/05/2004 21:10:15","DEFAULT","Logout","Met Succes"
"27/05/2004 21:10:30","DEFAULT","Login","Met succes"
"27/05/2004 21:10:57","DEFAULT","Logout","Met Succes"
"27/05/2004 21:11:01","DEFAULT","Login","Met succes"
"27/05/2004 21:11:05","DEFAULT","Logout","Met Succes"
"27/05/2004 21:11:09","DEFAULT","Login","Met succes"
"27/05/2004 21:11:14","DEFAULT","Logout","Met Succes"
"27/05/2004 21:11:18","DEFAULT","Login","Met succes"
"27/05/2004 21:11:26","DEFAULT","Logout","Met Succes"
"27/05/2004 21:11:29","DEFAULT","Login","Met succes"
"27/05/2004 21:11:34","DEFAULT","Logout","Met Succes"
"21/12/2004 14:59:41","DEFAULT","Login","Met succes"
"21/12/2004 14:59:53","DEFAULT","Logout","Met Succes"
"11/01/2005 21:19:33","DEFAULT","Login","Met succes"
"11/01/2005 21:39:27","DEFAULT","Logout","Met Succes"
"11/01/2005 22:12:36","DEFAULT","Login","Met succes"
"11/01/2005 22:13:40","DEFAULT","Logout","Met Succes"
"11/01/2005 22:19:29","DEFAULT","Login","Met succes"
"11/01/2005 22:19:38","DEFAULT","Logout","Met Succes"
"19/01/2005 14:33:58","DEFAULT","Login","Met succes"
"19/01/2005 15:17:12","DEFAULT","Logout","Met Succes"
"19/01/2005 15:17:15","DEFAULT","Login","Met succes"
"19/01/2005 15:21:38","DEFAULT","Logout","Met Succes"
"04/05/2005 21:01:57","DEFAULT","Login","Met succes"
"04/05/2005 21:02:56","DEFAULT","Logout","Met Succes"
"04/05/2005 21:03:01","DEFAULT","Login","Met succes"
"04/05/2005 21:03:04","DEFAULT","Logout","Met Succes"
"14/10/2005 12:36:08","DEFAULT","Login","Met succes"
"14/10/2005 12:36:26","DEFAULT","Logout","Met Succes"
"18/10/2005 19:44:40","DEFAULT","Login","Met succes"
"18/10/2005 19:45:15","DEFAULT","Logout","Met Succes"
"18/10/2005 19:45:18","DEFAULT","Login","Met succes"
"18/10/2005 19:46:44","DEFAULT","Logout","Met Succes"
"27/10/2005 12:15:34","DEFAULT","Login","Met succes"
"27/10/2005 12:15:44","DEFAULT","Logout","Met Succes"
"27/10/2005 12:15:47","DEFAULT","Login","Met succes"
"27/10/2005 12:20:32","DEFAULT","Logout","Met Succes"
"07/12/2005 13:18:08","DEFAULT","Login","Met succes"
"07/12/2005 13:18:13","DEFAULT","FrmProduktFiche","Toegang met Succes"
"07/12/2005 13:18:17","DEFAULT","FrmProduktFiche","Toegang met Succes"
"07/12/2005 13:18:20","DEFAULT","FrmProduktFiche","Toegang met Succes"
"07/12/2005 13:18:23","DEFAULT","FrmProduktFiche","Toegang met Succes"
"07/12/2005 13:18:25","DEFAULT","FrmProduktFiche","Toegang met Succes"
"07/12/2005 13:18:26","DEFAULT","FrmProduktFiche","Toegang met Succes"
"07/12/2005 13:18:28","DEFAULT","FrmProduktFiche","Toegang met Succes"
"07/12/2005 13:18:32","DEFAULT","Logout","Met Succes"
"07/12/2005 13:21:00","DEFAULT","Login","Met succes"
"07/12/2005 13:21:08","DEFAULT","Logout","Met Succes"
"07/12/2005 13:21:15","DEFAULT","Login","Met succes"
"07/12/2005 13:21:22","DEFAULT","Logout","Met Succes"
"07/12/2005 13:21:26","DEFAULT","Login","Met succes"
"07/12/2005 13:21:30","DEFAULT","Logout","Met Succes"
"07/12/2005 13:21:37","DEFAULT","Login","Met succes"
"07/12/2005 13:22:20","DEFAULT","Logout","Met Succes"
"07/12/2005 15:03:47","DEFAULT","Login","Met succes"
"07/12/2005 15:04:01","DEFAULT","FrmProduktFiche","Toegang met Succes"
"07/12/2005 15:04:05","DEFAULT","Logout","Met Succes"
"07/12/2005 15:06:05","DEFAULT","Login","Met succes"
"07/12/2005 15:06:12","DEFAULT","Logout","Met Succes"
"9/02/2006 16:20:20","DEFAULT","Login","Met succes"
"9/02/2006 16:20:27","DEFAULT","FrmProduktFiche","Toegang met Succes"
"9/02/2006 16:20:38","DEFAULT","FrmProduktFiche","Toegang met Succes"
"9/02/2006 16:20:51","DEFAULT","FrmProduktFiche","Toegang met Succes"
"9/02/2006 16:21:26","DEFAULT","FrmProduktFiche","Toegang met Succes"
"9/02/2006 16:22:32","DEFAULT","Logout","Met Succes"
"9/02/2006 17:05:32","DEFAULT","Login","Met succes"
"9/02/2006 17:05:36","DEFAULT","NieuwBedrijf","Toegang met Succes"
"9/02/2006 17:05:55","DEFAULT","FrmProduktFiche","Toegang met Succes"
"9/02/2006 17:06:01","DEFAULT","frmProduktFiche2006","Toegang met Succes"
"9/02/2006 17:06:01","DEFAULT","FrmProduktFiche","Toegang met Succes"
"9/02/2006 17:06:40","DEFAULT","Logout","Met Succes"
"9/02/2006 17:08:10","DEFAULT","Login","Met succes"
"9/02/2006 17:08:44","DEFAULT","Logout","Met Succes"
"9/02/2006 17:08:50","DEFAULT","Login","Met succes"
"9/02/2006 17:08:56","DEFAULT","Logout","Met Succes"
"9/02/2006 17:09:06","DEFAULT","Login","Met succes"
"9/02/2006 17:09:24","DEFAULT","NieuwBedrijf","Toegang met Succes"
"9/02/2006 17:09:47","DEFAULT","frmProduktFiche2006","Toegang met Succes"
"9/02/2006 17:09:47","DEFAULT","FrmProduktFiche","Toegang met Succes"
"9/02/2006 17:10:30","DEFAULT","Logout","Met Succes"
"9/02/2006 18:59:00","DEFAULT","Login","Met succes"
"9/02/2006 18:59:27","DEFAULT","Logout","Met Succes"
"9/02/2006 19:32:52","DEFAULT","Login","Met succes"
"9/02/2006 19:33:29","DEFAULT","frmProduktFiche","Toegang met Succes"
"9/02/2006 19:34:02","DEFAULT","KwijtingBoeken","Toegang met Succes"
"9/02/2006 19:34:13","DEFAULT","Logout","Met Succes"
"13/02/2006 18:49:20","NO_USER","Login","Zonder succes"
"16/02/2006 16:06:59","DEFAULT","Login","Met succes"
"16/02/2006 16:07:46","DEFAULT","frmProduktFiche","Toegang met Succes"
"16/02/2006 16:07:53","DEFAULT","NieuwBedrijf","Toegang met Succes"
"16/02/2006 16:08:11","DEFAULT","frmProduktFiche","Toegang met Succes"
"16/02/2006 16:08:20","DEFAULT","FrmLijstProdukten","Toegang met Succes"
"16/02/2006 16:08:36","DEFAULT","Logout","Met Succes"
"29/08/2006 10:53:40","DEFAULT","Login","Met succes"
"29/08/2006 10:54:33","DEFAULT","Logout","Met Succes"
"21/11/2006 14:24:27","DEFAULT","Login","Met succes"
"21/11/2006 14:24:42","DEFAULT","Logout","Met Succes"
"02/11/2007 21:35:55","DEFAULT","Login","Met succes"
"02/11/2007 21:36:01","DEFAULT","Logout","Met Succes"
"30/03/2008 20:22:45","DEFAULT","Login","Met succes"
"30/03/2008 20:22:50","DEFAULT","Logout","Met Succes"
"30/03/2008 20:37:47","DEFAULT","Login","Met succes"
"30/03/2008 20:37:59","DEFAULT","Logout","Met Succes"
"22/05/2008 14:03:10","DEFAULT","Login","Met succes"
"22/05/2008 14:03:40","DEFAULT","Logout","Met Succes"
"1/10/2008 17:02:51","DEFAULT","Login","Met succes"
"1/10/2008 17:02:57","DEFAULT","frmBTWAangifte","Toegang met Succes"
"1/10/2008 17:03:06","DEFAULT","Logout","Met Succes"
"31/12/2008 18:57:14","DEFAULT","Login","Met succes"
"31/12/2008 18:57:57","DEFAULT","Logout","Met Succes"
"9/01/2009 10:10:33","DEFAULT","Login","Met succes"
"9/01/2009 10:10:47","DEFAULT","Logout","Met Succes"
"20/02/2009 12:54:31","NO_USER","Login","Zonder succes"
"11/10/2009 19:16:23","DEFAULT","Login","Met succes"
"11/10/2009 19:17:10","DEFAULT","Logout","Met Succes"
"04/11/2009 12:58:43","NO_USER","Login","Zonder succes"
