************************************************************
marIntegraal8
Aangemaakt: 8/09/2012 13:33:03
************************************************************

"8/09/2012 13:33:03","DEFAULT","Login","Met succes"
"8/09/2012 13:33:17","DEFAULT","Logout","Met Succes"
"8/09/2012 14:15:16","DEFAULT","Login","Met succes"
"8/09/2012 14:15:20","DEFAULT","Logout","Met Succes"
"8/09/2012 14:33:02","DEFAULT","Login","Met succes"
"8/09/2012 14:33:14","DEFAULT","Logout","Met Succes"
"10/09/2012 10:13:31","DEFAULT","Login","Met succes"
"10/09/2012 10:13:35","DEFAULT","Logout","Met Succes"
"13/09/2012 10:50:46","DEFAULT","Login","Met succes"
"13/09/2012 10:52:14","DEFAULT","Logout","Met Succes"
"3/01/2013 10:26:28","DEFAULT","Login","Met succes"
"3/01/2013 10:26:31","DEFAULT","Logout","Met Succes"
"3/01/2013 10:26:35","DEFAULT","Login","Met succes"
"3/01/2013 10:26:38","DEFAULT","Logout","Met Succes"
"3/01/2013 10:27:53","DEFAULT","Login","Met succes"
"3/01/2013 10:28:00","DEFAULT","Logout","Met Succes"
"17/01/2013 13:17:26","DEFAULT","Login","Met succes"
"17/01/2013 13:17:43","DEFAULT","Logout","Met Succes"
"31/01/2013 7:07:13","DEFAULT","Login","Met succes"
"31/01/2013 7:07:48","DEFAULT","Logout","Met Succes"
"31/01/2013 7:13:17","DEFAULT","Login","Met succes"
"31/01/2013 7:13:26","DEFAULT","Logout","Met Succes"
"04/01/2014 09:47:31","DEFAULT","Login","Met succes"
"04/01/2014 09:58:09","DEFAULT","Logout","Met Succes"
"21/01/2014 19:48:37","DEFAULT","Login","Met succes"
"21/01/2014 19:48:55","DEFAULT","Logout","Met Succes"
"11/04/2014 14:35:33","DEFAULT","Login","Met succes"
"11/04/2014 14:35:48","DEFAULT","Logout","Met Succes"
