************************************************************
marntBrokersExpress
Aangemaakt: 17/11/2007 11:03:17
************************************************************

"17/11/2007 11:03:17","DEFAULT","Login","Met succes"
"17/11/2007 11:03:19","DEFAULT","Logout","Met Succes"
"17/11/2007 17:25:57","DEFAULT","Login","Met succes"
"17/11/2007 17:26:13","DEFAULT","Logout","Met Succes"
"17/11/2007 17:27:29","DEFAULT","Login","Met succes"
"17/11/2007 17:28:22","DEFAULT","Login","Met succes"
"17/11/2007 17:28:24","DEFAULT","Logout","Met Succes"
"17/11/2007 17:29:17","DEFAULT","Login","Met succes"
"17/11/2007 17:32:01","DEFAULT","Logout","Met Succes"
"17/11/2007 17:32:40","DEFAULT","Login","Met succes"
"17/11/2007 17:32:48","DEFAULT","SetupEnParameters","Toegang met Succes"
"17/11/2007 17:33:43","DEFAULT","JaarBtwBelgie","Toegang met Succes"
"17/11/2007 17:33:43","DEFAULT","TopDown","Toegang met Succes"
"17/11/2007 17:33:48","DEFAULT","Logout","Met Succes"
"17/11/2007 17:44:45","DEFAULT","Login","Met succes"
"17/11/2007 17:44:58","DEFAULT","Login","Met succes"
"17/11/2007 17:47:51","DEFAULT","Login","Met succes"
"17/11/2007 17:48:58","DEFAULT","Logout","Met Succes"
"17/11/2007 17:49:03","DEFAULT","Login","Met succes"
"17/11/2007 17:49:23","DEFAULT","Logout","Met Succes"
"17/11/2007 17:49:31","DEFAULT","Login","Met succes"
"17/11/2007 17:49:37","DEFAULT","DiversePosten","Toegang met Succes"
"17/11/2007 17:49:58","DEFAULT","HistoriekPrint","Toegang met Succes"
"17/11/2007 17:50:04","DEFAULT","BalansKL","Toegang met Succes"
"17/11/2007 17:50:09","DEFAULT","TopDown","Toegang met Succes"
"17/11/2007 17:50:16","DEFAULT","Rapportage","Toegang met Succes"
"17/11/2007 17:50:42","DEFAULT","VoorkeurDefinities","Toegang met Succes"
"17/11/2007 17:50:48","DEFAULT","Logout","Met Succes"
"17/11/2007 17:55:21","DEFAULT","Login","Met succes"
"17/11/2007 17:55:40","DEFAULT","Logout","Met Succes"
"17/11/2007 17:55:45","DEFAULT","Login","Met succes"
"17/11/2007 17:55:48","DEFAULT","Logout","Met Succes"
"17/11/2007 17:56:21","DEFAULT","Login","Met succes"
"17/11/2007 17:56:37","DEFAULT","ProefEnSaldi","Toegang met Succes"
"17/11/2007 17:57:40","DEFAULT","Logout","Met Succes"
"17/11/2007 17:57:46","DEFAULT","Login","Met succes"
"17/11/2007 17:57:56","DEFAULT","SetupEnParameters","Toegang met Succes"
"17/11/2007 17:58:28","DEFAULT","DirekteAankoop","Toegang met Succes"
"17/11/2007 17:58:49","DEFAULT","SQLLijsten","Toegang met Succes"
"17/11/2007 17:59:13","DEFAULT","DirekteAankoop","Toegang met Succes"
"17/11/2007 17:59:18","DEFAULT","InbrengFinancieel","Toegang met Succes"
"17/11/2007 17:59:24","DEFAULT","frmOGM","Toegang met Succes"
"17/11/2007 17:59:42","DEFAULT","DiversePosten","Toegang met Succes"
"17/11/2007 18:00:00","DEFAULT","KwijtingDrukken","Toegang met Succes"
"17/11/2007 18:00:31","DEFAULT","Logout","Met Succes"
"17/11/2007 18:01:36","DEFAULT","Login","Met succes"
"17/11/2007 18:01:41","DEFAULT","Logout","Met Succes"
"17/11/2007 18:02:56","DEFAULT","Login","Met succes"
"17/11/2007 18:03:21","DEFAULT","Logout","Met Succes"
"17/11/2007 18:03:25","DEFAULT","Login","Met succes"
"17/11/2007 18:03:33","DEFAULT","Logout","Met Succes"
"17/11/2007 18:03:54","DEFAULT","Login","Met succes"
"17/11/2007 18:04:03","DEFAULT","Logout","Met Succes"
"17/11/2007 18:04:08","DEFAULT","Login","Met succes"
"17/11/2007 18:04:18","DEFAULT","Logout","Met Succes"
"17/11/2007 18:45:11","DEFAULT","Login","Met succes"
"17/11/2007 18:45:22","DEFAULT","Logout","Met Succes"
"17/11/2007 18:45:27","DEFAULT","Login","Met succes"
"17/11/2007 18:45:31","DEFAULT","Logout","Met Succes"
"17/11/2007 18:45:41","DEFAULT","Login","Met succes"
"17/11/2007 18:45:47","DEFAULT","Logout","Met Succes"
"17/11/2007 18:51:29","NO_USER","Login","Zonder succes"
"17/11/2007 18:51:44","NO_USER","Login","Zonder succes"
"17/11/2007 19:04:36","DEFAULT","Login","Met succes"
"17/11/2007 19:04:40","DEFAULT","Logout","Met Succes"
"17/11/2007 19:05:09","DEFAULT","Login","Met succes"
"17/11/2007 19:05:16","DEFAULT","Logout","Met Succes"
"17/11/2007 19:05:21","DEFAULT","Login","Met succes"
"17/11/2007 19:06:01","DEFAULT","Logout","Met Succes"
"17/11/2007 19:06:14","DEFAULT","Login","Met succes"
"17/11/2007 19:07:07","DEFAULT","Logout","Met Succes"
"17/11/2007 19:07:12","DEFAULT","Login","Met succes"
"17/11/2007 19:07:27","DEFAULT","Logout","Met Succes"
"17/11/2007 19:07:31","DEFAULT","Login","Met succes"
"17/11/2007 19:07:35","DEFAULT","Logout","Met Succes"
"17/11/2007 19:07:37","DEFAULT","Login","Met succes"
"17/11/2007 19:07:41","DEFAULT","Logout","Met Succes"
"17/11/2007 19:10:04","DEFAULT","Login","Met succes"
"17/11/2007 19:10:19","DEFAULT","Logout","Met Succes"
"18/11/2007 10:44:31","DEFAULT","Login","Met succes"
"18/11/2007 10:44:33","DEFAULT","Logout","Met Succes"
"18/11/2007 10:45:20","DEFAULT","Login","Met succes"
"18/11/2007 10:45:22","DEFAULT","Logout","Met Succes"
"18/11/2007 10:52:15","NO_USER","Login","Zonder succes"
"18/11/2007 11:11:18","DEFAULT","Login","Met succes"
"18/11/2007 11:11:21","DEFAULT","Logout","Met Succes"
"18/11/2007 11:12:00","NO_USER","Login","Zonder succes"
"18/11/2007 11:12:12","DEFAULT","Login","Met succes"
"18/11/2007 11:12:14","DEFAULT","Logout","Met Succes"
"21/11/2007 17:08:12","DEFAULT","Login","Met succes"
"21/11/2007 17:08:26","DEFAULT","KwijtingDrukken","Toegang met Succes"
"21/11/2007 17:36:50","DEFAULT","KwijtingDrukken","Toegang met Succes"
"21/11/2007 17:37:06","DEFAULT","KwijtingDrukken","Toegang met Succes"
"21/11/2007 17:58:37","DEFAULT","KwijtingDrukken","Toegang met Succes"
"21/11/2007 18:02:42","DEFAULT","KwijtingDrukken","Toegang met Succes"
"21/11/2007 21:34:03","DEFAULT","Logout","Met Succes"
"22/11/2007 15:52:29","DEFAULT","Login","Met succes"
"22/11/2007 15:52:32","DEFAULT","KwijtingBoeken","Toegang met Succes"
"22/11/2007 15:58:26","DEFAULT","Login","Met succes"
"22/11/2007 15:58:29","DEFAULT","KwijtingBoeken","Toegang met Succes"
"22/11/2007 15:59:36","DEFAULT","Login","Met succes"
"22/11/2007 16:00:08","DEFAULT","Login","Met succes"
