7/11/2025 10:24:04  - Attempting ShellExecute. CurDir=C:\Documents and Settings\Jos\Desktop\marVB6 COMSPEC=C:\WINDOWS\system32\cmd.exe PATH=C:\WINDOWS\system32;C:\WINDOWS;C:\WINDOWS\System32\Wbem
7/11/2025 10:24:04  - ShellExecute parameters: verb=open file=https://clickonce.vsoft.be/MarSync/publish.htm params=
7/11/2025 10:24:04  - ShellExecute returned: 42 (Success)
7/11/2025 10:24:31  - Attempting ShellExecute. CurDir=C:\Documents and Settings\Jos\Desktop\marVB6 COMSPEC=C:\WINDOWS\system32\cmd.exe PATH=C:\WINDOWS\system32;C:\WINDOWS;C:\WINDOWS\System32\Wbem
7/11/2025 10:24:31  - ShellExecute parameters: verb=open file=https://clickonce.vsoft.be/MarSync/publish.htm params=
7/11/2025 10:24:31  - ShellExecute returned: 42 (Success)
7/11/2025 10:24:45  - Attempting ShellExecute. CurDir=C:\Documents and Settings\Jos\Desktop\marVB6 COMSPEC=C:\WINDOWS\system32\cmd.exe PATH=C:\WINDOWS\system32;C:\WINDOWS;C:\WINDOWS\System32\Wbem
7/11/2025 10:24:45  - ShellExecute parameters: verb=open file=https://clickonce.vsoft.be/MarSync/publish.htm params=
7/11/2025 10:24:45  - ShellExecute returned: 42 (Success)
7/11/2025 10:24:56  - Attempting ShellExecute. CurDir=C:\Documents and Settings\Jos\Desktop\marVB6 COMSPEC=C:\WINDOWS\system32\cmd.exe PATH=C:\WINDOWS\system32;C:\WINDOWS;C:\WINDOWS\System32\Wbem
7/11/2025 10:24:56  - ShellExecute parameters: verb=open file=https://clickonce.vsoft.be/MarSync/publish.htm params=
7/11/2025 10:24:56  - ShellExecute returned: 42 (Success)
7/11/2025 10:28:41  - Attempting ShellExecute. CurDir=C:\Documents and Settings\Jos\Desktop\marVB6 COMSPEC=C:\WINDOWS\system32\cmd.exe PATH=C:\WINDOWS\system32;C:\WINDOWS;C:\WINDOWS\System32\Wbem
7/11/2025 10:28:41  - ShellExecute parameters: verb=open file=Y:\Data\001\peppol\in\7506394705.pdf params=
7/11/2025 10:28:41  - ShellExecute returned: 42 (Success)
7/11/2025 10:29:00  - Attempting ShellExecute. CurDir=C:\Documents and Settings\Jos\Desktop\marVB6 COMSPEC=C:\WINDOWS\system32\cmd.exe PATH=C:\WINDOWS\system32;C:\WINDOWS;C:\WINDOWS\System32\Wbem
7/11/2025 10:29:00  - ShellExecute parameters: verb=open file=Y:\Data\001\peppol\in\7575779058.pdf params=
7/11/2025 10:29:00  - ShellExecute returned: 42 (Success)
7/11/2025 13:03:08  - Attempting ShellExecute. CurDir=c:\progra~1\micros~3\office14 COMSPEC=C:\WINDOWS\system32\cmd.exe PATH=C:\WINDOWS\system32;C:\WINDOWS;C:\WINDOWS\System32\Wbem
7/11/2025 13:03:08  - ShellExecute parameters: verb=open file=Y:\Data\098\peppol\out\V0202550405-220935.pdf params=
7/11/2025 13:03:08  - ShellExecute returned: 42 (Success)
7/11/2025 13:03:21  - Attempting ShellExecute. CurDir=c:\progra~1\micros~3\office14 COMSPEC=C:\WINDOWS\system32\cmd.exe PATH=C:\WINDOWS\system32;C:\WINDOWS;C:\WINDOWS\System32\Wbem
7/11/2025 13:03:21  - ShellExecute parameters: verb=open file=Y:\Data\098\peppol\out\V0202550404-990003.pdf params=
7/11/2025 13:03:21  - ShellExecute returned: 42 (Success)
7/11/2025 13:03:28  - Attempting ShellExecute. CurDir=c:\progra~1\micros~3\office14 COMSPEC=C:\WINDOWS\system32\cmd.exe PATH=C:\WINDOWS\system32;C:\WINDOWS;C:\WINDOWS\System32\Wbem
7/11/2025 13:03:28  - ShellExecute parameters: verb=open file=Y:\Data\098\peppol\out\V0202550403-98001040.pdf params=
7/11/2025 13:03:28  - ShellExecute returned: 42 (Success)
7/11/2025 13:03:33  - Attempting ShellExecute. CurDir=c:\progra~1\micros~3\office14 COMSPEC=C:\WINDOWS\system32\cmd.exe PATH=C:\WINDOWS\system32;C:\WINDOWS;C:\WINDOWS\System32\Wbem
7/11/2025 13:03:33  - ShellExecute parameters: verb=open file=Y:\Data\098\peppol\out\V0202550402-202203.pdf params=
7/11/2025 13:03:33  - ShellExecute returned: 42 (Success)
7/11/2025 13:03:39  - Attempting ShellExecute. CurDir=c:\progra~1\micros~3\office14 COMSPEC=C:\WINDOWS\system32\cmd.exe PATH=C:\WINDOWS\system32;C:\WINDOWS;C:\WINDOWS\System32\Wbem
7/11/2025 13:03:39  - ShellExecute parameters: verb=open file=Y:\Data\098\peppol\out\V0202550401-98001000.pdf params=
7/11/2025 13:03:39  - ShellExecute returned: 42 (Success)
7/11/2025 13:04:36  - Attempting ShellExecute. CurDir=C:\Documents and Settings\Jos\Desktop\marVB6 COMSPEC=C:\WINDOWS\system32\cmd.exe PATH=C:\WINDOWS\system32;C:\WINDOWS;C:\WINDOWS\System32\Wbem
7/11/2025 13:04:36  - ShellExecute parameters: verb=open file=Y:\Data\001\peppol\in\7506394705.pdf params=
7/11/2025 13:04:36  - ShellExecute returned: 42 (Success)
7/11/2025 18:40:52  - Attempting ShellExecute. CurDir=c:\progra~1\micros~3\office14 COMSPEC=C:\WINDOWS\system32\cmd.exe PATH=C:\WINDOWS\system32;C:\WINDOWS;C:\WINDOWS\System32\Wbem
7/11/2025 18:40:52  - ShellExecute parameters: verb=open file=Y:\Data\098\peppol\out\V0202550405-220935.pdf params=
7/11/2025 18:40:52  - ShellExecute returned: 42 (Success)
7/11/2025 19:07:06  - Attempting ShellExecute. CurDir=C:\Documents and Settings\Jos\Desktop\marVB6 COMSPEC=C:\WINDOWS\system32\cmd.exe PATH=C:\WINDOWS\system32;C:\WINDOWS;C:\WINDOWS\System32\Wbem
7/11/2025 19:07:06  - ShellExecute parameters: verb=open file=Y:\Data\098\peppol\in\V0202500002-0440058217.pdf params=
7/11/2025 19:07:06  - ShellExecute returned: 42 (Success)
8/11/2025 5:53:12  - Attempting ShellExecute. CurDir=C:\Documents and Settings\Jos\Desktop\marVB6 COMSPEC=C:\WINDOWS\system32\cmd.exe PATH=C:\WINDOWS\system32;C:\WINDOWS;C:\WINDOWS\System32\Wbem
8/11/2025 5:53:12  - ShellExecute parameters: verb=open file=Y:\Data\098\peppol\in\V0202500002-0440058217.pdf params=
8/11/2025 5:53:12  - ShellExecute returned: 42 (Success)
8/11/2025 5:53:35  - Attempting ShellExecute. CurDir=c:\progra~1\micros~3\office14 COMSPEC=C:\WINDOWS\system32\cmd.exe PATH=C:\WINDOWS\system32;C:\WINDOWS;C:\WINDOWS\System32\Wbem
8/11/2025 5:53:35  - ShellExecute parameters: verb=open file=Y:\Data\098\peppol\out\V0202550401-98001000.pdf params=
8/11/2025 5:53:35  - ShellExecute returned: 42 (Success)
8/11/2025 5:53:40  - Attempting ShellExecute. CurDir=c:\progra~1\micros~3\office14 COMSPEC=C:\WINDOWS\system32\cmd.exe PATH=C:\WINDOWS\system32;C:\WINDOWS;C:\WINDOWS\System32\Wbem
8/11/2025 5:53:40  - ShellExecute parameters: verb=open file=Y:\Data\098\peppol\out\V0202550404-990003.pdf params=
8/11/2025 5:53:40  - ShellExecute returned: 42 (Success)
8/11/2025 5:53:48  - Attempting ShellExecute. CurDir=c:\progra~1\micros~3\office14 COMSPEC=C:\WINDOWS\system32\cmd.exe PATH=C:\WINDOWS\system32;C:\WINDOWS;C:\WINDOWS\System32\Wbem
8/11/2025 5:53:48  - ShellExecute parameters: verb=open file=Y:\Data\098\peppol\out\V0202550405-220935.pdf params=
8/11/2025 5:53:49  - ShellExecute returned: 42 (Success)
8/11/2025 6:23:25  - Attempting ShellExecute. CurDir=c:\progra~1\micros~3\office14 COMSPEC=C:\WINDOWS\system32\cmd.exe PATH=C:\WINDOWS\system32;C:\WINDOWS;C:\WINDOWS\System32\Wbem
8/11/2025 6:23:25  - ShellExecute parameters: verb=open file=Y:\Data\098\peppol\out\V0202550401-98001000.pdf params=
8/11/2025 6:23:25  - ShellExecute returned: 42 (Success)
8/11/2025 6:23:38  - Attempting ShellExecute. CurDir=c:\progra~1\micros~3\office14 COMSPEC=C:\WINDOWS\system32\cmd.exe PATH=C:\WINDOWS\system32;C:\WINDOWS;C:\WINDOWS\System32\Wbem
8/11/2025 6:23:38  - ShellExecute parameters: verb=open file=Y:\Data\098\peppol\out\V0202550406-220935.pdf params=
8/11/2025 6:23:38  - ShellExecute returned: 42 (Success)
8/11/2025 7:54:54  - Attempting ShellExecute. CurDir=c:\progra~1\micros~3\office14 COMSPEC=C:\WINDOWS\system32\cmd.exe PATH=C:\WINDOWS\system32;C:\WINDOWS;C:\WINDOWS\System32\Wbem
8/11/2025 7:54:54  - ShellExecute parameters: verb=open file=Y:\Data\098\peppol\out\V0202550401-98001000.pdf params=
8/11/2025 7:54:54  - ShellExecute returned: 42 (Success)
9/11/2025 10:10:03  - Attempting ShellExecute. CurDir=C:\Documents and Settings\Jos\Desktop\marVB6 COMSPEC=C:\WINDOWS\system32\cmd.exe PATH=C:\WINDOWS\system32;C:\WINDOWS;C:\WINDOWS\System32\Wbem
9/11/2025 10:10:08  - ShellExecute parameters: verb=open file=Y:\Data\098\peppol\in\V0202500002-0440058217.pdf params=
9/11/2025 10:10:08  - ShellExecute returned: 42 (Success)
9/11/2025 10:11:39  - Attempting ShellExecute. CurDir=c:\progra~1\micros~3\office14 COMSPEC=C:\WINDOWS\system32\cmd.exe PATH=C:\WINDOWS\system32;C:\WINDOWS;C:\WINDOWS\System32\Wbem
9/11/2025 10:11:39  - ShellExecute parameters: verb=open file=Y:\Data\098\peppol\out\V0202550404-990003.pdf params=
9/11/2025 10:11:39  - ShellExecute returned: 42 (Success)
12/11/2025 10:24:53  - Attempting ShellExecute. CurDir=C:\Documents and Settings\Jos\Desktop\marVB6 COMSPEC=C:\WINDOWS\system32\cmd.exe PATH=C:\WINDOWS\system32;C:\WINDOWS;C:\WINDOWS\System32\Wbem
12/11/2025 10:24:53  - ShellExecute parameters: verb=open file=Y:\Data\098\peppol\in\7575300228.pdf params=
12/11/2025 10:24:53  - ShellExecute returned: 42 (Success)
12/11/2025 10:30:33  - Attempting ShellExecute. CurDir=C:\Documents and Settings\Jos\Desktop\marVB6 COMSPEC=C:\WINDOWS\system32\cmd.exe PATH=C:\WINDOWS\system32;C:\WINDOWS;C:\WINDOWS\System32\Wbem
12/11/2025 10:30:33  - ShellExecute parameters: verb=open file=Y:\Data\098\peppol\in\V0202500001-001000.pdf params=
12/11/2025 10:30:33  - ShellExecute returned: 42 (Success)
12/11/2025 10:30:42  - Attempting ShellExecute. CurDir=C:\Documents and Settings\Jos\Desktop\marVB6 COMSPEC=C:\WINDOWS\system32\cmd.exe PATH=C:\WINDOWS\system32;C:\WINDOWS;C:\WINDOWS\System32\Wbem
12/11/2025 10:30:42  - ShellExecute parameters: verb=open file=Y:\Data\098\peppol\in\2025 _ 17477.pdf params=
12/11/2025 10:30:42  - ShellExecute returned: 42 (Success)
12/11/2025 10:30:58  - Attempting ShellExecute. CurDir=C:\Documents and Settings\Jos\Desktop\marVB6 COMSPEC=C:\WINDOWS\system32\cmd.exe PATH=C:\WINDOWS\system32;C:\WINDOWS;C:\WINDOWS\System32\Wbem
12/11/2025 10:30:58  - ShellExecute parameters: verb=open file=Y:\Data\098\peppol\in\V0202500001-001000.pdf params=
12/11/2025 10:30:58  - ShellExecute returned: 42 (Success)
12/11/2025 10:33:41  - Attempting ShellExecute. CurDir=C:\Documents and Settings\Jos\Desktop\marVB6 COMSPEC=C:\WINDOWS\system32\cmd.exe PATH=C:\WINDOWS\system32;C:\WINDOWS;C:\WINDOWS\System32\Wbem
12/11/2025 10:33:41  - ShellExecute parameters: verb=open file=Y:\Data\098\peppol\in\7575300228.pdf params=
12/11/2025 10:33:41  - ShellExecute returned: 42 (Success)
12/11/2025 10:33:57  - Attempting ShellExecute. CurDir=C:\Documents and Settings\Jos\Desktop\marVB6 COMSPEC=C:\WINDOWS\system32\cmd.exe PATH=C:\WINDOWS\system32;C:\WINDOWS;C:\WINDOWS\System32\Wbem
12/11/2025 10:33:57  - ShellExecute parameters: verb=open file=Y:\Data\098\peppol\in\7575300228.pdf params=
12/11/2025 10:33:57  - ShellExecute returned: 42 (Success)
12/11/2025 11:45:56  - Attempting ShellExecute. CurDir=C:\Documents and Settings\Jos\Desktop\marVB6 COMSPEC=C:\WINDOWS\system32\cmd.exe PATH=C:\WINDOWS\system32;C:\WINDOWS;C:\WINDOWS\System32\Wbem
12/11/2025 11:45:56  - ShellExecute parameters: verb=open file=Y:\Data\098\peppol\in\V0202500002-001000.pdf params=
12/11/2025 11:45:56  - ShellExecute returned: 42 (Success)
12/11/2025 11:55:00  - Attempting ShellExecute. CurDir=C:\Documents and Settings\Jos\Desktop\marVB6 COMSPEC=C:\WINDOWS\system32\cmd.exe PATH=C:\WINDOWS\system32;C:\WINDOWS;C:\WINDOWS\System32\Wbem
12/11/2025 11:55:00  - ShellExecute parameters: verb=open file=Y:\Data\098\peppol\in\28/11/2pdf params=
12/11/2025 11:55:00  - ShellExecute returned: 2 (SE_ERR_FileNotFound)
12/11/2025 11:55:09  - ShellExecuteEx returned: 0 (hProcess=0)
12/11/2025 11:55:09  - Trying COMSPEC fallback. Command: "C:\WINDOWS\system32\cmd.exe" /C start "" "Y:\Data\098\peppol\in\28/11/2pdf" 
12/11/2025 11:55:09  - Shell(cmd) returned pid: 604
12/11/2025 11:55:16  - Attempting ShellExecute. CurDir=C:\Documents and Settings\Jos\Desktop\marVB6 COMSPEC=C:\WINDOWS\system32\cmd.exe PATH=C:\WINDOWS\system32;C:\WINDOWS;C:\WINDOWS\System32\Wbem
12/11/2025 11:55:16  - ShellExecute parameters: verb=open file=Y:\Data\098\peppol\in\28/11/2pdf params=
12/11/2025 11:55:16  - ShellExecute returned: 2 (SE_ERR_FileNotFound)
12/11/2025 11:55:24  - ShellExecuteEx returned: 0 (hProcess=0)
12/11/2025 11:55:24  - Trying COMSPEC fallback. Command: "C:\WINDOWS\system32\cmd.exe" /C start "" "Y:\Data\098\peppol\in\28/11/2pdf" 
12/11/2025 11:55:24  - Shell(cmd) returned pid: 1436
12/11/2025 11:55:31  - Attempting ShellExecute. CurDir=C:\Documents and Settings\Jos\Desktop\marVB6 COMSPEC=C:\WINDOWS\system32\cmd.exe PATH=C:\WINDOWS\system32;C:\WINDOWS;C:\WINDOWS\System32\Wbem
12/11/2025 11:55:31  - ShellExecute parameters: verb=open file=Y:\Data\098\peppol\in\28/10/2pdf params=
12/11/2025 11:55:31  - ShellExecute returned: 2 (SE_ERR_FileNotFound)
12/11/2025 11:55:36  - ShellExecuteEx returned: 0 (hProcess=0)
12/11/2025 11:55:36  - Trying COMSPEC fallback. Command: "C:\WINDOWS\system32\cmd.exe" /C start "" "Y:\Data\098\peppol\in\28/10/2pdf" 
12/11/2025 11:55:36  - Shell(cmd) returned pid: 1112
12/11/2025 11:57:39  - Attempting ShellExecute. CurDir=C:\Documents and Settings\Jos\Desktop\marVB6 COMSPEC=C:\WINDOWS\system32\cmd.exe PATH=C:\WINDOWS\system32;C:\WINDOWS;C:\WINDOWS\System32\Wbem
12/11/2025 11:57:39  - ShellExecute parameters: verb=open file=Y:\Data\098\peppol\in\26/11/2pdf params=
12/11/2025 11:57:39  - ShellExecute returned: 2 (SE_ERR_FileNotFound)
12/11/2025 11:57:42  - ShellExecuteEx returned: 0 (hProcess=0)
12/11/2025 11:57:42  - Trying COMSPEC fallback. Command: "C:\WINDOWS\system32\cmd.exe" /C start "" "Y:\Data\098\peppol\in\26/11/2pdf" 
12/11/2025 11:57:42  - Shell(cmd) returned pid: 708
12/11/2025 11:59:43  - Attempting ShellExecute. CurDir=C:\Documents and Settings\Jos\Desktop\marVB6 COMSPEC=C:\WINDOWS\system32\cmd.exe PATH=C:\WINDOWS\system32;C:\WINDOWS;C:\WINDOWS\System32\Wbem
12/11/2025 11:59:43  - ShellExecute parameters: verb=open file=Y:\Data\098\peppol\in\VF2511070.pdf params=
12/11/2025 11:59:44  - ShellExecute returned: 42 (Success)
12/11/2025 11:59:57  - Attempting ShellExecute. CurDir=C:\Documents and Settings\Jos\Desktop\marVB6 COMSPEC=C:\WINDOWS\system32\cmd.exe PATH=C:\WINDOWS\system32;C:\WINDOWS;C:\WINDOWS\System32\Wbem
12/11/2025 11:59:57  - ShellExecute parameters: verb=open file=Y:\Data\098\peppol\in\V0202500001-001000.pdf params=
12/11/2025 11:59:57  - ShellExecute returned: 42 (Success)
12/11/2025 12:00:08  - Attempting ShellExecute. CurDir=C:\Documents and Settings\Jos\Desktop\marVB6 COMSPEC=C:\WINDOWS\system32\cmd.exe PATH=C:\WINDOWS\system32;C:\WINDOWS;C:\WINDOWS\System32\Wbem
12/11/2025 12:00:08  - ShellExecute parameters: verb=open file=Y:\Data\098\peppol\in\VF2511070.pdf params=
12/11/2025 12:00:08  - ShellExecute returned: 42 (Success)
12/11/2025 12:06:24  - Attempting ShellExecute. CurDir=C:\Documents and Settings\Jos\Desktop\marVB6 COMSPEC=C:\WINDOWS\system32\cmd.exe PATH=C:\WINDOWS\system32;C:\WINDOWS;C:\WINDOWS\System32\Wbem
12/11/2025 12:06:24  - ShellExecute parameters: verb=open file=Y:\Data\098\peppol\in\2025 _ 17477.pdf params=
12/11/2025 12:06:24  - ShellExecute returned: 42 (Success)
12/11/2025 12:06:53  - Attempting ShellExecute. CurDir=C:\Documents and Settings\Jos\Desktop\marVB6 COMSPEC=C:\WINDOWS\system32\cmd.exe PATH=C:\WINDOWS\system32;C:\WINDOWS;C:\WINDOWS\System32\Wbem
12/11/2025 12:06:53  - ShellExecute parameters: verb=open file=Y:\Data\098\peppol\in\7506394705.pdf params=
12/11/2025 12:06:53  - ShellExecute returned: 42 (Success)
13/11/2025 7:09:27  - Attempting ShellExecute. CurDir=C:\Documents and Settings\Jos\Desktop\marVB6 COMSPEC=C:\WINDOWS\system32\cmd.exe PATH=C:\WINDOWS\system32;C:\WINDOWS;C:\WINDOWS\System32\Wbem
13/11/2025 7:09:27  - ShellExecute parameters: verb=open file=Y:\Data\098\peppol\in\D86063E5-E8B1-4382-A8F5-9A69616463B0.pdf params=
13/11/2025 7:09:27  - ShellExecute returned: 42 (Success)
17/11/2025 16:39:32  - Attempting ShellExecute. CurDir=C:\Documents and Settings\Jos\Desktop\marVB6 COMSPEC=C:\WINDOWS\system32\cmd.exe PATH=C:\WINDOWS\system32;C:\WINDOWS;C:\WINDOWS\System32\Wbem
17/11/2025 16:39:32  - ShellExecute parameters: verb=open file=Y:\Data\001\peppol\in\251113651.pdf params=
17/11/2025 16:39:32  - ShellExecute returned: 42 (Success)
17/11/2025 16:48:44  - Attempting ShellExecute. CurDir=C:\Documents and Settings\Jos\Desktop\marVB6 COMSPEC=C:\WINDOWS\system32\cmd.exe PATH=C:\WINDOWS\system32;C:\WINDOWS;C:\WINDOWS\System32\Wbem
17/11/2025 16:48:44  - ShellExecute parameters: verb=open file=Y:\Data\001\peppol\in\251113651.pdf params=
17/11/2025 16:48:44  - ShellExecute returned: 42 (Success)
18/11/2025 6:34:01  - Attempting ShellExecute. CurDir=C:\Documents and Settings\Jos\Desktop\marVB6 COMSPEC=C:\WINDOWS\system32\cmd.exe PATH=C:\WINDOWS\system32;C:\WINDOWS;C:\WINDOWS\System32\Wbem
18/11/2025 6:34:01  - ShellExecute parameters: verb=open file=Y:\Data\098\peppol\in\7505838799.pdf params=
18/11/2025 6:34:02  - ShellExecute returned: 42 (Success)
18/11/2025 6:34:11  - Attempting ShellExecute. CurDir=C:\Documents and Settings\Jos\Desktop\marVB6 COMSPEC=C:\WINDOWS\system32\cmd.exe PATH=C:\WINDOWS\system32;C:\WINDOWS;C:\WINDOWS\System32\Wbem
18/11/2025 6:34:11  - ShellExecute parameters: verb=open file=Y:\Data\098\peppol\in\VF2511070.pdf params=
18/11/2025 6:34:11  - ShellExecute returned: 42 (Success)
18/11/2025 6:34:16  - Attempting ShellExecute. CurDir=C:\Documents and Settings\Jos\Desktop\marVB6 COMSPEC=C:\WINDOWS\system32\cmd.exe PATH=C:\WINDOWS\system32;C:\WINDOWS;C:\WINDOWS\System32\Wbem
18/11/2025 6:34:16  - ShellExecute parameters: verb=open file=Y:\Data\098\peppol\in\3210106624.pdf params=
18/11/2025 6:34:16  - ShellExecute returned: 42 (Success)
18/11/2025 6:45:36  - Attempting ShellExecute. CurDir=C:\Documents and Settings\Jos\Desktop\marVB6 COMSPEC=C:\WINDOWS\system32\cmd.exe PATH=C:\WINDOWS\system32;C:\WINDOWS;C:\WINDOWS\System32\Wbem
18/11/2025 6:45:36  - ShellExecute parameters: verb=open file=Y:\Data\001\peppol\in\251113651.pdf params=
18/11/2025 6:45:36  - ShellExecute returned: 42 (Success)
18/11/2025 6:58:00  - Attempting ShellExecute. CurDir=C:\Documents and Settings\Jos\Desktop\marVB6 COMSPEC=C:\WINDOWS\system32\cmd.exe PATH=C:\WINDOWS\system32;C:\WINDOWS;C:\WINDOWS\System32\Wbem
18/11/2025 6:58:00  - ShellExecute parameters: verb=open file=Y:\Data\001\peppol\in\251113651.pdf params=
18/11/2025 6:58:01  - ShellExecute returned: 42 (Success)
19/11/2025 6:25:56  - Attempting ShellExecute. CurDir=C:\Documents and Settings\Jos\Desktop\marVB6 COMSPEC=C:\WINDOWS\system32\cmd.exe PATH=C:\WINDOWS\system32;C:\WINDOWS;C:\WINDOWS\System32\Wbem
19/11/2025 6:25:56  - ShellExecute parameters: verb=open file=c:\documents and settings\jos\my documents\marnt\archief params=
19/11/2025 6:25:56  - ShellExecute returned: 2 (SE_ERR_FileNotFound)
19/11/2025 6:26:06  - ShellExecuteEx returned: 0 (hProcess=0)
19/11/2025 6:26:06  - Trying COMSPEC fallback. Command: "C:\WINDOWS\system32\cmd.exe" /C start "" "c:\documents and settings\jos\my documents\marnt\archief" 
19/11/2025 6:26:06  - Shell(cmd) returned pid: 1524
19/11/2025 6:29:09  - Attempting ShellExecute. CurDir=C:\Documents and Settings\Jos\Desktop\marVB6 COMSPEC=C:\WINDOWS\system32\cmd.exe PATH=C:\WINDOWS\system32;C:\WINDOWS;C:\WINDOWS\System32\Wbem
19/11/2025 6:29:09  - ShellExecute parameters: verb=open file=c:\documents and settings\jos\my documents\marnt\archief params=
19/11/2025 6:29:09  - ShellExecute returned: 33 (Success)
19/11/2025 6:29:10  - Attempting ShellExecute. CurDir=C:\Documents and Settings\Jos\Desktop\marVB6 COMSPEC=C:\WINDOWS\system32\cmd.exe PATH=C:\WINDOWS\system32;C:\WINDOWS;C:\WINDOWS\System32\Wbem
19/11/2025 6:29:10  - ShellExecute parameters: verb=open file=c:\documents and settings\jos\my documents\marnt\manueel params=
19/11/2025 6:29:10  - ShellExecute returned: 33 (Success)
19/11/2025 6:29:45  - Attempting ShellExecute. CurDir=C:\Documents and Settings\Jos\Desktop\marVB6 COMSPEC=C:\WINDOWS\system32\cmd.exe PATH=C:\WINDOWS\system32;C:\WINDOWS;C:\WINDOWS\System32\Wbem
19/11/2025 6:29:45  - ShellExecute parameters: verb=open file=c:\documents and settings\jos\my documents\marnt params=
19/11/2025 6:29:45  - ShellExecute returned: 33 (Success)
19/11/2025 7:36:26  - Attempting ShellExecute. CurDir=C:\Documents and Settings\Jos\Desktop\marVB6 COMSPEC=C:\WINDOWS\system32\cmd.exe PATH=C:\WINDOWS\system32;C:\WINDOWS;C:\WINDOWS\System32\Wbem
19/11/2025 7:36:26  - ShellExecute parameters: verb=open file=Y: params=
19/11/2025 7:36:26  - ShellExecute returned: 33 (Success)
22/11/2025 10:08:14  - Attempting ShellExecute. CurDir=c:\progra~1\micros~3\office14 COMSPEC=C:\WINDOWS\system32\cmd.exe PATH=C:\WINDOWS\system32;C:\WINDOWS;C:\WINDOWS\System32\Wbem
22/11/2025 10:08:14  - ShellExecute parameters: verb=open file=Y:\Data\098\peppol\out\V0202550412-220935.pdf params=
22/11/2025 10:08:14  - ShellExecute returned: 42 (Success)
22/11/2025 10:10:32  - Attempting ShellExecute. CurDir=c:\progra~1\micros~3\office14 COMSPEC=C:\WINDOWS\system32\cmd.exe PATH=C:\WINDOWS\system32;C:\WINDOWS;C:\WINDOWS\System32\Wbem
22/11/2025 10:10:32  - ShellExecute parameters: verb=open file=Y:\Data\098\peppol\out\V0202550401-98001000.pdf params=
22/11/2025 10:10:32  - ShellExecute returned: 42 (Success)
22/11/2025 10:12:28  - Attempting ShellExecute. CurDir=c:\progra~1\micros~3\office14 COMSPEC=C:\WINDOWS\system32\cmd.exe PATH=C:\WINDOWS\system32;C:\WINDOWS;C:\WINDOWS\System32\Wbem
22/11/2025 10:12:28  - ShellExecute parameters: verb=open file=Y:\Data\098\peppol\out\V0202550404-990003.pdf params=
22/11/2025 10:12:28  - ShellExecute returned: 42 (Success)
22/11/2025 10:55:04  - Attempting ShellExecute. CurDir=c:\progra~1\micros~3\office14 COMSPEC=C:\WINDOWS\system32\cmd.exe PATH=C:\WINDOWS\system32;C:\WINDOWS;C:\WINDOWS\System32\Wbem
22/11/2025 10:55:04  - ShellExecute parameters: verb=open file=Y:\Data\098\peppol\out\V0202550412-220935.pdf params=
22/11/2025 10:55:04  - ShellExecute returned: 42 (Success)
22/11/2025 10:55:15  - Attempting ShellExecute. CurDir=c:\progra~1\micros~3\office14 COMSPEC=C:\WINDOWS\system32\cmd.exe PATH=C:\WINDOWS\system32;C:\WINDOWS;C:\WINDOWS\System32\Wbem
22/11/2025 10:55:15  - ShellExecute parameters: verb=open file=Y:\Data\098\peppol\out\V0202550403-98001040.pdf params=
22/11/2025 10:55:15  - ShellExecute returned: 42 (Success)
22/11/2025 18:41:00  - Attempting ShellExecute. CurDir=C:\Documents and Settings\Jos\Desktop\marVB6 COMSPEC=C:\WINDOWS\system32\cmd.exe PATH=C:\WINDOWS\system32;C:\WINDOWS;C:\WINDOWS\System32\Wbem
22/11/2025 18:41:00  - ShellExecute parameters: verb=open file=Y:\Data\099\peppol\in\V0202550412-220935.pdf params=
22/11/2025 18:41:00  - ShellExecute returned: 42 (Success)
23/11/2025 6:52:36  - Attempting ShellExecute. CurDir=C:\Documents and Settings\Jos\Desktop\marVB6 COMSPEC=C:\WINDOWS\system32\cmd.exe PATH=C:\WINDOWS\system32;C:\WINDOWS;C:\WINDOWS\System32\Wbem
23/11/2025 6:52:36  - ShellExecute parameters: verb=open file=Y:\Data\099\peppol\in\D86063E5-E8B1-4382-A8F5-9A69616463B0.pdf params=
23/11/2025 6:52:36  - ShellExecute returned: 42 (Success)
23/11/2025 7:33:44  - Attempting ShellExecute. CurDir=C:\Documents and Settings\Jos\Desktop\marVB6 COMSPEC=C:\WINDOWS\system32\cmd.exe PATH=C:\WINDOWS\system32;C:\WINDOWS;C:\WINDOWS\System32\Wbem
23/11/2025 7:33:44  - ShellExecute parameters: verb=open file=Y:\Data\099\peppol\in\VF2511070.pdf params=
23/11/2025 7:33:44  - ShellExecute returned: 42 (Success)
23/11/2025 7:38:36  - Attempting ShellExecute. CurDir=C:\Documents and Settings\Jos\Desktop\marVB6 COMSPEC=C:\WINDOWS\system32\cmd.exe PATH=C:\WINDOWS\system32;C:\WINDOWS;C:\WINDOWS\System32\Wbem
23/11/2025 7:38:36  - ShellExecute parameters: verb=open file=Y:\Data\099\peppol\in\VF2511070.pdf params=
23/11/2025 7:38:36  - ShellExecute returned: 42 (Success)
23/11/2025 9:56:10  - Attempting ShellExecute. CurDir=c:\progra~1\micros~3\office14 COMSPEC=C:\WINDOWS\system32\cmd.exe PATH=C:\WINDOWS\system32;C:\WINDOWS;C:\WINDOWS\System32\Wbem
23/11/2025 9:56:10  - ShellExecute parameters: verb=open file=Y:\Data\099\peppol\out\V0202500001-0440058217.pdf params=
23/11/2025 9:56:10  - ShellExecute returned: 42 (Success)
23/11/2025 9:56:27  - Attempting ShellExecute. CurDir=c:\progra~1\micros~3\office14 COMSPEC=C:\WINDOWS\system32\cmd.exe PATH=C:\WINDOWS\system32;C:\WINDOWS;C:\WINDOWS\System32\Wbem
23/11/2025 9:56:27  - ShellExecute parameters: verb=open file=Y:\Data\099\peppol\out\V0202500001-0440058217.pdf params=
23/11/2025 9:56:27  - ShellExecute returned: 42 (Success)
1/12/2025 8:39:09  - Attempting ShellExecute. CurDir=C:\Documents and Settings\Jos\Desktop\marVB6 COMSPEC=C:\WINDOWS\system32\cmd.exe PATH=C:\WINDOWS\system32;C:\WINDOWS;C:\WINDOWS\System32\Wbem
1/12/2025 8:39:09  - ShellExecute parameters: verb=open file=Y:\Data\098\peppol\out\V0202550419-220935.pdf params=
1/12/2025 8:39:09  - ShellExecute returned: 42 (Success)
1/12/2025 9:07:18  - Attempting ShellExecute. CurDir=C:\Documents and Settings\Jos\Desktop\marVB6 COMSPEC=C:\WINDOWS\system32\cmd.exe PATH=C:\WINDOWS\system32;C:\WINDOWS;C:\WINDOWS\System32\Wbem
1/12/2025 9:07:18  - ShellExecute parameters: verb=open file=cmd params=
1/12/2025 9:07:18  - ShellExecute returned: 42 (Success)
1/12/2025 9:09:23  - Attempting ShellExecute. CurDir=C:\Documents and Settings\Jos\Desktop\marVB6 COMSPEC=C:\WINDOWS\system32\cmd.exe PATH=C:\WINDOWS\system32;C:\WINDOWS;C:\WINDOWS\System32\Wbem
1/12/2025 9:09:23  - ShellExecute parameters: verb=open file=hh.exe C:\Documents and Settings\Jos\Desktop\marVB6\marot.chm params=
1/12/2025 9:09:23  - ShellExecute returned: 2 (SE_ERR_FileNotFound)
1/12/2025 9:09:38  - ShellExecuteEx returned: 0 (hProcess=0)
1/12/2025 9:09:38  - Trying COMSPEC fallback. Command: "C:\WINDOWS\system32\cmd.exe" /C start "" "hh.exe C:\Documents and Settings\Jos\Desktop\marVB6\marot.chm" 
1/12/2025 9:09:38  - Shell(cmd) returned pid: 220
1/12/2025 9:10:28  - Attempting ShellExecute. CurDir=C:\Documents and Settings\Jos\Desktop\marVB6 COMSPEC=C:\WINDOWS\system32\cmd.exe PATH=C:\WINDOWS\system32;C:\WINDOWS;C:\WINDOWS\System32\Wbem
1/12/2025 9:10:28  - ShellExecute parameters: verb=open file=https://peppol-tools.ademico-software.com/ui/document-validator params=
1/12/2025 9:10:28  - ShellExecute returned: 42 (Success)
1/12/2025 9:12:28  - Attempting ShellExecute. CurDir=C:\Documents and Settings\Jos\Desktop\marVB6 COMSPEC=C:\WINDOWS\system32\cmd.exe PATH=C:\WINDOWS\system32;C:\WINDOWS;C:\WINDOWS\System32\Wbem
1/12/2025 9:12:28  - ShellExecute parameters: verb=open file=cmd params=
1/12/2025 9:12:28  - ShellExecute returned: 42 (Success)
1/12/2025 9:12:34  - Attempting ShellExecute. CurDir=C:\Documents and Settings\Jos\Desktop\marVB6 COMSPEC=C:\WINDOWS\system32\cmd.exe PATH=C:\WINDOWS\system32;C:\WINDOWS;C:\WINDOWS\System32\Wbem
1/12/2025 9:12:34  - ShellExecute parameters: verb=open file=hh.exe C:\Documents and Settings\Jos\Desktop\marVB6\marot.chm params=
1/12/2025 9:12:34  - ShellExecute returned: 2 (SE_ERR_FileNotFound)
1/12/2025 9:12:52  - ShellExecuteEx returned: 0 (hProcess=0)
1/12/2025 9:12:52  - Trying COMSPEC fallback. Command: "C:\WINDOWS\system32\cmd.exe" /C start "" "hh.exe C:\Documents and Settings\Jos\Desktop\marVB6\marot.chm" 
1/12/2025 9:12:52  - Shell(cmd) returned pid: 1432
3/12/2025 15:38:44  - Attempting ShellExecute. CurDir=C:\Documents and Settings\Jos\Desktop\marVB6 COMSPEC=C:\WINDOWS\system32\cmd.exe PATH=C:\WINDOWS\system32;C:\WINDOWS;C:\WINDOWS\System32\Wbem
3/12/2025 15:38:44  - ShellExecute parameters: verb=open file=Y:\Data\099\peppol\in\V0202550423-220935.pdf params=
3/12/2025 15:38:44  - ShellExecute returned: 42 (Success)
3/12/2025 15:51:47  - Attempting ShellExecute. CurDir=C:\Documents and Settings\Jos\Desktop\marVB6 COMSPEC=C:\WINDOWS\system32\cmd.exe PATH=C:\WINDOWS\system32;C:\WINDOWS;C:\WINDOWS\System32\Wbem
3/12/2025 15:51:47  - ShellExecute parameters: verb=open file=Y:\Data\099\peppol\in\V0202550422-220935.pdf params=
3/12/2025 15:51:47  - ShellExecute returned: 42 (Success)
3/12/2025 16:06:15  - Attempting ShellExecute. CurDir=C:\Documents and Settings\Jos\Desktop\marVB6 COMSPEC=C:\WINDOWS\system32\cmd.exe PATH=C:\WINDOWS\system32;C:\WINDOWS;C:\WINDOWS\System32\Wbem
3/12/2025 16:06:15  - ShellExecute parameters: verb=open file=Y:\Data\098\peppol\in\V0202525101-0440058217.pdf params=
3/12/2025 16:06:15  - ShellExecute returned: 42 (Success)
3/12/2025 16:06:27  - Attempting ShellExecute. CurDir=C:\Documents and Settings\Jos\Desktop\marVB6 COMSPEC=C:\WINDOWS\system32\cmd.exe PATH=C:\WINDOWS\system32;C:\WINDOWS;C:\WINDOWS\System32\Wbem
3/12/2025 16:06:27  - ShellExecute parameters: verb=open file=Y:\Data\098\peppol\in\V0202525102-0440058217.pdf params=
3/12/2025 16:06:27  - ShellExecute returned: 42 (Success)
7/12/2025 17:22:54  - Attempting ShellExecute. CurDir=C:\Documents and Settings\Jos\Desktop\marVB6 COMSPEC=C:\WINDOWS\system32\cmd.exe PATH=C:\WINDOWS\system32;C:\WINDOWS;C:\WINDOWS\System32\Wbem
7/12/2025 17:22:54  - ShellExecute parameters: verb=open file=Z:\Documenten\marNT\archief params=
7/12/2025 17:22:54  - ShellExecute returned: 33 (Success)
15/12/2025 18:18:59  - Attempting ShellExecute. CurDir=C:\Documents and Settings\Jos\Desktop\marVB6 COMSPEC=C:\WINDOWS\system32\cmd.exe PATH=C:\WINDOWS\system32;C:\WINDOWS;C:\WINDOWS\System32\Wbem
15/12/2025 18:18:59  - ShellExecute parameters: verb=open file=Y:\Data\001\peppol\in\251213220.pdf params=
15/12/2025 18:18:59  - ShellExecute returned: 42 (Success)
15/12/2025 18:19:43  - Attempting ShellExecute. CurDir=C:\Documents and Settings\Jos\Desktop\marVB6 COMSPEC=C:\WINDOWS\system32\cmd.exe PATH=C:\WINDOWS\system32;C:\WINDOWS;C:\WINDOWS\System32\Wbem
15/12/2025 18:19:43  - ShellExecute parameters: verb=open file=Y:\Data\001\peppol\in\251213220.pdf params=
15/12/2025 18:19:43  - ShellExecute returned: 42 (Success)
15/12/2025 18:20:06  - Attempting ShellExecute. CurDir=c:\progra~1\micros~3\office14 COMSPEC=C:\WINDOWS\system32\cmd.exe PATH=C:\WINDOWS\system32;C:\WINDOWS;C:\WINDOWS\System32\Wbem
15/12/2025 18:20:06  - ShellExecute parameters: verb=open file=Y:\Data\001\peppol\out\V0202550016-98003100.pdf params=
15/12/2025 18:20:06  - ShellExecute returned: 42 (Success)
21/12/2025 19:34:09  - Attempting ShellExecute. CurDir=C:\Documents and Settings\Jos\Desktop\marVB6 COMSPEC=C:\WINDOWS\system32\cmd.exe PATH=C:\WINDOWS\system32;C:\WINDOWS;C:\WINDOWS\System32\Wbem
21/12/2025 19:34:09  - ShellExecute parameters: verb=open file=Y:\Data\098\peppol\in\invoice8.pdf params=
21/12/2025 19:34:09  - ShellExecute returned: 42 (Success)
6/01/2026 8:45:29  - Attempting ShellExecute. CurDir=C:\Documents and Settings\Jos\Desktop\marVB6 COMSPEC=C:\WINDOWS\system32\cmd.exe PATH=C:\WINDOWS\system32;C:\WINDOWS;C:\WINDOWS\System32\Wbem
6/01/2026 8:45:29  - ShellExecute parameters: verb=open file=Y:\Data\098\peppol\in\kbc-invoice14.pdf params=
6/01/2026 8:45:29  - ShellExecute returned: 42 (Success)
6/01/2026 8:46:08  - Attempting ShellExecute. CurDir=C:\Documents and Settings\Jos\Desktop\marVB6 COMSPEC=C:\WINDOWS\system32\cmd.exe PATH=C:\WINDOWS\system32;C:\WINDOWS;C:\WINDOWS\System32\Wbem
6/01/2026 8:46:08  - ShellExecute parameters: verb=open file=Y:\Data\098\peppol\in\kbc-invoice16.pdf params=
6/01/2026 8:46:08  - ShellExecute returned: 42 (Success)
6/01/2026 9:09:53  - Attempting ShellExecute. CurDir=C:\Documents and Settings\Jos\Desktop\marVB6 COMSPEC=C:\WINDOWS\system32\cmd.exe PATH=C:\WINDOWS\system32;C:\WINDOWS;C:\WINDOWS\System32\Wbem
6/01/2026 9:09:53  - ShellExecute parameters: verb=open file=Y:\Data\098\peppol\in\socsecr-creditnote-invoice8.pdf params=
6/01/2026 9:09:53  - ShellExecute returned: 42 (Success)
6/01/2026 9:09:53  - Attempting ShellExecute. CurDir=C:\Documents and Settings\Jos\Desktop\marVB6 COMSPEC=C:\WINDOWS\system32\cmd.exe PATH=C:\WINDOWS\system32;C:\WINDOWS;C:\WINDOWS\System32\Wbem
6/01/2026 9:09:53  - ShellExecute parameters: verb=open file=Y:\Data\098\peppol\in\socsecr-creditnote-invoice8.pdf params=
6/01/2026 9:09:53  - ShellExecute returned: 42 (Success)
6/01/2026 9:19:02  - Attempting ShellExecute. CurDir=C:\Documents and Settings\Jos\Desktop\marVB6 COMSPEC=C:\WINDOWS\system32\cmd.exe PATH=C:\WINDOWS\system32;C:\WINDOWS;C:\WINDOWS\System32\Wbem
6/01/2026 9:19:02  - ShellExecute parameters: verb=open file=Y:\Data\098\peppol\in\socsecr-creditnote-invoice8.pdf params=
6/01/2026 9:19:03  - ShellExecute returned: 42 (Success)
6/01/2026 13:28:08  - Attempting ShellExecute. CurDir=C:\Documents and Settings\Jos\Desktop\marVB6 COMSPEC=C:\WINDOWS\system32\cmd.exe PATH=C:\WINDOWS\system32;C:\WINDOWS;C:\WINDOWS\System32\Wbem
6/01/2026 13:28:08  - ShellExecute parameters: verb=open file=Y:\Data\098\peppol\in\dekinder-invoice3.pdf params=
6/01/2026 13:28:09  - ShellExecute returned: 42 (Success)
6/01/2026 15:38:53  - Attempting ShellExecute. CurDir=c:\progra~1\micros~3\office14 COMSPEC=C:\WINDOWS\system32\cmd.exe PATH=C:\WINDOWS\system32;C:\WINDOWS;C:\WINDOWS\System32\Wbem
6/01/2026 15:38:53  - ShellExecute parameters: verb=open file=Z:\Documenten\marNT\manueel params=
6/01/2026 15:38:53  - ShellExecute returned: 33 (Success)
6/01/2026 16:17:49  - Attempting ShellExecute. CurDir=C:\Documents and Settings\Jos\Desktop\marVB6 COMSPEC=C:\WINDOWS\system32\cmd.exe PATH=C:\WINDOWS\system32;C:\WINDOWS;C:\WINDOWS\System32\Wbem
6/01/2026 16:17:49  - ShellExecute parameters: verb=open file=Z:\Documenten\marNT\archief params=
6/01/2026 16:17:49  - ShellExecute returned: 33 (Success)
6/01/2026 16:17:54  - Attempting ShellExecute. CurDir=C:\Documents and Settings\Jos\Desktop\marVB6 COMSPEC=C:\WINDOWS\system32\cmd.exe PATH=C:\WINDOWS\system32;C:\WINDOWS;C:\WINDOWS\System32\Wbem
6/01/2026 16:17:54  - ShellExecute parameters: verb=open file=Z:\Documenten\marNT\manueel params=
6/01/2026 16:17:54  - ShellExecute returned: 33 (Success)
6/01/2026 16:53:17  - Attempting ShellExecute. CurDir=C:\Documents and Settings\Jos\Desktop\marVB6 COMSPEC=C:\WINDOWS\system32\cmd.exe PATH=C:\WINDOWS\system32;C:\WINDOWS;C:\WINDOWS\System32\Wbem
6/01/2026 16:53:17  - ShellExecute parameters: verb=open file=Y:\Data\098\peppol\out\V0202650021-98001040.pdf params=
6/01/2026 16:53:17  - ShellExecute returned: 42 (Success)
6/01/2026 16:53:36  - Attempting ShellExecute. CurDir=C:\Documents and Settings\Jos\Desktop\marVB6 COMSPEC=C:\WINDOWS\system32\cmd.exe PATH=C:\WINDOWS\system32;C:\WINDOWS;C:\WINDOWS\System32\Wbem
6/01/2026 16:53:36  - ShellExecute parameters: verb=open file=Z:\Documenten\marNT\manueel params=
6/01/2026 16:53:36  - ShellExecute returned: 33 (Success)
6/01/2026 16:56:59  - Attempting ShellExecute. CurDir=C:\Documents and Settings\Jos\Desktop\marVB6 COMSPEC=C:\WINDOWS\system32\cmd.exe PATH=C:\WINDOWS\system32;C:\WINDOWS;C:\WINDOWS\System32\Wbem
6/01/2026 16:56:59  - ShellExecute parameters: verb=open file=Z:\Documenten\marNT\manueel params=
6/01/2026 16:56:59  - ShellExecute returned: 33 (Success)
12/01/2026 16:41:50  - Attempting ShellExecute. CurDir=C:\Documents and Settings\Jos\Desktop\marVB6 COMSPEC=C:\WINDOWS\system32\cmd.exe PATH=C:\WINDOWS\system32;C:\WINDOWS;C:\WINDOWS\System32\Wbem
12/01/2026 16:41:50  - ShellExecute parameters: verb=open file=C:\Documents and Settings\Jos\Desktop\marVB6\Def\PeppolDocTypes.pdf params=
12/01/2026 16:41:50  - ShellExecute returned: 42 (Success)
19/01/2026 12:03:18  - Attempting ShellExecute. CurDir=C:\Documents and Settings\Jos\Desktop\marVB6 COMSPEC=C:\WINDOWS\system32\cmd.exe PATH=C:\WINDOWS\system32;C:\WINDOWS;C:\WINDOWS\System32\Wbem
19/01/2026 12:03:18  - ShellExecute parameters: verb=open file=Y:\Data\098\peppol\in\dekinder-invoice3.pdf params=
19/01/2026 12:03:18  - ShellExecute returned: 42 (Success)
19/01/2026 12:10:06  - Attempting ShellExecute. CurDir=C:\Documents and Settings\Jos\Desktop\marVB6 COMSPEC=C:\WINDOWS\system32\cmd.exe PATH=C:\WINDOWS\system32;C:\WINDOWS;C:\WINDOWS\System32\Wbem
19/01/2026 12:10:06  - ShellExecute parameters: verb=open file=Y:\Data\001\peppol\in\V0202600005-001000.pdf params=
19/01/2026 12:10:06  - ShellExecute returned: 42 (Success)
19/01/2026 12:13:07  - Attempting ShellExecute. CurDir=C:\Documents and Settings\Jos\Desktop\marVB6 COMSPEC=C:\WINDOWS\system32\cmd.exe PATH=C:\WINDOWS\system32;C:\WINDOWS;C:\WINDOWS\System32\Wbem
19/01/2026 12:13:07  - ShellExecute parameters: verb=open file=Y:\Data\001\peppol\in\invoiceNoPdf.html params=
19/01/2026 12:13:07  - ShellExecute returned: 42 (Success)
19/01/2026 12:13:33  - Attempting ShellExecute. CurDir=C:\Documents and Settings\Jos\Desktop\marVB6 COMSPEC=C:\WINDOWS\system32\cmd.exe PATH=C:\WINDOWS\system32;C:\WINDOWS;C:\WINDOWS\System32\Wbem
19/01/2026 12:13:33  - ShellExecute parameters: verb=open file=Y:\Data\001\peppol\in\invoiceNoPdf.html params=
19/01/2026 12:13:33  - ShellExecute returned: 42 (Success)
19/01/2026 12:14:59  - Attempting ShellExecute. CurDir=C:\Documents and Settings\Jos\Desktop\marVB6 COMSPEC=C:\WINDOWS\system32\cmd.exe PATH=C:\WINDOWS\system32;C:\WINDOWS;C:\WINDOWS\System32\Wbem
19/01/2026 12:14:59  - ShellExecute parameters: verb=open file=Y:\Data\001\peppol\in\invoiceNoPdf.html params=
19/01/2026 12:14:59  - ShellExecute returned: 42 (Success)
19/01/2026 12:16:04  - Attempting ShellExecute. CurDir=C:\Documents and Settings\Jos\Desktop\marVB6 COMSPEC=C:\WINDOWS\system32\cmd.exe PATH=C:\WINDOWS\system32;C:\WINDOWS;C:\WINDOWS\System32\Wbem
19/01/2026 12:16:04  - ShellExecute parameters: verb=open file=Y:\Data\001\peppol\in\invoiceNoPdf.html params=
19/01/2026 12:16:04  - ShellExecute returned: 42 (Success)
19/01/2026 12:16:58  - Attempting ShellExecute. CurDir=C:\Documents and Settings\Jos\Desktop\marVB6 COMSPEC=C:\WINDOWS\system32\cmd.exe PATH=C:\WINDOWS\system32;C:\WINDOWS;C:\WINDOWS\System32\Wbem
19/01/2026 12:16:58  - ShellExecute parameters: verb=open file=Y:\Data\001\peppol\in\invoiceNoPdf.html params=
19/01/2026 12:16:58  - ShellExecute returned: 42 (Success)
19/01/2026 12:17:33  - Attempting ShellExecute. CurDir=C:\Documents and Settings\Jos\Desktop\marVB6 COMSPEC=C:\WINDOWS\system32\cmd.exe PATH=C:\WINDOWS\system32;C:\WINDOWS;C:\WINDOWS\System32\Wbem
19/01/2026 12:17:33  - ShellExecute parameters: verb=open file=Y:\Data\001\peppol\in\V0202600005-001000.pdf params=
19/01/2026 12:17:33  - ShellExecute returned: 42 (Success)
19/01/2026 12:18:19  - Attempting ShellExecute. CurDir=C:\Documents and Settings\Jos\Desktop\marVB6 COMSPEC=C:\WINDOWS\system32\cmd.exe PATH=C:\WINDOWS\system32;C:\WINDOWS;C:\WINDOWS\System32\Wbem
19/01/2026 12:18:19  - ShellExecute parameters: verb=open file=Y:\Data\098\peppol\in\invoiceNoPdf.html params=
19/01/2026 12:18:19  - ShellExecute returned: 42 (Success)
19/01/2026 12:18:49  - Attempting ShellExecute. CurDir=C:\Documents and Settings\Jos\Desktop\marVB6 COMSPEC=C:\WINDOWS\system32\cmd.exe PATH=C:\WINDOWS\system32;C:\WINDOWS;C:\WINDOWS\System32\Wbem
19/01/2026 12:18:49  - ShellExecute parameters: verb=open file=Y:\Data\098\peppol\in\invoiceNoPdf.html params=
19/01/2026 12:18:49  - ShellExecute returned: 42 (Success)
19/01/2026 12:18:58  - Attempting ShellExecute. CurDir=C:\Documents and Settings\Jos\Desktop\marVB6 COMSPEC=C:\WINDOWS\system32\cmd.exe PATH=C:\WINDOWS\system32;C:\WINDOWS;C:\WINDOWS\System32\Wbem
19/01/2026 12:18:58  - ShellExecute parameters: verb=open file=Y:\Data\098\peppol\in\dekinder-invoice3.pdf params=
19/01/2026 12:18:58  - ShellExecute returned: 42 (Success)
19/01/2026 12:19:20  - Attempting ShellExecute. CurDir=C:\Documents and Settings\Jos\Desktop\marVB6 COMSPEC=C:\WINDOWS\system32\cmd.exe PATH=C:\WINDOWS\system32;C:\WINDOWS;C:\WINDOWS\System32\Wbem
19/01/2026 12:19:20  - ShellExecute parameters: verb=open file=Y:\Data\098\peppol\in\invoiceNoPdf.html params=
19/01/2026 12:19:20  - ShellExecute returned: 42 (Success)
19/01/2026 12:25:59  - Attempting ShellExecute. CurDir=C:\Documents and Settings\Jos\Desktop\marVB6 COMSPEC=C:\WINDOWS\system32\cmd.exe PATH=C:\WINDOWS\system32;C:\WINDOWS;C:\WINDOWS\System32\Wbem
19/01/2026 12:25:59  - ShellExecute parameters: verb=open file=Y:\Data\098\peppol\in\invoiceNoPdf.html params=
19/01/2026 12:25:59  - ShellExecute returned: 42 (Success)
19/01/2026 12:26:08  - Attempting ShellExecute. CurDir=C:\Documents and Settings\Jos\Desktop\marVB6 COMSPEC=C:\WINDOWS\system32\cmd.exe PATH=C:\WINDOWS\system32;C:\WINDOWS;C:\WINDOWS\System32\Wbem
19/01/2026 12:26:08  - ShellExecute parameters: verb=open file=Y:\Data\098\peppol\in\V0202625558-001000.pdf params=
19/01/2026 12:26:08  - ShellExecute returned: 42 (Success)
19/01/2026 12:27:09  - Attempting ShellExecute. CurDir=C:\Documents and Settings\Jos\Desktop\marVB6 COMSPEC=C:\WINDOWS\system32\cmd.exe PATH=C:\WINDOWS\system32;C:\WINDOWS;C:\WINDOWS\System32\Wbem
19/01/2026 12:27:09  - ShellExecute parameters: verb=open file=Y:\Data\098\peppol\in\invoiceNoPdf.html params=
19/01/2026 12:27:09  - ShellExecute returned: 42 (Success)
19/01/2026 12:28:32  - Attempting ShellExecute. CurDir=C:\Documents and Settings\Jos\Desktop\marVB6 COMSPEC=C:\WINDOWS\system32\cmd.exe PATH=C:\WINDOWS\system32;C:\WINDOWS;C:\WINDOWS\System32\Wbem
19/01/2026 12:28:32  - ShellExecute parameters: verb=open file=Y:\Data\098\peppol\in\V0202625558-001000.pdf params=
19/01/2026 12:28:32  - ShellExecute returned: 42 (Success)
19/01/2026 12:32:05  - Attempting ShellExecute. CurDir=C:\Documents and Settings\Jos\Desktop\marVB6 COMSPEC=C:\WINDOWS\system32\cmd.exe PATH=C:\WINDOWS\system32;C:\WINDOWS;C:\WINDOWS\System32\Wbem
19/01/2026 12:32:05  - ShellExecute parameters: verb=open file=Y:\Data\098\peppol\in\invoiceNoPdf.html params=
19/01/2026 12:32:05  - ShellExecute returned: 42 (Success)
19/01/2026 12:32:21  - Attempting ShellExecute. CurDir=C:\Documents and Settings\Jos\Desktop\marVB6 COMSPEC=C:\WINDOWS\system32\cmd.exe PATH=C:\WINDOWS\system32;C:\WINDOWS;C:\WINDOWS\System32\Wbem
19/01/2026 12:32:21  - ShellExecute parameters: verb=open file=Y:\Data\098\peppol\in\invoiceNoPdf.html params=
19/01/2026 12:32:21  - ShellExecute returned: 42 (Success)
19/01/2026 12:34:38  - Attempting ShellExecute. CurDir=C:\Documents and Settings\Jos\Desktop\marVB6 COMSPEC=C:\WINDOWS\system32\cmd.exe PATH=C:\WINDOWS\system32;C:\WINDOWS;C:\WINDOWS\System32\Wbem
19/01/2026 12:34:38  - ShellExecute parameters: verb=open file=Y:\Data\098\peppol\in\invoiceNoPdf.html params=
19/01/2026 12:34:38  - ShellExecute returned: 42 (Success)
24/01/2026 15:43:59  - Attempting ShellExecute. CurDir=C:\Documents and Settings\Jos\Desktop\marVB6 COMSPEC=C:\WINDOWS\system32\cmd.exe PATH=C:\WINDOWS\system32;C:\WINDOWS;C:\WINDOWS\System32\Wbem
24/01/2026 15:43:59  - ShellExecute parameters: verb=open file=Z:\Documenten\marNT\archief params=
24/01/2026 15:43:59  - ShellExecute returned: 33 (Success)
24/01/2026 15:44:18  - Attempting ShellExecute. CurDir=C:\Documents and Settings\Jos\Desktop\marVB6 COMSPEC=C:\WINDOWS\system32\cmd.exe PATH=C:\WINDOWS\system32;C:\WINDOWS;C:\WINDOWS\System32\Wbem
24/01/2026 15:44:18  - ShellExecute parameters: verb=open file=Z:\Documenten\marNT\archief params=
24/01/2026 15:44:18  - ShellExecute returned: 33 (Success)
28/01/2026 8:45:35  - Attempting ShellExecute. CurDir=c:\progra~1\micros~3\office14 COMSPEC=C:\WINDOWS\system32\cmd.exe PATH=C:\WINDOWS\system32;C:\WINDOWS;C:\WINDOWS\System32\Wbem
28/01/2026 8:45:35  - ShellExecute parameters: verb=open file=Z:\Documenten\marNT\archief params=
28/01/2026 8:45:35  - ShellExecute returned: 33 (Success)
28/01/2026 8:45:38  - Attempting ShellExecute. CurDir=c:\progra~1\micros~3\office14 COMSPEC=C:\WINDOWS\system32\cmd.exe PATH=C:\WINDOWS\system32;C:\WINDOWS;C:\WINDOWS\System32\Wbem
28/01/2026 8:45:38  - ShellExecute parameters: verb=open file=Z:\Documenten\marNT\manueel params=
28/01/2026 8:45:38  - ShellExecute returned: 33 (Success)
28/01/2026 10:21:20  - Attempting ShellExecute. CurDir=c:\progra~1\micros~3\office14 COMSPEC=C:\WINDOWS\system32\cmd.exe PATH=C:\WINDOWS\system32;C:\WINDOWS;C:\WINDOWS\System32\Wbem
28/01/2026 10:21:20  - ShellExecute parameters: verb=open file=Y:\Data\098\peppol\out\V0202650050-040183.pdf params=
28/01/2026 10:21:20  - ShellExecute returned: 42 (Success)
29/01/2026 7:58:21  - Attempting ShellExecute. CurDir=C:\Documents and Settings\Jos\Desktop\marVB6 COMSPEC=C:\WINDOWS\system32\cmd.exe PATH=C:\WINDOWS\system32;C:\WINDOWS;C:\WINDOWS\System32\Wbem
29/01/2026 7:58:21  - ShellExecute parameters: verb=open file=Z:\Documenten\marNT\archief params=
29/01/2026 7:58:21  - ShellExecute returned: 33 (Success)
3/02/2026 7:57:10  - Attempting ShellExecute. CurDir=C:\Documents and Settings\Jos\Desktop\marVB6 COMSPEC=C:\WINDOWS\system32\cmd.exe PATH=C:\WINDOWS\system32;C:\WINDOWS;C:\WINDOWS\System32\Wbem
3/02/2026 7:57:10  - ShellExecute parameters: verb=open file=Y:\Data\099\peppol\in\invoiceNoPdf.html params=
3/02/2026 7:57:10  - ShellExecute returned: 42 (Success)
4/02/2026 18:43:41  - Attempting ShellExecute. CurDir=C:\Documents and Settings\Jos\Desktop\marVB6 COMSPEC=C:\WINDOWS\system32\cmd.exe PATH=C:\WINDOWS\system32;C:\WINDOWS;C:\WINDOWS\System32\Wbem
4/02/2026 18:43:41  - ShellExecute parameters: verb=open file=accto-20251230-invoice1_202530368.pdf params=
4/02/2026 18:43:41  - ShellExecute returned: 2 (SE_ERR_FileNotFound)
4/02/2026 18:43:48  - ShellExecuteEx returned: 0 (hProcess=0)
4/02/2026 18:43:48  - Trying COMSPEC fallback. Command: "C:\WINDOWS\system32\cmd.exe" /C start "" "accto-20251230-invoice1_202530368.pdf" 
4/02/2026 18:43:48  - Shell(cmd) returned pid: 480
4/02/2026 18:45:28  - Attempting ShellExecute. CurDir=C:\Documents and Settings\Jos\Desktop\marVB6 COMSPEC=C:\WINDOWS\system32\cmd.exe PATH=C:\WINDOWS\system32;C:\WINDOWS;C:\WINDOWS\System32\Wbem
4/02/2026 18:45:28  - ShellExecute parameters: verb=open file=accto-20251230-invoice1_202530368.pdf params=
4/02/2026 18:45:28  - ShellExecute returned: 2 (SE_ERR_FileNotFound)
4/02/2026 18:45:35  - ShellExecuteEx returned: 0 (hProcess=0)
4/02/2026 18:45:35  - Trying COMSPEC fallback. Command: "C:\WINDOWS\system32\cmd.exe" /C start "" "accto-20251230-invoice1_202530368.pdf" 
4/02/2026 18:45:35  - Shell(cmd) returned pid: 1904
4/02/2026 18:45:53  - Attempting ShellExecute. CurDir=C:\Documents and Settings\Jos\Desktop\marVB6 COMSPEC=C:\WINDOWS\system32\cmd.exe PATH=C:\WINDOWS\system32;C:\WINDOWS;C:\WINDOWS\System32\Wbem
4/02/2026 18:45:53  - ShellExecute parameters: verb=open file=belgomine-20260131-invoice1_F_K083609_VT_0105766_20260131.PDF params=
4/02/2026 18:45:53  - ShellExecute returned: 2 (SE_ERR_FileNotFound)
4/02/2026 18:45:55  - ShellExecuteEx returned: 0 (hProcess=0)
4/02/2026 18:45:55  - Trying COMSPEC fallback. Command: "C:\WINDOWS\system32\cmd.exe" /C start "" "belgomine-20260131-invoice1_F_K083609_VT_0105766_20260131.PDF" 
4/02/2026 18:45:55  - Shell(cmd) returned pid: 1272
4/02/2026 18:56:25  - Attempting ShellExecute. CurDir=C:\Documents and Settings\Jos\Desktop\marVB6 COMSPEC=C:\WINDOWS\system32\cmd.exe PATH=C:\WINDOWS\system32;C:\WINDOWS;C:\WINDOWS\System32\Wbem
4/02/2026 18:56:25  - ShellExecute parameters: verb=open file=Y:\Data\098\peppol\in\accto-20251230-invoice1_202530368.pdf params=
4/02/2026 18:56:25  - ShellExecute returned: 42 (Success)
4/02/2026 18:56:46  - Attempting ShellExecute. CurDir=C:\Documents and Settings\Jos\Desktop\marVB6 COMSPEC=C:\WINDOWS\system32\cmd.exe PATH=C:\WINDOWS\system32;C:\WINDOWS;C:\WINDOWS\System32\Wbem
4/02/2026 18:56:46  - ShellExecute parameters: verb=open file=Y:\Data\098\peppol\in\allscaff-invoice4_F20260001.pdf params=
4/02/2026 18:56:46  - ShellExecute returned: 42 (Success)
4/02/2026 18:57:04  - Attempting ShellExecute. CurDir=C:\Documents and Settings\Jos\Desktop\marVB6 COMSPEC=C:\WINDOWS\system32\cmd.exe PATH=C:\WINDOWS\system32;C:\WINDOWS;C:\WINDOWS\System32\Wbem
4/02/2026 18:57:04  - ShellExecute parameters: verb=open file=Y:\Data\098\peppol\in\allstafbv-20251231-invoice_F20252602.pdf params=
4/02/2026 18:57:04  - ShellExecute returned: 42 (Success)
4/02/2026 19:00:50  - Attempting ShellExecute. CurDir=C:\Documents and Settings\Jos\Desktop\marVB6 COMSPEC=C:\WINDOWS\system32\cmd.exe PATH=C:\WINDOWS\system32;C:\WINDOWS;C:\WINDOWS\System32\Wbem
4/02/2026 19:00:50  - ShellExecute parameters: verb=open file=Y:\Data\098\peppol\in\BVLAMMENS-30260131-INVOICE2_26010632.pdf params=
4/02/2026 19:00:50  - ShellExecute returned: 42 (Success)
4/02/2026 19:00:50  - Attempting ShellExecute. CurDir=C:\Documents and Settings\Jos\Desktop\marVB6 COMSPEC=C:\WINDOWS\system32\cmd.exe PATH=C:\WINDOWS\system32;C:\WINDOWS;C:\WINDOWS\System32\Wbem
4/02/2026 19:00:50  - ShellExecute parameters: verb=open file=Y:\Data\098\peppol\in\BVLAMMENS-30260131-INVOICE2_dis20260121_092755_8922.pdf params=
4/02/2026 19:00:50  - ShellExecute returned: 42 (Success)
4/02/2026 19:00:50  - Attempting ShellExecute. CurDir=C:\Documents and Settings\Jos\Desktop\marVB6 COMSPEC=C:\WINDOWS\system32\cmd.exe PATH=C:\WINDOWS\system32;C:\WINDOWS;C:\WINDOWS\System32\Wbem
4/02/2026 19:00:50  - ShellExecute parameters: verb=open file=Y:\Data\098\peppol\in\BVLAMMENS-30260131-INVOICE2_dis20260202_104315_8245.pdf params=
4/02/2026 19:00:50  - ShellExecute returned: 42 (Success)
4/02/2026 19:01:24  - Attempting ShellExecute. CurDir=C:\Documents and Settings\Jos\Desktop\marVB6 COMSPEC=C:\WINDOWS\system32\cmd.exe PATH=C:\WINDOWS\system32;C:\WINDOWS;C:\WINDOWS\System32\Wbem
4/02/2026 19:01:24  - ShellExecute parameters: verb=open file=Y:\Data\098\peppol\in\belgomine-20260131-invoice1_F_K083609_VT_0105766_20260131.PDF params=
4/02/2026 19:01:24  - ShellExecute returned: 42 (Success)
4/02/2026 19:01:34  - Attempting ShellExecute. CurDir=C:\Documents and Settings\Jos\Desktop\marVB6 COMSPEC=C:\WINDOWS\system32\cmd.exe PATH=C:\WINDOWS\system32;C:\WINDOWS;C:\WINDOWS\System32\Wbem
4/02/2026 19:01:34  - ShellExecute parameters: verb=open file=Y:\Data\098\peppol\in\invoiceNoPdf.html params=
4/02/2026 19:01:34  - ShellExecute returned: 42 (Success)
6/02/2026 8:20:58  - Attempting ShellExecute. CurDir=C:\Documents and Settings\Jos\Desktop\marVB6 COMSPEC=C:\WINDOWS\system32\cmd.exe PATH=C:\WINDOWS\system32;C:\WINDOWS;C:\WINDOWS\System32\Wbem
6/02/2026 8:20:58  - ShellExecute parameters: verb=open file=Y:\Data\098\peppol\in\invoiceNoPdf.html params=
6/02/2026 8:20:58  - ShellExecute returned: 42 (Success)
6/02/2026 8:43:08  - Attempting ShellExecute. CurDir=C:\Documents and Settings\Jos\Desktop\marVB6 COMSPEC=C:\WINDOWS\system32\cmd.exe PATH=C:\WINDOWS\system32;C:\WINDOWS;C:\WINDOWS\System32\Wbem
6/02/2026 8:43:08  - ShellExecute parameters: verb=open file=Y:\Data\098\peppol\in\invoiceNoPdf.html params=
6/02/2026 8:43:08  - ShellExecute returned: 42 (Success)
6/02/2026 9:00:04  - Attempting ShellExecute. CurDir=C:\Documents and Settings\Jos\Desktop\marVB6 COMSPEC=C:\WINDOWS\system32\cmd.exe PATH=C:\WINDOWS\system32;C:\WINDOWS;C:\WINDOWS\System32\Wbem
6/02/2026 9:00:04  - ShellExecute parameters: verb=open file=Y:\Data\098\peppol\in\invoiceNoPdf.html params=
6/02/2026 9:00:04  - ShellExecute returned: 42 (Success)
6/02/2026 9:08:15  - Attempting ShellExecute. CurDir=C:\Documents and Settings\Jos\Desktop\marVB6 COMSPEC=C:\WINDOWS\system32\cmd.exe PATH=C:\WINDOWS\system32;C:\WINDOWS;C:\WINDOWS\System32\Wbem
6/02/2026 9:08:15  - ShellExecute parameters: verb=open file=Y:\Data\098\peppol\in\invoiceNoPdf.html params=
6/02/2026 9:08:15  - ShellExecute returned: 42 (Success)
6/02/2026 9:08:50  - Attempting ShellExecute. CurDir=C:\Documents and Settings\Jos\Desktop\marVB6 COMSPEC=C:\WINDOWS\system32\cmd.exe PATH=C:\WINDOWS\system32;C:\WINDOWS;C:\WINDOWS\System32\Wbem
6/02/2026 9:08:50  - ShellExecute parameters: verb=open file=Y:\Data\098\peppol\in\invoiceNoPdf.html params=
6/02/2026 9:08:50  - ShellExecute returned: 42 (Success)
12/02/2026 5:50:35  - Attempting ShellExecute. CurDir=C:\Documents and Settings\Jos\Desktop\marVB6 COMSPEC=C:\WINDOWS\system32\cmd.exe PATH=C:\WINDOWS\system32;C:\WINDOWS;C:\WINDOWS\System32\Wbem
12/02/2026 5:50:35  - ShellExecute parameters: verb=open file=Y:\Data\001\peppol\in\invoiceNoPdf.html params=
12/02/2026 5:50:35  - ShellExecute returned: 42 (Success)
12/02/2026 6:56:11  - Attempting ShellExecute. CurDir=c:\progra~1\micros~3\office14 COMSPEC=C:\WINDOWS\system32\cmd.exe PATH=C:\WINDOWS\system32;C:\WINDOWS;C:\WINDOWS\System32\Wbem
12/02/2026 6:56:11  - ShellExecute parameters: verb=open file=Y:\Data\001\peppol\in\invoiceNoPdf.html params=
12/02/2026 6:56:11  - ShellExecute returned: 42 (Success)
15/02/2026 8:05:27  - Attempting ShellExecute. CurDir=Y:\Data\003\sjb COMSPEC=C:\WINDOWS\system32\cmd.exe PATH=C:\WINDOWS\system32;C:\WINDOWS;C:\WINDOWS\System32\Wbem
15/02/2026 8:05:27  - ShellExecute parameters: verb=open file=Z:\Documenten\marNT\manueel params=
15/02/2026 8:05:27  - ShellExecute returned: 33 (Success)
15/02/2026 8:05:32  - Attempting ShellExecute. CurDir=Y:\Data\003\sjb COMSPEC=C:\WINDOWS\system32\cmd.exe PATH=C:\WINDOWS\system32;C:\WINDOWS;C:\WINDOWS\System32\Wbem
15/02/2026 8:05:32  - ShellExecute parameters: verb=open file=Z:\Documenten\marNT\archief params=
15/02/2026 8:05:32  - ShellExecute returned: 33 (Success)
15/02/2026 8:06:05  - Attempting ShellExecute. CurDir=Y:\Data\003\sjb COMSPEC=C:\WINDOWS\system32\cmd.exe PATH=C:\WINDOWS\system32;C:\WINDOWS;C:\WINDOWS\System32\Wbem
15/02/2026 8:06:05  - ShellExecute parameters: verb=open file=https://rv.be/accounting params=
15/02/2026 8:06:05  - ShellExecute returned: 42 (Success)
15/02/2026 8:19:47  - Attempting ShellExecute. CurDir=c:\progra~1\micros~3\office14 COMSPEC=C:\WINDOWS\system32\cmd.exe PATH=C:\WINDOWS\system32;C:\WINDOWS;C:\WINDOWS\System32\Wbem
15/02/2026 8:19:47  - ShellExecute parameters: verb=open file=https://docs.peppol.eu/poacc/billing/3.0/ params=
15/02/2026 8:19:47  - ShellExecute returned: 42 (Success)
