VBUC FullVersion  : 7.1.10830.1

[10/11/2016 17:03:18:281] New Log Entry

[10/11/2016 17:03:18:286]    Recount lines of code of projects.
[10/11/2016 17:03:19:650]    Recount lines of code of projects.
[10/11/2016 17:03:19:659]   Loading Upgrade Option DataAccess / ADODB
[10/11/2016 17:03:19:659]     Loading Feature Option DataAccess/ADODB/ADODBCOMMON
[10/11/2016 17:03:19:659]       True
[10/11/2016 17:03:19:659]       True
[10/11/2016 17:03:19:659]       Loading Library GUID: {EF53050B-882E-4776-B643-EDA472E8E3F2}
[10/11/2016 17:03:19:659]     Loading Feature Option DataAccess/ADODB/ADODB
[10/11/2016 17:03:19:659]       True
[10/11/2016 17:03:19:659]       True
[10/11/2016 17:03:19:659]       Loading Library GUID: {EF53050B-882E-4776-B643-EDA472E8E3F2}
[10/11/2016 17:03:19:659]     Loading Feature Option DataAccess/ADODB/COMInterop
[10/11/2016 17:03:19:659]       True
[10/11/2016 17:03:19:659]       True
[10/11/2016 17:03:19:659]       Loading Library GUID: {EF53050B-882E-4776-B643-EDA472E8E3F2}
[10/11/2016 17:03:19:659]   Loading Upgrade Option DataAccess / DAO
[10/11/2016 17:03:19:659]     Loading Feature Option DataAccess/DAO/COMInterop
[10/11/2016 17:03:19:659]       True
[10/11/2016 17:03:19:659]       True
[10/11/2016 17:03:19:659]       Loading Library GUID: {00025E01-0000-0000-C000-000000000046}
[10/11/2016 17:03:19:659]     Loading Feature Option DataAccess/DAO/DAOCOMMON
[10/11/2016 17:03:19:659]       True
[10/11/2016 17:03:19:659]       True
[10/11/2016 17:03:19:659]       Loading Library GUID: {00025E01-0000-0000-C000-000000000046}
[10/11/2016 17:03:19:659]   Loading Upgrade Option DataAccess / RDO
[10/11/2016 17:03:19:659]     Loading Feature Option DataAccess/RDO/COMInterop
[10/11/2016 17:03:19:659]       True
[10/11/2016 17:03:19:659]       True
[10/11/2016 17:03:19:659]       Loading Library GUID: {F6125AB1-8AB1-11CE-A77F-08002B2F4E98}
[10/11/2016 17:03:19:659]       Loading Library GUID: {EE008642-64A8-11CE-920F-08002B369A33}
[10/11/2016 17:03:19:659]     Loading Feature Option DataAccess/RDO/RDO
[10/11/2016 17:03:19:659]       True
[10/11/2016 17:03:19:659]       True
[10/11/2016 17:03:19:659]       Loading Library GUID: {F6125AB1-8AB1-11CE-A77F-08002B2F4E98}
[10/11/2016 17:03:19:659]       Loading Library GUID: {EE008642-64A8-11CE-920F-08002B369A33}
[10/11/2016 17:03:19:659]     Loading Feature Option DataAccess/RDO/RDOCommon
[10/11/2016 17:03:19:659]       True
[10/11/2016 17:03:19:659]       True
[10/11/2016 17:03:19:659]       Loading Library GUID: {EE008642-64A8-11CE-920F-08002B369A33}
[10/11/2016 17:03:19:659]       Loading Library GUID: {F6125AB1-8AB1-11CE-A77F-08002B2F4E98}
[10/11/2016 17:03:19:659]   Loading Upgrade Option Grids / FPSpread
[10/11/2016 17:03:19:659]     Loading Feature Option Grids/FPSpread/COMInterop
[10/11/2016 17:03:19:659]       True
[10/11/2016 17:03:19:659]       True
[10/11/2016 17:03:19:659]       Loading Library GUID: {B02F3647-766B-11CE-AF28-C3A2FBE76A13}
[10/11/2016 17:03:19:659]       Loading Library GUID: {E2454650-4D87-11D2-B8B2-0000C00A958C}
[10/11/2016 17:03:19:659]     Loading Feature Option Grids/FPSpread/FPSpreadHelper
[10/11/2016 17:03:19:659]       True
[10/11/2016 17:03:19:659]       True
[10/11/2016 17:03:19:659]       Loading Library GUID: {B02F3647-766B-11CE-AF28-C3A2FBE76A13}
[10/11/2016 17:03:19:659]       Loading Library GUID: {E2454650-4D87-11D2-B8B2-0000C00A958C}
[10/11/2016 17:03:19:659]       Loading Library GUID: {F13C99C0-4D73-11D2-B8B2-0000C00A958C}
[10/11/2016 17:03:19:659]       Loading Library GUID: {D166EE70-4D87-11D2-B8B2-0000C00A958C}
[10/11/2016 17:03:19:659]       Loading Library GUID: {FDAC2480-F4ED-4632-AA78-DCA210A74E49}
[10/11/2016 17:03:19:659]   Loading Upgrade Option Grids / MSDataGridLib
[10/11/2016 17:03:19:660]     Loading Feature Option Grids/MSDataGridLib/MSDataGridLibCOMInterop
[10/11/2016 17:03:19:660]       True
[10/11/2016 17:03:19:660]       True
[10/11/2016 17:03:19:660]       Loading Library GUID: {CDE57A43-8B86-11D0-B3C6-00A0C90AEA82}
[10/11/2016 17:03:19:660]       Loading Library GUID: {CDE57A40-8B86-11D0-B3C6-00A0C90AEA82}
[10/11/2016 17:03:19:660]     Loading Feature Option Grids/MSDataGridLib/MSDataGridLibToC1
[10/11/2016 17:03:19:660]       True
[10/11/2016 17:03:19:660]       True
[10/11/2016 17:03:19:660]       Loading Library GUID: {CDE57A43-8B86-11D0-B3C6-00A0C90AEA82}
[10/11/2016 17:03:19:660]       Loading Library GUID: {CDE57A40-8B86-11D0-B3C6-00A0C90AEA82}
[10/11/2016 17:03:19:660]     Loading Feature Option Grids/MSDataGridLib/MSDataGridToDataGridView
[10/11/2016 17:03:19:660]       True
[10/11/2016 17:03:19:660]       True
[10/11/2016 17:03:19:660]       Loading Library GUID: {CDE57A43-8B86-11D0-B3C6-00A0C90AEA82}
[10/11/2016 17:03:19:660]       Loading Library GUID: {CDE57A40-8B86-11D0-B3C6-00A0C90AEA82}
[10/11/2016 17:03:19:660]   Loading Upgrade Option Grids / MSDBGridLib
[10/11/2016 17:03:19:660]     Loading Feature Option Grids/MSDBGridLib/MSDBGridLibCOMInterop
[10/11/2016 17:03:19:660]       True
[10/11/2016 17:03:19:660]       True
[10/11/2016 17:03:19:660]       Loading Library GUID: {00028C01-0000-0000-0000-000000000046}
[10/11/2016 17:03:19:660]     Loading Feature Option Grids/MSDBGridLib/MSDBGridToDataGridView
[10/11/2016 17:03:19:660]       True
[10/11/2016 17:03:19:660]       True
[10/11/2016 17:03:19:660]       Loading Library GUID: {00028C01-0000-0000-0000-000000000046}
[10/11/2016 17:03:19:660]   Loading Upgrade Option Grids / MSFlexGrid
[10/11/2016 17:03:19:660]     Loading Feature Option Grids/MSFlexGrid/COMInterop
[10/11/2016 17:03:19:660]       True
[10/11/2016 17:03:19:660]       True
[10/11/2016 17:03:19:660]       Loading Library GUID: {6262D3A0-531B-11CF-91F6-C2863C385E30}
[10/11/2016 17:03:19:660]       Loading Library GUID: {5E9E78A0-531B-11CF-91F6-C2863C385E30}
[10/11/2016 17:03:19:660]     Loading Feature Option Grids/MSFlexGrid/MSFlexGridToC1
[10/11/2016 17:03:19:660]       True
[10/11/2016 17:03:19:660]       True
[10/11/2016 17:03:19:660]       Loading Library GUID: {6262D3A0-531B-11CF-91F6-C2863C385E30}
[10/11/2016 17:03:19:660]       Loading Library GUID: {5E9E78A0-531B-11CF-91F6-C2863C385E30}
[10/11/2016 17:03:19:660]     Loading Feature Option Grids/MSFlexGrid/MSFlexGridToHelper
[10/11/2016 17:03:19:660]       True
[10/11/2016 17:03:19:660]       True
[10/11/2016 17:03:19:660]       Loading Library GUID: {6262D3A0-531B-11CF-91F6-C2863C385E30}
[10/11/2016 17:03:19:660]       Loading Library GUID: {5E9E78A0-531B-11CF-91F6-C2863C385E30}
[10/11/2016 17:03:19:660]   Loading Upgrade Option Grids / TrueDBGrid
[10/11/2016 17:03:19:660]     Loading Feature Option Grids/TrueDBGrid/TrueDBGridCOMInterop
[10/11/2016 17:03:19:660]       True
[10/11/2016 17:03:19:660]       True
[10/11/2016 17:03:19:660]       Loading Library GUID: {00028CD1-0000-0000-0000-000000000046}
[10/11/2016 17:03:19:660]       Loading Library GUID: {00028CE0-0000-0000-0000-000000000046}
[10/11/2016 17:03:19:660]       Loading Library GUID: {00028C68-0000-0000-0000-000000000046}
[10/11/2016 17:03:19:660]       Loading Library GUID: {00028CEA-0000-0000-0000-000000000046}
[10/11/2016 17:03:19:660]       Loading Library GUID: {00028CE9-0000-0000-0000-000000000046}
[10/11/2016 17:03:19:660]       Loading Library GUID: {00028CE7-0000-0000-0000-000000000046}
[10/11/2016 17:03:19:660]       Loading Library GUID: {00028CE4-0000-0000-0000-000000000046}
[10/11/2016 17:03:19:660]       Loading Library GUID: {00028CE2-0000-0000-0000-000000000046}
[10/11/2016 17:03:19:660]       Loading Library GUID: {00028CE6-0000-0000-0000-000000000046}
[10/11/2016 17:03:19:660]       Loading Library GUID: {00028CEE-0000-0000-0000-000000000046}
[10/11/2016 17:03:19:660]       Loading Library GUID: {00028C5E-0000-0000-0000-000000000046}
[10/11/2016 17:03:19:660]       Loading Library GUID: {00028C68-0000-0000-0000-000000000046}
[10/11/2016 17:03:19:660]       Loading Library GUID: {00028C68-0000-0000-0000-000000000046}
[10/11/2016 17:03:19:660]       Loading Library GUID: {00028C67-0000-0000-0000-000000000046}
[10/11/2016 17:03:19:660]       Loading Library GUID: {00028C49-0000-0000-0000-000000000046}
[10/11/2016 17:03:19:661]       Loading Library GUID: {00028C65-0000-0000-0000-000000000046}
[10/11/2016 17:03:19:661]       Loading Library GUID: {00028C65-0000-0000-0000-000000000046}
[10/11/2016 17:03:19:661]       Loading Library GUID: {00028C60-0000-0000-0000-000000000046}
[10/11/2016 17:03:19:661]       Loading Library GUID: {00028C64-0000-0000-0000-000000000046}
[10/11/2016 17:03:19:661]       Loading Library GUID: {00028C6C-0000-0000-0000-000000000046}
[10/11/2016 17:03:19:661]       Loading Library GUID: {0D623637-DBA2-11D1-B5DF-0060976089D0}
[10/11/2016 17:03:19:661]       Loading Library GUID: {0D62363E-DBA2-11D1-B5DF-0060976089D0}
[10/11/2016 17:03:19:661]       Loading Library GUID: {0D623648-DBA2-11D1-B5DF-0060976089D0}
[10/11/2016 17:03:19:661]       Loading Library GUID: {0D623648-DBA2-11D1-B5DF-0060976089D0}
[10/11/2016 17:03:19:661]       Loading Library GUID: {0D623647-DBA2-11D1-B5DF-0060976089D0}
[10/11/2016 17:03:19:661]       Loading Library GUID: {0D623645-DBA2-11D1-B5DF-0060976089D0}
[10/11/2016 17:03:19:661]       Loading Library GUID: {0D623642-DBA2-11D1-B5DF-0060976089D0}
[10/11/2016 17:03:19:661]       Loading Library GUID: {0D623640-DBA2-11D1-B5DF-0060976089D0}
[10/11/2016 17:03:19:661]       Loading Library GUID: {0D623644-DBA2-11D1-B5DF-0060976089D0}
[10/11/2016 17:03:19:661]       Loading Library GUID: {0D62364C-DBA2-11D1-B5DF-0060976089D0}
[10/11/2016 17:03:19:661]     Loading Feature Option Grids/TrueDBGrid/TrueDBGridToC1
[10/11/2016 17:03:19:661]       True
[10/11/2016 17:03:19:661]       True
[10/11/2016 17:03:19:661]       Loading Library GUID: {00028CD1-0000-0000-0000-000000000046}
[10/11/2016 17:03:19:661]       Loading Library GUID: {00028CE0-0000-0000-0000-000000000046}
[10/11/2016 17:03:19:661]       Loading Library GUID: {00028C68-0000-0000-0000-000000000046}
[10/11/2016 17:03:19:661]       Loading Library GUID: {00028CEA-0000-0000-0000-000000000046}
[10/11/2016 17:03:19:661]       Loading Library GUID: {00028CE9-0000-0000-0000-000000000046}
[10/11/2016 17:03:19:661]       Loading Library GUID: {00028CE7-0000-0000-0000-000000000046}
[10/11/2016 17:03:19:661]       Loading Library GUID: {00028CE4-0000-0000-0000-000000000046}
[10/11/2016 17:03:19:661]       Loading Library GUID: {00028CE2-0000-0000-0000-000000000046}
[10/11/2016 17:03:19:661]       Loading Library GUID: {00028CE6-0000-0000-0000-000000000046}
[10/11/2016 17:03:19:661]       Loading Library GUID: {00028CEE-0000-0000-0000-000000000046}
[10/11/2016 17:03:19:661]       Loading Library GUID: {00028C5E-0000-0000-0000-000000000046}
[10/11/2016 17:03:19:661]       Loading Library GUID: {00028C68-0000-0000-0000-000000000046}
[10/11/2016 17:03:19:661]       Loading Library GUID: {00028C68-0000-0000-0000-000000000046}
[10/11/2016 17:03:19:661]       Loading Library GUID: {00028C67-0000-0000-0000-000000000046}
[10/11/2016 17:03:19:661]       Loading Library GUID: {00028C49-0000-0000-0000-000000000046}
[10/11/2016 17:03:19:661]       Loading Library GUID: {00028C65-0000-0000-0000-000000000046}
[10/11/2016 17:03:19:661]       Loading Library GUID: {00028C65-0000-0000-0000-000000000046}
[10/11/2016 17:03:19:661]       Loading Library GUID: {00028C60-0000-0000-0000-000000000046}
[10/11/2016 17:03:19:661]       Loading Library GUID: {00028C64-0000-0000-0000-000000000046}
[10/11/2016 17:03:19:661]       Loading Library GUID: {00028C6C-0000-0000-0000-000000000046}
[10/11/2016 17:03:19:661]       Loading Library GUID: {0D623637-DBA2-11D1-B5DF-0060976089D0}
[10/11/2016 17:03:19:661]       Loading Library GUID: {0D62363E-DBA2-11D1-B5DF-0060976089D0}
[10/11/2016 17:03:19:661]       Loading Library GUID: {0D623648-DBA2-11D1-B5DF-0060976089D0}
[10/11/2016 17:03:19:661]       Loading Library GUID: {0D623648-DBA2-11D1-B5DF-0060976089D0}
[10/11/2016 17:03:19:661]       Loading Library GUID: {0D623647-DBA2-11D1-B5DF-0060976089D0}
[10/11/2016 17:03:19:661]       Loading Library GUID: {0D623645-DBA2-11D1-B5DF-0060976089D0}
[10/11/2016 17:03:19:661]       Loading Library GUID: {0D623642-DBA2-11D1-B5DF-0060976089D0}
[10/11/2016 17:03:19:661]       Loading Library GUID: {0D623640-DBA2-11D1-B5DF-0060976089D0}
[10/11/2016 17:03:19:661]       Loading Library GUID: {0D623644-DBA2-11D1-B5DF-0060976089D0}
[10/11/2016 17:03:19:661]       Loading Library GUID: {0D62364C-DBA2-11D1-B5DF-0060976089D0}
[10/11/2016 17:03:19:662]       Loading Library GUID: {562E3E04-2C31-4ECE-83F4-4017EEE51D40}
[10/11/2016 17:03:19:662]       Loading Library GUID: {44BD92DB-D8A8-43A8-8900-DD73310A59EB}
[10/11/2016 17:03:19:662]       Loading Library GUID: {DEF7CADD-83C0-11D0-A0F1-00A024703500}
[10/11/2016 17:03:19:662]       Loading Library GUID: {DEF7CADC-83C0-11D0-A0F1-00A024703500}
[10/11/2016 17:03:19:662]     Loading Feature Option Grids/TrueDBGrid/TrueDBGridToHelper
[10/11/2016 17:03:19:662]       True
[10/11/2016 17:03:19:662]       True
[10/11/2016 17:03:19:662]       Loading Library GUID: {00028CD1-0000-0000-0000-000000000046}
[10/11/2016 17:03:19:662]       Loading Library GUID: {00028CE0-0000-0000-0000-000000000046}
[10/11/2016 17:03:19:662]       Loading Library GUID: {00028CDA-0000-0000-0000-000000000046}
[10/11/2016 17:03:19:662]       Loading Library GUID: {00028C68-0000-0000-0000-000000000046}
[10/11/2016 17:03:19:662]       Loading Library GUID: {00028CEA-0000-0000-0000-000000000046}
[10/11/2016 17:03:19:662]       Loading Library GUID: {00028CE9-0000-0000-0000-000000000046}
[10/11/2016 17:03:19:662]       Loading Library GUID: {00028CE7-0000-0000-0000-000000000046}
[10/11/2016 17:03:19:662]       Loading Library GUID: {00028CE4-0000-0000-0000-000000000046}
[10/11/2016 17:03:19:662]       Loading Library GUID: {00028CE2-0000-0000-0000-000000000046}
[10/11/2016 17:03:19:662]       Loading Library GUID: {00028CE6-0000-0000-0000-000000000046}
[10/11/2016 17:03:19:662]       Loading Library GUID: {00028CEE-0000-0000-0000-000000000046}
[10/11/2016 17:03:19:662]       Loading Library GUID: {00028C4A-0000-0000-0000-000000000046}
[10/11/2016 17:03:19:662]       Loading Library GUID: {0D6234D1-DBA2-11D1-B5DF-0060976089D0}
[10/11/2016 17:03:19:662]       Loading Library GUID: {0D6234DE-DBA2-11D1-B5DF-0060976089D0}
[10/11/2016 17:03:19:662]       Loading Library GUID: {0D6234D0-DBA2-11D1-B5DF-0060976089D0}
[10/11/2016 17:03:19:662]       Loading Library GUID: {DEF7CADD-83C0-11D0-A0F1-00A024703500}
[10/11/2016 17:03:19:662]       Loading Library GUID: {DEF7CAF5-83C0-11D0-A0F1-00A024703500}
[10/11/2016 17:03:19:662]       Loading Library GUID: {DEF7CADC-83C0-11D0-A0F1-00A024703500}
[10/11/2016 17:03:19:662]       Loading Library GUID: {0D623638-DBA2-11D1-B5DF-0060976089D0}
[10/11/2016 17:03:19:662]       Loading Library GUID: {0D623650-DBA2-11D1-B5DF-0060976089D0}
[10/11/2016 17:03:19:662]       Loading Library GUID: {0D623637-DBA2-11D1-B5DF-0060976089D0}
[10/11/2016 17:03:19:662]       Loading Library GUID: {562E3E04-2C31-4ECE-83F4-4017EEE51D40}
[10/11/2016 17:03:19:662]       Loading Library GUID: {44BD92DB-D8A8-43A8-8900-DD73310A59EB}
[10/11/2016 17:03:19:662]   Loading Upgrade Option Grids / VSFlexGrid
[10/11/2016 17:03:19:662]     Loading Feature Option Grids/VSFlexGrid/VSFlexGridCOMInterop
[10/11/2016 17:03:19:662]       True
[10/11/2016 17:03:19:662]       True
[10/11/2016 17:03:19:662]       Loading Library GUID: {8099FCC2-0A81-11D2-BAA4-04F205C10000}
[10/11/2016 17:03:19:662]       Loading Library GUID: {8099FCCF-0A81-11D2-BAA4-04F205C10000}
[10/11/2016 17:03:19:662]       Loading Library GUID: {DE401F60-0CF9-11D2-BAA4-28F205C10000}
[10/11/2016 17:03:19:662]       Loading Library GUID: {364E5626-11FC-11D2-B4AF-30C204C10000}
[10/11/2016 17:03:19:662]       Loading Library GUID: {364E5624-11FC-11D2-B4AF-30C204C10000}
[10/11/2016 17:03:19:662]       Loading Library GUID: {8099FCD1-0A81-11D2-BAA4-04F205C10000}
[10/11/2016 17:03:19:662]       Loading Library GUID: {8099FCD0-0A81-11D2-BAA4-04F205C10000}
[10/11/2016 17:03:19:662]       Loading Library GUID: {8099FCD2-0A81-11D2-BAA4-04F205C10000}
[10/11/2016 17:03:19:662]       Loading Library GUID: {10A0E0B5-F76A-4194-A46C-4BCDDB64DD74}
[10/11/2016 17:03:19:662]       Loading Library GUID: {C0A63B86-4B21-11D3-BD95-D426EF2C7949}
[10/11/2016 17:03:19:662]       Loading Library GUID: {D76D7128-4A96-11D3-BD95-D296DC2DD072}
[10/11/2016 17:03:19:662]       Loading Library GUID: {D76D712E-4A96-11D3-BD95-D296DC2DD072}
[10/11/2016 17:03:19:662]       Loading Library GUID: {BEEECC20-4D5F-4F8B-BFDC-5D9B6FBDE09D}
[10/11/2016 17:03:19:662]       Loading Library GUID: {C0A63B80-4B21-11D3-BD95-D426EF2C7949}
[10/11/2016 17:03:19:662]       Loading Library GUID: {1C0489F8-9EFD-423D-887A-315387F18C8F}
[10/11/2016 17:03:19:663]     Loading Feature Option Grids/VSFlexGrid/VSFlexGridToC1
[10/11/2016 17:03:19:663]       True
[10/11/2016 17:03:19:663]       True
[10/11/2016 17:03:19:663]       Loading Library GUID: {8099FCC2-0A81-11D2-BAA4-04F205C10000}
[10/11/2016 17:03:19:663]       Loading Library GUID: {8099FCCF-0A81-11D2-BAA4-04F205C10000}
[10/11/2016 17:03:19:663]       Loading Library GUID: {DE401F60-0CF9-11D2-BAA4-28F205C10000}
[10/11/2016 17:03:19:663]       Loading Library GUID: {364E5626-11FC-11D2-B4AF-30C204C10000}
[10/11/2016 17:03:19:663]       Loading Library GUID: {364E5624-11FC-11D2-B4AF-30C204C10000}
[10/11/2016 17:03:19:663]       Loading Library GUID: {8099FCD1-0A81-11D2-BAA4-04F205C10000}
[10/11/2016 17:03:19:663]       Loading Library GUID: {8099FCD0-0A81-11D2-BAA4-04F205C10000}
[10/11/2016 17:03:19:663]       Loading Library GUID: {8099FCD2-0A81-11D2-BAA4-04F205C10000}
[10/11/2016 17:03:19:663]       Loading Library GUID: {10A0E0B5-F76A-4194-A46C-4BCDDB64DD74}
[10/11/2016 17:03:19:663]       Loading Library GUID: {C0A63B86-4B21-11D3-BD95-D426EF2C7949}
[10/11/2016 17:03:19:663]       Loading Library GUID: {D76D7128-4A96-11D3-BD95-D296DC2DD072}
[10/11/2016 17:03:19:663]       Loading Library GUID: {D76D712E-4A96-11D3-BD95-D296DC2DD072}
[10/11/2016 17:03:19:663]       Loading Library GUID: {BEEECC20-4D5F-4F8B-BFDC-5D9B6FBDE09D}
[10/11/2016 17:03:19:663]       Loading Library GUID: {C0A63B80-4B21-11D3-BD95-D426EF2C7949}
[10/11/2016 17:03:19:663]       Loading Library GUID: {C945E31A-102E-4A0D-8854-D599D7AED5FA}
[10/11/2016 17:03:19:663]   Loading Upgrade Option Microsoft / MSACAL
[10/11/2016 17:03:19:663]     Loading Feature Option Microsoft/MSACAL/MSACALCOMInterop
[10/11/2016 17:03:19:663]       True
[10/11/2016 17:03:19:663]       True
[10/11/2016 17:03:19:663]       Loading Library GUID: {8E27C92B-1264-101C-8A2F-040224009C02}
[10/11/2016 17:03:19:663]       Loading Library GUID: {8E27C92E-1264-101C-8A2F-040224009C02}
[10/11/2016 17:03:19:663]     Loading Feature Option Microsoft/MSACAL/MSACALNative
[10/11/2016 17:03:19:663]       True
[10/11/2016 17:03:19:663]       True
[10/11/2016 17:03:19:663]       Loading Library GUID: {8E27C92B-1264-101C-8A2F-040224009C02}
[10/11/2016 17:03:19:663]   Loading Upgrade Option Microsoft / MSComCtl2
[10/11/2016 17:03:19:663]     Loading Feature Option Microsoft/MSComCtl2/MSComCtl2COMInterop
[10/11/2016 17:03:19:663]       True
[10/11/2016 17:03:19:663]       True
[10/11/2016 17:03:19:663]     Loading Feature Option Microsoft/MSComCtl2/MSComCtl2Native
[10/11/2016 17:03:19:663]       True
[10/11/2016 17:03:19:663]       True
[10/11/2016 17:03:19:663]       Loading Library GUID: {20DD1B9E-87C4-11D1-8BE3-0000F8754DA1}
[10/11/2016 17:03:19:663]       Loading Library GUID: {86CF1D34-0C5F-11D2-A9FC-0000F8754DA1}
[10/11/2016 17:03:19:663]   Loading Upgrade Option Microsoft / MSComctlLib
[10/11/2016 17:03:19:663]     Loading Feature Option Microsoft/MSComctlLib/MSComctlLibCOMInterop
[10/11/2016 17:03:19:663]       True
[10/11/2016 17:03:19:663]       True
[10/11/2016 17:03:19:663]       Loading Library GUID: {8E3867A3-8586-11D1-B16A-00C0F0283628}
[10/11/2016 17:03:19:663]       Loading Library GUID: {831FDD16-0C5C-11D2-A9FC-0000F8754DA1}
[10/11/2016 17:03:19:663]     Loading Feature Option Microsoft/MSComctlLib/MSComctlLibNative
[10/11/2016 17:03:19:663]       True
[10/11/2016 17:03:19:663]       True
[10/11/2016 17:03:19:663]       Loading Library GUID: {8E3867A3-8586-11D1-B16A-00C0F0283628}
[10/11/2016 17:03:19:663]       Loading Library GUID: {831FDD16-0C5C-11D2-A9FC-0000F8754DA1}
[10/11/2016 17:03:19:663]   Loading Upgrade Option Microsoft / MSComDlg
[10/11/2016 17:03:19:663]     Loading Feature Option Microsoft/MSComDlg/MSComDlgCOMInterop
[10/11/2016 17:03:19:663]       True
[10/11/2016 17:03:19:663]       True
[10/11/2016 17:03:19:663]       Loading Library GUID: {F9043C88-F6F2-101A-A3C9-08002B2F49FB}
[10/11/2016 17:03:19:663]     Loading Feature Option Microsoft/MSComDlg/MSComDlgNative
[10/11/2016 17:03:19:663]       True
[10/11/2016 17:03:19:663]       True
[10/11/2016 17:03:19:663]       Loading Library GUID: {F9043C88-F6F2-101A-A3C9-08002B2F49FB}
[10/11/2016 17:03:19:663]   Loading Upgrade Option Microsoft / MSMask
[10/11/2016 17:03:19:663]     Loading Feature Option Microsoft/MSMask/MSMaskCOMInterop
[10/11/2016 17:03:19:663]       True
[10/11/2016 17:03:19:663]       True
[10/11/2016 17:03:19:663]       Loading Library GUID: {C932BA85-4374-101B-A56C-00AA003668DC}
[10/11/2016 17:03:19:663]       Loading Library GUID: {C932BA88-4374-101B-A56C-00AA003668DC}
[10/11/2016 17:03:19:663]     Loading Feature Option Microsoft/MSMask/MSMaskNative
[10/11/2016 17:03:19:663]       True
[10/11/2016 17:03:19:663]       True
[10/11/2016 17:03:19:663]       Loading Library GUID: {C932BA85-4374-101B-A56C-00AA003668DC}
[10/11/2016 17:03:19:664]       Loading Library GUID: {C932BA88-4374-101B-A56C-00AA003668DC}
[10/11/2016 17:03:19:664]   Loading Upgrade Option Microsoft / MSWLess
[10/11/2016 17:03:19:664]     Loading Feature Option Microsoft/MSWLess/MSWLessCOMInterop
[10/11/2016 17:03:19:664]       True
[10/11/2016 17:03:19:664]       True
[10/11/2016 17:03:19:664]       Loading Library GUID: {CFC13920-9EF4-11D0-B72F-0000C04D4C0A}
[10/11/2016 17:03:19:664]     Loading Feature Option Microsoft/MSWLess/MSWLessNative
[10/11/2016 17:03:19:664]       True
[10/11/2016 17:03:19:664]       True
[10/11/2016 17:03:19:664]       Loading Library GUID: {CFC13920-9EF4-11D0-B72F-0000C04D4C0A}
[10/11/2016 17:03:19:664]   Loading Upgrade Option Microsoft / MSXML2
[10/11/2016 17:03:19:664]     Loading Feature Option Microsoft/MSXML2/MSXML2COMInterop
[10/11/2016 17:03:19:664]       True
[10/11/2016 17:03:19:664]       True
[10/11/2016 17:03:19:664]     Loading Feature Option Microsoft/MSXML2/MSXML2Native
[10/11/2016 17:03:19:664]       True
[10/11/2016 17:03:19:664]       True
[10/11/2016 17:03:19:664]       Loading Library GUID: {F5078F18-C551-11D3-89B9-0000F81FE221}
[10/11/2016 17:03:19:664]   Loading Upgrade Option Microsoft / RichTextBox
[10/11/2016 17:03:19:664]     Loading Feature Option Microsoft/RichTextBox/RichTextBoxCOMInterop
[10/11/2016 17:03:19:664]       True
[10/11/2016 17:03:19:664]       True
[10/11/2016 17:03:19:664]       Loading Library GUID: {3B7C8863-D78F-101B-B9B5-04021C009402}
[10/11/2016 17:03:19:664]     Loading Feature Option Microsoft/RichTextBox/RichTextBoxNative
[10/11/2016 17:03:19:664]       True
[10/11/2016 17:03:19:664]       True
[10/11/2016 17:03:19:664]       Loading Library GUID: {3B7C8863-D78F-101B-B9B5-04021C009402}
[10/11/2016 17:03:19:664]   Loading Upgrade Option Microsoft / SHDocVw
[10/11/2016 17:03:19:664]     Loading Feature Option Microsoft/SHDocVw/SHDocVwCOMInterop
[10/11/2016 17:03:19:664]       True
[10/11/2016 17:03:19:664]       True
[10/11/2016 17:03:19:664]       Loading Library GUID: {8856F961-340A-11D0-A96B-00C04FD705A2}
[10/11/2016 17:03:19:664]       Loading Library GUID: {EAB22AC0-30C1-11CF-A7EB-0000C05BAE0B}
[10/11/2016 17:03:19:664]     Loading Feature Option Microsoft/SHDocVw/SHDocVwNative
[10/11/2016 17:03:19:664]       True
[10/11/2016 17:03:19:664]       True
[10/11/2016 17:03:19:664]       Loading Library GUID: {8856F961-340A-11D0-A96B-00C04FD705A2}
[10/11/2016 17:03:19:664]       Loading Library GUID: {EAB22AC0-30C1-11CF-A7EB-0000C05BAE0B}
[10/11/2016 17:03:19:664]   Loading Upgrade Option Others / COMSVCSLib
[10/11/2016 17:03:19:664]     Loading Feature Option Others/COMSVCSLib/COMSVCSLibCOMInterop
[10/11/2016 17:03:19:664]       True
[10/11/2016 17:03:19:664]       True
[10/11/2016 17:03:19:664]       Loading Library GUID: {2A005C00-A5DE-11CF-9E66-00AA00A3F464}
[10/11/2016 17:03:19:664]     Loading Feature Option Others/COMSVCSLib/COMSVCSLibNative
[10/11/2016 17:03:19:664]       True
[10/11/2016 17:03:19:664]       True
[10/11/2016 17:03:19:664]       Loading Library GUID: {2A005C00-A5DE-11CF-9E66-00AA00A3F464}
[10/11/2016 17:03:19:664]   Loading Upgrade Option Others / ListPro
[10/11/2016 17:03:19:664]     Loading Feature Option Others/ListPro/ListPro_COMInterop
[10/11/2016 17:03:19:664]       True
[10/11/2016 17:03:19:664]       True
[10/11/2016 17:03:19:664]     Loading Feature Option Others/ListPro/ListPro_Native
[10/11/2016 17:03:19:664]       True
[10/11/2016 17:03:19:664]       True
[10/11/2016 17:03:19:664]       Loading Library GUID: {8DDE6232-1BB0-11D0-81C3-0080C7A2EF7D}
[10/11/2016 17:03:19:664]       Loading Library GUID: {8DDE622F-1BB0-11D0-81C3-0080C7A2EF7D}
[10/11/2016 17:03:19:664]       Loading Library GUID: {660687B0-1A89-11D2-8813-0000C0E5948C}
[10/11/2016 17:03:19:664]   Loading Upgrade Option Others / Scripting
[10/11/2016 17:03:19:664]     Loading Feature Option Others/Scripting/Scripting
[10/11/2016 17:03:19:664]       True
[10/11/2016 17:03:19:664]       True
[10/11/2016 17:03:19:664]       Loading Library GUID: {420B2830-E718-11CF-893D-00A0C9054228}
[10/11/2016 17:03:19:664]     Loading Feature Option Others/Scripting/None
[10/11/2016 17:03:19:664]       True
[10/11/2016 17:03:19:664]       True
[10/11/2016 17:03:19:664]       Loading Library GUID: {420B2830-E718-11CF-893D-00A0C9054228}
[10/11/2016 17:03:19:664]   Loading Upgrade Option Others / TeeChart
[10/11/2016 17:03:19:664]     Loading Feature Option Others/TeeChart/TeeChartCOMInterop
[10/11/2016 17:03:19:664]       True
[10/11/2016 17:03:19:664]       True
[10/11/2016 17:03:19:664]     Loading Feature Option Others/TeeChart/TeeChartNative
[10/11/2016 17:03:19:664]       True
[10/11/2016 17:03:19:664]       True
[10/11/2016 17:03:19:664]       Loading Library GUID: {B6C10482-FB89-11D4-93C9-006008A7EED4}
[10/11/2016 17:03:19:665]   Loading Upgrade Option Others / XArray
[10/11/2016 17:03:19:665]     Loading Feature Option Others/XArray/XArrayCOMInterop
[10/11/2016 17:03:19:665]       True
[10/11/2016 17:03:19:665]       True
[10/11/2016 17:03:19:665]     Loading Feature Option Others/XArray/XArrayNative
[10/11/2016 17:03:19:665]       True
[10/11/2016 17:03:19:665]       True
[10/11/2016 17:03:19:665]       Loading Library GUID: {00028CF1-0000-0000-0000-000000000046}
[10/11/2016 17:03:19:665]   Loading Upgrade Option Others / XArrayDB
[10/11/2016 17:03:19:665]     Loading Feature Option Others/XArrayDB/XArrayDBCOMInterop
[10/11/2016 17:03:19:665]       True
[10/11/2016 17:03:19:665]       True
[10/11/2016 17:03:19:665]     Loading Feature Option Others/XArrayDB/XArrayDBHelper
[10/11/2016 17:03:19:665]       True
[10/11/2016 17:03:19:665]       True
[10/11/2016 17:03:19:665]   Loading Upgrade Option Sheridan / SSActiveTabPanel
[10/11/2016 17:03:19:665]     Loading Feature Option Sheridan/SSActiveTabPanel/SSActiveTabPanelCOMInterop
[10/11/2016 17:03:19:665]       True
[10/11/2016 17:03:19:665]       True
[10/11/2016 17:03:19:665]       Loading Library GUID: {1C203F13-95AD-11D0-A84B-00A0247B73B}
[10/11/2016 17:03:19:665]     Loading Feature Option Sheridan/SSActiveTabPanel/SSActiveTabPanelNative
[10/11/2016 17:03:19:665]       True
[10/11/2016 17:03:19:665]       True
[10/11/2016 17:03:19:665]       Loading Library GUID: {1C203F13-95AD-11D0-A84B-00A0247B73B}
[10/11/2016 17:03:19:665]   Loading Upgrade Option Sheridan / SSActiveTreeView
[10/11/2016 17:03:19:665]     Loading Feature Option Sheridan/SSActiveTreeView/SSActiveTreeViewCOMInterop
[10/11/2016 17:03:19:665]       True
[10/11/2016 17:03:19:665]       True
[10/11/2016 17:03:19:665]       Loading Library GUID: {1C203F13-95AD-11D0-A84B-00A0247B73B}
[10/11/2016 17:03:19:665]     Loading Feature Option Sheridan/SSActiveTreeView/SSActiveTreeViewNative
[10/11/2016 17:03:19:665]       True
[10/11/2016 17:03:19:665]       True
[10/11/2016 17:03:19:665]       Loading Library GUID: {1C203F13-95AD-11D0-A84B-00A0247B73B}
[10/11/2016 17:03:19:665]   Loading Upgrade Option Sheridan / SSCalendarWidgets
[10/11/2016 17:03:19:665]     Loading Feature Option Sheridan/SSCalendarWidgets/SSCalendarWidgetsCOMInterop
[10/11/2016 17:03:19:665]       True
[10/11/2016 17:03:19:665]       True
[10/11/2016 17:03:19:665]       Loading Library GUID: {E8671A8B-E5DD-11CD-836C-0000C0C14E92}
[10/11/2016 17:03:19:665]       Loading Library GUID: {EB52CF7B-3917-11CE-80FB-0000C0C14E92}
[10/11/2016 17:03:19:665]       Loading Library GUID: {E8671A88-E5DD-11CD-836C-0000C0C14E92}
[10/11/2016 17:03:19:665]       Loading Library GUID: {368C5B10-6A0F-11CE-9425-0000C0C14E92}
[10/11/2016 17:03:19:665]     Loading Feature Option Sheridan/SSCalendarWidgets/SSCalendarWidgetsNative
[10/11/2016 17:03:19:665]       True
[10/11/2016 17:03:19:665]       True
[10/11/2016 17:03:19:665]       Loading Library GUID: {EB52CF7B-3917-11CE-80FB-0000C0C14E92}
[10/11/2016 17:03:19:665]       Loading Library GUID: {E8671A88-E5DD-11CD-836C-0000C0C14E92}
[10/11/2016 17:03:19:665]       Loading Library GUID: {E8671A8B-E5DD-11CD-836C-0000C0C14E92}
[10/11/2016 17:03:19:665]       Loading Library GUID: {368C5B10-6A0F-11CE-9425-0000C0C14E92}
[10/11/2016 17:03:19:665]   Loading Upgrade Option Sheridan / SSDataWidgets_B
[10/11/2016 17:03:19:665]     Loading Feature Option Sheridan/SSDataWidgets_B/SSDataWidgets_BCOMInterop
[10/11/2016 17:03:19:665]       True
[10/11/2016 17:03:19:665]       True
[10/11/2016 17:03:19:665]       Loading Library GUID: {8D650141-6025-11D1-BC40-0000C042AEC0}
[10/11/2016 17:03:19:665]       Loading Library GUID: {A7A61125-0EAA-11D1-B22F-0000C08C00C4}
[10/11/2016 17:03:19:665]       Loading Library GUID: {A7A61138-0EAA-11D1-B22F-0000C08C00C4}
[10/11/2016 17:03:19:665]       Loading Library GUID: {A7A6112E-0EAA-11D1-B22F-0000C08C00C4}
[10/11/2016 17:03:19:665]       Loading Library GUID: {A7A61132-0EAA-11D1-B22F-0000C08C00C4}
[10/11/2016 17:03:19:665]       Loading Library GUID: {A7A6112F-0EAA-11D1-B22F-0000C08C00C4}
[10/11/2016 17:03:19:665]       Loading Library GUID: {A7A61133-0EAA-11D1-B22F-0000C08C00C4}
[10/11/2016 17:03:19:665]       Loading Library GUID: {A7A6113C-0EAA-11D1-B22F-0000C08C00C4}
[10/11/2016 17:03:19:665]       Loading Library GUID: {A7A61128-0EAA-11D1-B22F-0000C08C00C4}
[10/11/2016 17:03:19:675]       Loading Library GUID: {A7A6112B-0EAA-11D1-B22F-0000C08C00C4}
[10/11/2016 17:03:19:675]     Loading Feature Option Sheridan/SSDataWidgets_B/SSDataWidgets_BNative
[10/11/2016 17:03:19:675]       True
[10/11/2016 17:03:19:675]       True
[10/11/2016 17:03:19:675]       Loading Library GUID: {4A4AA69D-3E6F-11D2-822F-00104B9E07A1}
[10/11/2016 17:03:19:675]       Loading Library GUID: {4A4AA69A-3E6F-11D2-822F-00104B9E07A1}
[10/11/2016 17:03:19:675]       Loading Library GUID: {4A4AA697-3E6F-11D2-822F-00104B9E07A1}
[10/11/2016 17:03:19:675]       Loading Library GUID: {4A4AA691-3E6F-11D2-822F-00104B9E07A1}
[10/11/2016 17:03:19:675]       Loading Library GUID: {BC496AED-9B4E-11CE-A6D5-0000C0BE9395}
[10/11/2016 17:03:19:675]       Loading Library GUID: {8D650141-6025-11D1-BC40-0000C042AEC0}
[10/11/2016 17:03:19:675]       Loading Library GUID: {A7A61125-0EAA-11D1-B22F-0000C08C00C4}
[10/11/2016 17:03:19:675]       Loading Library GUID: {A7A61138-0EAA-11D1-B22F-0000C08C00C4}
[10/11/2016 17:03:19:675]       Loading Library GUID: {A7A6112E-0EAA-11D1-B22F-0000C08C00C4}
[10/11/2016 17:03:19:675]       Loading Library GUID: {A7A61132-0EAA-11D1-B22F-0000C08C00C4}
[10/11/2016 17:03:19:676]       Loading Library GUID: {A7A6112F-0EAA-11D1-B22F-0000C08C00C4}
[10/11/2016 17:03:19:676]       Loading Library GUID: {A7A61133-0EAA-11D1-B22F-0000C08C00C4}
[10/11/2016 17:03:19:676]       Loading Library GUID: {A7A6113C-0EAA-11D1-B22F-0000C08C00C4}
[10/11/2016 17:03:19:676]       Loading Library GUID: {A7A61128-0EAA-11D1-B22F-0000C08C00C4}
[10/11/2016 17:03:19:676]       Loading Library GUID: {A7A6112B-0EAA-11D1-B22F-0000C08C00C4}
[10/11/2016 17:03:19:676]     Loading Feature Option Sheridan/SSDataWidgets_B/SSDataWidgets_B_to_C1
[10/11/2016 17:03:19:676]       True
[10/11/2016 17:03:19:676]       True
[10/11/2016 17:03:19:676]       Loading Library GUID: {BC496AED-9B4E-11CE-A6D5-0000C0BE9395}
[10/11/2016 17:03:19:676]       Loading Library GUID: {8D650141-6025-11D1-BC40-0000C042AEC0}
[10/11/2016 17:03:19:676]       Loading Library GUID: {A7A61125-0EAA-11D1-B22F-0000C08C00C4}
[10/11/2016 17:03:19:676]       Loading Library GUID: {A7A61138-0EAA-11D1-B22F-0000C08C00C4}
[10/11/2016 17:03:19:676]       Loading Library GUID: {A7A6112E-0EAA-11D1-B22F-0000C08C00C4}
[10/11/2016 17:03:19:676]       Loading Library GUID: {A7A61132-0EAA-11D1-B22F-0000C08C00C4}
[10/11/2016 17:03:19:676]       Loading Library GUID: {A7A6112F-0EAA-11D1-B22F-0000C08C00C4}
[10/11/2016 17:03:19:676]       Loading Library GUID: {A7A61133-0EAA-11D1-B22F-0000C08C00C4}
[10/11/2016 17:03:19:676]       Loading Library GUID: {A7A6113C-0EAA-11D1-B22F-0000C08C00C4}
[10/11/2016 17:03:19:676]       Loading Library GUID: {A7A61128-0EAA-11D1-B22F-0000C08C00C4}
[10/11/2016 17:03:19:676]       Loading Library GUID: {A7A6112B-0EAA-11D1-B22F-0000C08C00C4}
[10/11/2016 17:03:19:676]       Loading Library GUID: {BC496AED-9B4E-11CE-A6D5-0000C0BE9395}
[10/11/2016 17:03:19:676]       Loading Library GUID: {9F6AA700-D188-11CD-AD48-00AA003C9CB6}
[10/11/2016 17:03:19:676]       Loading Library GUID: {BFD890D1-1A36-11CF-91A5-0000C0FCE2B7}
[10/11/2016 17:03:19:676]       Loading Library GUID: {B683DA20-F2CB-11CE-9173-0000C0FCE2B7}
[10/11/2016 17:03:19:676]       Loading Library GUID: {B683DA21-F2CB-11CE-9173-0000C0FCE2B7}
[10/11/2016 17:03:19:676]       Loading Library GUID: {BC496AE1-9B4E-11CE-A6D5-0000C0BE9395}
[10/11/2016 17:03:19:676]       Loading Library GUID: {BC496AE2-9B4E-11CE-A6D5-0000C0BE9395}
[10/11/2016 17:03:19:676]       Loading Library GUID: {AC05DC80-7DF1-11D0-839E-00A024A94B3A}
[10/11/2016 17:03:19:676]       Loading Library GUID: {BC496AE6-9B4E-11CE-A6D5-0000C0BE9395}
[10/11/2016 17:03:19:676]       Loading Library GUID: {BC496AE7-9B4E-11CE-A6D5-0000C0BE9395}
[10/11/2016 17:03:19:676]       Loading Library GUID: {AC05DC85-7DF1-11D0-839E-00A024A94B3A}
[10/11/2016 17:03:19:676]       Loading Library GUID: {BC496AEB-9B4E-11CE-A6D5-0000C0BE9395}
[10/11/2016 17:03:19:676]       Loading Library GUID: {BC496AEC-9B4E-11CE-A6D5-0000C0BE9395}
[10/11/2016 17:03:19:676]       Loading Library GUID: {AC05DC8A-7DF1-11D0-839E-00A024A94B3A}
[10/11/2016 17:03:19:676]       Loading Library GUID: {2F5A8C52-9F43-11CE-A6D9-0000C0BE9395}
[10/11/2016 17:03:19:676]       Loading Library GUID: {2F5A8C53-9F43-11CE-A6D9-0000C0BE9395}
[10/11/2016 17:03:19:676]       Loading Library GUID: {F9F86BA0-9F7A-11CE-A6D9-0000C0BE9395}
[10/11/2016 17:03:19:676]       Loading Library GUID: {F9F86BA1-9F7A-11CE-A6D9-0000C0BE9395}
[10/11/2016 17:03:19:676]       Loading Library GUID: {2F654A90-9C27-11CE-A6D6-0000C0BE9395}
[10/11/2016 17:03:19:676]       Loading Library GUID: {2F654A91-9C27-11CE-A6D6-0000C0BE9395}
[10/11/2016 17:03:19:676]       Loading Library GUID: {3026DA50-9CF1-11CE-A6D7-0000C0BE9395}
[10/11/2016 17:03:19:676]       Loading Library GUID: {3026DA51-9CF1-11CE-A6D7-0000C0BE9395}
[10/11/2016 17:03:19:676]       Loading Library GUID: {C48905E0-D966-11CE-914E-0000C0FCE2B7}
[10/11/2016 17:03:19:676]       Loading Library GUID: {C48905E1-D966-11CE-914E-0000C0FCE2B7}
[10/11/2016 17:03:19:676]       Loading Library GUID: {318ECF20-E3D3-11CE-9160-0000C0FCE2B7}
[10/11/2016 17:03:19:676]       Loading Library GUID: {318ECF21-E3D3-11CE-9160-0000C0FCE2B7}
[10/11/2016 17:03:19:677]       Loading Library GUID: {4A9EF652-FF22-11CE-9188-0000C0FCE2B7}
[10/11/2016 17:03:19:677]       Loading Library GUID: {4A9EF653-FF22-11CE-9188-0000C0FCE2B7}
[10/11/2016 17:03:19:677]       Loading Library GUID: {4B95740B-03F3-11CF-918C-0000C0FCE2B7}
[10/11/2016 17:03:19:677]       Loading Library GUID: {4B95740C-03F3-11CF-918C-0000C0FCE2B7}
[10/11/2016 17:03:19:677]       Loading Library GUID: {4B95740D-03F3-11CF-918C-0000C0FCE2B7}
[10/11/2016 17:03:19:677]       Loading Library GUID: {4B95740E-03F3-11CF-918C-0000C0FCE2B7}
[10/11/2016 17:03:19:677]   Loading Upgrade Option Sheridan / SSDesignerWidgetsTabs
[10/11/2016 17:03:19:677]     Loading Feature Option Sheridan/SSDesignerWidgetsTabs/SSDesignerWidgetsTabsCOMInterop
[10/11/2016 17:03:19:677]       True
[10/11/2016 17:03:19:677]       True
[10/11/2016 17:03:19:677]       Loading Library GUID: {B074BC8B-5A5B-11CE-98BD-0000C0E6B88E}
[10/11/2016 17:03:19:677]     Loading Feature Option Sheridan/SSDesignerWidgetsTabs/SSDesignerWidgetsTabsNative
[10/11/2016 17:03:19:677]       True
[10/11/2016 17:03:19:677]       True
[10/11/2016 17:03:19:677]       Loading Library GUID: {B074BC8B-5A5B-11CE-98BD-0000C0E6B88E}
[10/11/2016 17:03:19:677]   Loading Upgrade Option Sheridan / SSListBar
[10/11/2016 17:03:19:677]     Loading Feature Option Sheridan/SSListBar/SSListBarCOMInterop
[10/11/2016 17:03:19:677]       True
[10/11/2016 17:03:19:677]       True
[10/11/2016 17:03:19:677]       Loading Library GUID: {15138B51-7EB6-11D0-9BB7-0000C0F04C96}
[10/11/2016 17:03:19:677]     Loading Feature Option Sheridan/SSListBar/SSListBarNative
[10/11/2016 17:03:19:677]       True
[10/11/2016 17:03:19:677]       True
[10/11/2016 17:03:19:677]       Loading Library GUID: {15138B51-7EB6-11D0-9BB7-0000C0F04C96}
[10/11/2016 17:03:19:677]   Loading Upgrade Option Sheridan / SSPanelToLabel
[10/11/2016 17:03:19:677]     Loading Feature Option Sheridan/SSPanelToLabel/SSPanelToLabelFeature
[10/11/2016 17:03:19:677]       True
[10/11/2016 17:03:19:677]       True
[10/11/2016 17:03:19:677]     Loading Feature Option Sheridan/SSPanelToLabel/SSPanelToLabelNone
[10/11/2016 17:03:19:677]       True
[10/11/2016 17:03:19:677]       True
[10/11/2016 17:03:19:677]   Loading Upgrade Option Sheridan / SSSplitter
[10/11/2016 17:03:19:677]     Loading Feature Option Sheridan/SSSplitter/SSSplitterCOMInterop
[10/11/2016 17:03:19:677]       True
[10/11/2016 17:03:19:677]       True
[10/11/2016 17:03:19:677]       Loading Library GUID: {F7BA9F11-0A5D-11D0-97C9-0000C09400C4}
[10/11/2016 17:03:19:677]     Loading Feature Option Sheridan/SSSplitter/SSSplitterNative
[10/11/2016 17:03:19:677]       True
[10/11/2016 17:03:19:677]       True
[10/11/2016 17:03:19:677]       Loading Library GUID: {F7BA9F11-0A5D-11D0-97C9-0000C09400C4}
[10/11/2016 17:03:19:677]   Loading Upgrade Option Sheridan / Threed
[10/11/2016 17:03:19:677]     Loading Feature Option Sheridan/Threed/ThreedCOMInterop
[10/11/2016 17:03:19:677]       True
[10/11/2016 17:03:19:677]       True
[10/11/2016 17:03:19:677]       Loading Library GUID: {AAD093B2-F9CA-11CF-9C85-0000C09300C4}
[10/11/2016 17:03:19:677]       Loading Library GUID: {240210C2-E3B3-11CF-BE3F-0000C0F04C96}
[10/11/2016 17:03:19:677]       Loading Library GUID: {1E8B9953-DB45-11CF-9B47-0000C0F04C96}
[10/11/2016 17:03:19:677]       Loading Library GUID: {0BA686C6-F7D3-101A-993E-0000C0EF6F5E}
[10/11/2016 17:03:19:677]       Loading Library GUID: {065E6FD1-1BF9-11D2-BAE8-00104B9E0792}
[10/11/2016 17:03:19:677]     Loading Feature Option Sheridan/Threed/ThreedNative
[10/11/2016 17:03:19:677]       True
[10/11/2016 17:03:19:677]       True
[10/11/2016 17:03:19:677]       Loading Library GUID: {AAD093B2-F9CA-11CF-9C85-0000C09300C4}
[10/11/2016 17:03:19:677]       Loading Library GUID: {240210C2-E3B3-11CF-BE3F-0000C0F04C96}
[10/11/2016 17:03:19:677]       Loading Library GUID: {1E8B9953-DB45-11CF-9B47-0000C0F04C96}
[10/11/2016 17:03:19:677]       Loading Library GUID: {0BA686C6-F7D3-101A-993E-0000C0EF6F5E}
[10/11/2016 17:03:19:677]       Loading Library GUID: {065E6FD1-1BF9-11D2-BAE8-00104B9E0792}
[10/11/2016 17:03:19:677]       Loading Library GUID: {065E6FE6-1BF9-11D2-BAE8-00104B9E0792}
[10/11/2016 17:03:19:677]       Loading Library GUID: {A2976EE4-400E-4E8C-9C57-192F3EF72001}
[10/11/2016 17:03:19:677]       Loading Library GUID: {F20E41DE-526A-423A-B746-D860D06076B4}
[10/11/2016 17:03:19:678]   Loading Upgrade Option CodeConversion / ActiveX
[10/11/2016 17:03:19:678]     Loading Feature Option CodeConversion/ActiveX/AddCOMVisible
[10/11/2016 17:03:19:678]       True
[10/11/2016 17:03:19:678]       True
[10/11/2016 17:03:19:678]     Loading Feature Option CodeConversion/ActiveX/HelperClasses
[10/11/2016 17:03:19:678]       True
[10/11/2016 17:03:19:678]       True
[10/11/2016 17:03:19:678]     Loading Feature Option CodeConversion/ActiveX/StandardAssemblies
[10/11/2016 17:03:19:678]       True
[10/11/2016 17:03:19:678]       True
[10/11/2016 17:03:19:678]   Loading Upgrade Option CodeConversion / AutoProperties
[10/11/2016 17:03:19:678]     Loading Feature Option CodeConversion/AutoProperties/AutoProperties
[10/11/2016 17:03:19:678]       True
[10/11/2016 17:03:19:678]       True
[10/11/2016 17:03:19:678]     Loading Feature Option CodeConversion/AutoProperties/AutoPropertiesNone
[10/11/2016 17:03:19:678]       True
[10/11/2016 17:03:19:678]       True
[10/11/2016 17:03:19:678]   Loading Upgrade Option CodeConversion / DeadCodeCommenting
[10/11/2016 17:03:19:678]     Loading Feature Option CodeConversion/DeadCodeCommenting/DeadCodeCommenting
[10/11/2016 17:03:19:678]       True
[10/11/2016 17:03:19:678]       True
[10/11/2016 17:03:19:678]     Loading Feature Option CodeConversion/DeadCodeCommenting/DeadCodeCommentingNone
[10/11/2016 17:03:19:678]       True
[10/11/2016 17:03:19:678]       True
[10/11/2016 17:03:19:678]   Loading Upgrade Option CodeConversion / DefaultProperty
[10/11/2016 17:03:19:678]     Loading Feature Option CodeConversion/DefaultProperty/DefaultPropertyHelper
[10/11/2016 17:03:19:678]       True
[10/11/2016 17:03:19:678]       True
[10/11/2016 17:03:19:678]     Loading Feature Option CodeConversion/DefaultProperty/DefaultPropertyHelperNone
[10/11/2016 17:03:19:678]       True
[10/11/2016 17:03:19:678]       True
[10/11/2016 17:03:19:678]   Loading Upgrade Option CodeConversion / ErrorHandling
[10/11/2016 17:03:19:678]     Loading Feature Option CodeConversion/ErrorHandling/ErrorHandlingNone
[10/11/2016 17:03:19:678]       True
[10/11/2016 17:03:19:678]       True
[10/11/2016 17:03:19:678]     Loading Feature Option CodeConversion/ErrorHandling/ErrorHandlingToTryCatch
[10/11/2016 17:03:19:678]       True
[10/11/2016 17:03:19:678]       True
[10/11/2016 17:03:19:678]     Loading Feature Option CodeConversion/ErrorHandling/ErrorHandlingToTryCatchWithLambdas
[10/11/2016 17:03:19:678]       True
[10/11/2016 17:03:19:678]       True
[10/11/2016 17:03:19:678]   Loading Upgrade Option CodeConversion / Form_Load
[10/11/2016 17:03:19:678]     Loading Feature Option CodeConversion/Form_Load/Form_LoadByHelper
[10/11/2016 17:03:19:678]       True
[10/11/2016 17:03:19:678]       True
[10/11/2016 17:03:19:678]     Loading Feature Option CodeConversion/Form_Load/Form_LoadToMethod
[10/11/2016 17:03:19:678]       True
[10/11/2016 17:03:19:678]       True
[10/11/2016 17:03:19:678]     Loading Feature Option CodeConversion/Form_Load/Form_LoadToNETNativeEvents
[10/11/2016 17:03:19:678]       True
[10/11/2016 17:03:19:678]       True
[10/11/2016 17:03:19:678]   Loading Upgrade Option CodeConversion / FreeCOMObjects
[10/11/2016 17:03:19:678]     Loading Feature Option CodeConversion/FreeCOMObjects/FreeCOMObjectsMemory
[10/11/2016 17:03:19:678]       True
[10/11/2016 17:03:19:678]       True
[10/11/2016 17:03:19:678]     Loading Feature Option CodeConversion/FreeCOMObjects/FreeCOMObjectsNone
[10/11/2016 17:03:19:678]       True
[10/11/2016 17:03:19:678]       True
[10/11/2016 17:03:19:678]   Loading Upgrade Option CodeConversion / LateBindingAccess
[10/11/2016 17:03:19:678]     Loading Feature Option CodeConversion/LateBindingAccess/LateBindingAccessHelper
[10/11/2016 17:03:19:678]       True
[10/11/2016 17:03:19:678]       True
[10/11/2016 17:03:19:678]     Loading Feature Option CodeConversion/LateBindingAccess/LateBindingAccessNone
[10/11/2016 17:03:19:678]       True
[10/11/2016 17:03:19:678]       True
[10/11/2016 17:03:19:678]   Loading Upgrade Option CodeConversion / LineAndShape
[10/11/2016 17:03:19:678]     Loading Feature Option CodeConversion/LineAndShape/LineAndShapeNone
[10/11/2016 17:03:19:678]       True
[10/11/2016 17:03:19:678]       True
[10/11/2016 17:03:19:678]     Loading Feature Option CodeConversion/LineAndShape/LineAndShapeToPowerPacks
[10/11/2016 17:03:19:678]       True
[10/11/2016 17:03:19:678]       True
[10/11/2016 17:03:19:678]   Loading Upgrade Option CodeConversion / MidLeftRight
[10/11/2016 17:03:19:678]     Loading Feature Option CodeConversion/MidLeftRight/MidLeftRightToSubString
[10/11/2016 17:03:19:678]       True
[10/11/2016 17:03:19:678]       True
[10/11/2016 17:03:19:678]     Loading Feature Option CodeConversion/MidLeftRight/MidLeftRightToVBCompatibility
[10/11/2016 17:03:19:678]       True
[10/11/2016 17:03:19:678]       True
[10/11/2016 17:03:19:678]   Loading Upgrade Option CodeConversion / SkeletonsGeneration
[10/11/2016 17:03:19:678]     Loading Feature Option CodeConversion/SkeletonsGeneration/SkeletonsGeneration
[10/11/2016 17:03:19:678]       True
[10/11/2016 17:03:19:678]       True
[10/11/2016 17:03:19:678]     Loading Feature Option CodeConversion/SkeletonsGeneration/SkeletonsGenerationNone
[10/11/2016 17:03:19:678]       True
[10/11/2016 17:03:19:678]       True
[10/11/2016 17:03:19:678]   Loading Upgrade Option CodeConversion / StubsGeneration
[10/11/2016 17:03:19:679]     Loading Feature Option CodeConversion/StubsGeneration/StubsGeneration
[10/11/2016 17:03:19:679]       True
[10/11/2016 17:03:19:679]       True
[10/11/2016 17:03:19:679]     Loading Feature Option CodeConversion/StubsGeneration/StubsGenerationNone
[10/11/2016 17:03:19:679]       True
[10/11/2016 17:03:19:679]       True
[10/11/2016 17:03:19:679]   Loading Upgrade Option CodeConversion / UnusedLocalVarsRemoval
[10/11/2016 17:03:19:679]     Loading Feature Option CodeConversion/UnusedLocalVarsRemoval/UnusedLocalVarsRemoval
[10/11/2016 17:03:19:679]       True
[10/11/2016 17:03:19:679]       True
[10/11/2016 17:03:19:679]     Loading Feature Option CodeConversion/UnusedLocalVarsRemoval/UnusedLocalVarsRemovalNone
[10/11/2016 17:03:19:679]       True
[10/11/2016 17:03:19:679]       True
[10/11/2016 17:03:19:679]   Loading Upgrade Option CodeConversion / VBCollection
[10/11/2016 17:03:19:679]     Loading Feature Option CodeConversion/VBCollection/VBCollectionToCompatibility
[10/11/2016 17:03:19:679]       True
[10/11/2016 17:03:19:679]       True
[10/11/2016 17:03:19:679]     Loading Feature Option CodeConversion/VBCollection/VBCollectionToNative
[10/11/2016 17:03:19:679]       True
[10/11/2016 17:03:19:679]       True
[10/11/2016 17:03:19:689]   Loading Upgrade Option DataAccess / ADODB
[10/11/2016 17:03:19:689]     Loading Feature Option DataAccess/ADODB/ADODBCOMMON
[10/11/2016 17:03:19:689]       True
[10/11/2016 17:03:19:689]       True
[10/11/2016 17:03:19:689]       Loading Library GUID: {EF53050B-882E-4776-B643-EDA472E8E3F2}
[10/11/2016 17:03:19:689]     Loading Feature Option DataAccess/ADODB/ADODB
[10/11/2016 17:03:19:689]       True
[10/11/2016 17:03:19:689]       True
[10/11/2016 17:03:19:689]       Loading Library GUID: {EF53050B-882E-4776-B643-EDA472E8E3F2}
[10/11/2016 17:03:19:689]     Loading Feature Option DataAccess/ADODB/COMInterop
[10/11/2016 17:03:19:689]       True
[10/11/2016 17:03:19:689]       True
[10/11/2016 17:03:19:689]       Loading Library GUID: {EF53050B-882E-4776-B643-EDA472E8E3F2}
[10/11/2016 17:03:19:689]   Loading Upgrade Option DataAccess / DAO
[10/11/2016 17:03:19:689]     Loading Feature Option DataAccess/DAO/COMInterop
[10/11/2016 17:03:19:689]       True
[10/11/2016 17:03:19:689]       True
[10/11/2016 17:03:19:689]       Loading Library GUID: {00025E01-0000-0000-C000-000000000046}
[10/11/2016 17:03:19:689]     Loading Feature Option DataAccess/DAO/DAOCOMMON
[10/11/2016 17:03:19:689]       True
[10/11/2016 17:03:19:689]       True
[10/11/2016 17:03:19:689]       Loading Library GUID: {00025E01-0000-0000-C000-000000000046}
[10/11/2016 17:03:19:689]   Loading Upgrade Option DataAccess / RDO
[10/11/2016 17:03:19:690]     Loading Feature Option DataAccess/RDO/COMInterop
[10/11/2016 17:03:19:690]       True
[10/11/2016 17:03:19:690]       True
[10/11/2016 17:03:19:690]       Loading Library GUID: {F6125AB1-8AB1-11CE-A77F-08002B2F4E98}
[10/11/2016 17:03:19:690]       Loading Library GUID: {EE008642-64A8-11CE-920F-08002B369A33}
[10/11/2016 17:03:19:690]     Loading Feature Option DataAccess/RDO/RDO
[10/11/2016 17:03:19:690]       True
[10/11/2016 17:03:19:690]       True
[10/11/2016 17:03:19:690]       Loading Library GUID: {F6125AB1-8AB1-11CE-A77F-08002B2F4E98}
[10/11/2016 17:03:19:690]       Loading Library GUID: {EE008642-64A8-11CE-920F-08002B369A33}
[10/11/2016 17:03:19:690]     Loading Feature Option DataAccess/RDO/RDOCommon
[10/11/2016 17:03:19:690]       True
[10/11/2016 17:03:19:690]       True
[10/11/2016 17:03:19:690]       Loading Library GUID: {EE008642-64A8-11CE-920F-08002B369A33}
[10/11/2016 17:03:19:690]       Loading Library GUID: {F6125AB1-8AB1-11CE-A77F-08002B2F4E98}
[10/11/2016 17:03:19:690]   Loading Upgrade Option Grids / FPSpread
[10/11/2016 17:03:19:690]     Loading Feature Option Grids/FPSpread/COMInterop
[10/11/2016 17:03:19:690]       True
[10/11/2016 17:03:19:690]       True
[10/11/2016 17:03:19:690]       Loading Library GUID: {B02F3647-766B-11CE-AF28-C3A2FBE76A13}
[10/11/2016 17:03:19:690]       Loading Library GUID: {E2454650-4D87-11D2-B8B2-0000C00A958C}
[10/11/2016 17:03:19:690]     Loading Feature Option Grids/FPSpread/FPSpreadHelper
[10/11/2016 17:03:19:690]       True
[10/11/2016 17:03:19:690]       True
[10/11/2016 17:03:19:690]       Loading Library GUID: {B02F3647-766B-11CE-AF28-C3A2FBE76A13}
[10/11/2016 17:03:19:690]       Loading Library GUID: {E2454650-4D87-11D2-B8B2-0000C00A958C}
[10/11/2016 17:03:19:690]       Loading Library GUID: {F13C99C0-4D73-11D2-B8B2-0000C00A958C}
[10/11/2016 17:03:19:690]       Loading Library GUID: {D166EE70-4D87-11D2-B8B2-0000C00A958C}
[10/11/2016 17:03:19:690]       Loading Library GUID: {FDAC2480-F4ED-4632-AA78-DCA210A74E49}
[10/11/2016 17:03:19:690]   Loading Upgrade Option Grids / MSDataGridLib
[10/11/2016 17:03:19:690]     Loading Feature Option Grids/MSDataGridLib/MSDataGridLibCOMInterop
[10/11/2016 17:03:19:690]       True
[10/11/2016 17:03:19:690]       True
[10/11/2016 17:03:19:690]       Loading Library GUID: {CDE57A43-8B86-11D0-B3C6-00A0C90AEA82}
[10/11/2016 17:03:19:690]       Loading Library GUID: {CDE57A40-8B86-11D0-B3C6-00A0C90AEA82}
[10/11/2016 17:03:19:690]     Loading Feature Option Grids/MSDataGridLib/MSDataGridLibToC1
[10/11/2016 17:03:19:690]       True
[10/11/2016 17:03:19:690]       True
[10/11/2016 17:03:19:690]       Loading Library GUID: {CDE57A43-8B86-11D0-B3C6-00A0C90AEA82}
[10/11/2016 17:03:19:690]       Loading Library GUID: {CDE57A40-8B86-11D0-B3C6-00A0C90AEA82}
[10/11/2016 17:03:19:690]     Loading Feature Option Grids/MSDataGridLib/MSDataGridToDataGridView
[10/11/2016 17:03:19:690]       True
[10/11/2016 17:03:19:690]       True
[10/11/2016 17:03:19:690]       Loading Library GUID: {CDE57A43-8B86-11D0-B3C6-00A0C90AEA82}
[10/11/2016 17:03:19:690]       Loading Library GUID: {CDE57A40-8B86-11D0-B3C6-00A0C90AEA82}
[10/11/2016 17:03:19:690]   Loading Upgrade Option Grids / MSDBGridLib
[10/11/2016 17:03:19:690]     Loading Feature Option Grids/MSDBGridLib/MSDBGridLibCOMInterop
[10/11/2016 17:03:19:690]       True
[10/11/2016 17:03:19:690]       True
[10/11/2016 17:03:19:690]       Loading Library GUID: {00028C01-0000-0000-0000-000000000046}
[10/11/2016 17:03:19:690]     Loading Feature Option Grids/MSDBGridLib/MSDBGridToDataGridView
[10/11/2016 17:03:19:690]       True
[10/11/2016 17:03:19:690]       True
[10/11/2016 17:03:19:690]       Loading Library GUID: {00028C01-0000-0000-0000-000000000046}
[10/11/2016 17:03:19:690]   Loading Upgrade Option Grids / MSFlexGrid
[10/11/2016 17:03:19:690]     Loading Feature Option Grids/MSFlexGrid/COMInterop
[10/11/2016 17:03:19:690]       True
[10/11/2016 17:03:19:690]       True
[10/11/2016 17:03:19:690]       Loading Library GUID: {6262D3A0-531B-11CF-91F6-C2863C385E30}
[10/11/2016 17:03:19:690]       Loading Library GUID: {5E9E78A0-531B-11CF-91F6-C2863C385E30}
[10/11/2016 17:03:19:690]     Loading Feature Option Grids/MSFlexGrid/MSFlexGridToC1
[10/11/2016 17:03:19:690]       True
[10/11/2016 17:03:19:690]       True
[10/11/2016 17:03:19:690]       Loading Library GUID: {6262D3A0-531B-11CF-91F6-C2863C385E30}
[10/11/2016 17:03:19:690]       Loading Library GUID: {5E9E78A0-531B-11CF-91F6-C2863C385E30}
[10/11/2016 17:03:19:690]     Loading Feature Option Grids/MSFlexGrid/MSFlexGridToHelper
[10/11/2016 17:03:19:690]       True
[10/11/2016 17:03:19:690]       True
[10/11/2016 17:03:19:690]       Loading Library GUID: {6262D3A0-531B-11CF-91F6-C2863C385E30}
[10/11/2016 17:03:19:690]       Loading Library GUID: {5E9E78A0-531B-11CF-91F6-C2863C385E30}
[10/11/2016 17:03:19:690]   Loading Upgrade Option Grids / TrueDBGrid
[10/11/2016 17:03:19:691]     Loading Feature Option Grids/TrueDBGrid/TrueDBGridCOMInterop
[10/11/2016 17:03:19:691]       True
[10/11/2016 17:03:19:691]       True
[10/11/2016 17:03:19:691]       Loading Library GUID: {00028CD1-0000-0000-0000-000000000046}
[10/11/2016 17:03:19:691]       Loading Library GUID: {00028CE0-0000-0000-0000-000000000046}
[10/11/2016 17:03:19:691]       Loading Library GUID: {00028C68-0000-0000-0000-000000000046}
[10/11/2016 17:03:19:691]       Loading Library GUID: {00028CEA-0000-0000-0000-000000000046}
[10/11/2016 17:03:19:691]       Loading Library GUID: {00028CE9-0000-0000-0000-000000000046}
[10/11/2016 17:03:19:691]       Loading Library GUID: {00028CE7-0000-0000-0000-000000000046}
[10/11/2016 17:03:19:691]       Loading Library GUID: {00028CE4-0000-0000-0000-000000000046}
[10/11/2016 17:03:19:691]       Loading Library GUID: {00028CE2-0000-0000-0000-000000000046}
[10/11/2016 17:03:19:691]       Loading Library GUID: {00028CE6-0000-0000-0000-000000000046}
[10/11/2016 17:03:19:691]       Loading Library GUID: {00028CEE-0000-0000-0000-000000000046}
[10/11/2016 17:03:19:691]       Loading Library GUID: {00028C5E-0000-0000-0000-000000000046}
[10/11/2016 17:03:19:691]       Loading Library GUID: {00028C68-0000-0000-0000-000000000046}
[10/11/2016 17:03:19:691]       Loading Library GUID: {00028C68-0000-0000-0000-000000000046}
[10/11/2016 17:03:19:691]       Loading Library GUID: {00028C67-0000-0000-0000-000000000046}
[10/11/2016 17:03:19:691]       Loading Library GUID: {00028C49-0000-0000-0000-000000000046}
[10/11/2016 17:03:19:691]       Loading Library GUID: {00028C65-0000-0000-0000-000000000046}
[10/11/2016 17:03:19:691]       Loading Library GUID: {00028C65-0000-0000-0000-000000000046}
[10/11/2016 17:03:19:691]       Loading Library GUID: {00028C60-0000-0000-0000-000000000046}
[10/11/2016 17:03:19:691]       Loading Library GUID: {00028C64-0000-0000-0000-000000000046}
[10/11/2016 17:03:19:691]       Loading Library GUID: {00028C6C-0000-0000-0000-000000000046}
[10/11/2016 17:03:19:691]       Loading Library GUID: {0D623637-DBA2-11D1-B5DF-0060976089D0}
[10/11/2016 17:03:19:691]       Loading Library GUID: {0D62363E-DBA2-11D1-B5DF-0060976089D0}
[10/11/2016 17:03:19:691]       Loading Library GUID: {0D623648-DBA2-11D1-B5DF-0060976089D0}
[10/11/2016 17:03:19:691]       Loading Library GUID: {0D623648-DBA2-11D1-B5DF-0060976089D0}
[10/11/2016 17:03:19:691]       Loading Library GUID: {0D623647-DBA2-11D1-B5DF-0060976089D0}
[10/11/2016 17:03:19:691]       Loading Library GUID: {0D623645-DBA2-11D1-B5DF-0060976089D0}
[10/11/2016 17:03:19:691]       Loading Library GUID: {0D623642-DBA2-11D1-B5DF-0060976089D0}
[10/11/2016 17:03:19:691]       Loading Library GUID: {0D623640-DBA2-11D1-B5DF-0060976089D0}
[10/11/2016 17:03:19:691]       Loading Library GUID: {0D623644-DBA2-11D1-B5DF-0060976089D0}
[10/11/2016 17:03:19:691]       Loading Library GUID: {0D62364C-DBA2-11D1-B5DF-0060976089D0}
[10/11/2016 17:03:19:691]     Loading Feature Option Grids/TrueDBGrid/TrueDBGridToC1
[10/11/2016 17:03:19:691]       True
[10/11/2016 17:03:19:691]       True
[10/11/2016 17:03:19:691]       Loading Library GUID: {00028CD1-0000-0000-0000-000000000046}
[10/11/2016 17:03:19:691]       Loading Library GUID: {00028CE0-0000-0000-0000-000000000046}
[10/11/2016 17:03:19:691]       Loading Library GUID: {00028C68-0000-0000-0000-000000000046}
[10/11/2016 17:03:19:691]       Loading Library GUID: {00028CEA-0000-0000-0000-000000000046}
[10/11/2016 17:03:19:691]       Loading Library GUID: {00028CE9-0000-0000-0000-000000000046}
[10/11/2016 17:03:19:691]       Loading Library GUID: {00028CE7-0000-0000-0000-000000000046}
[10/11/2016 17:03:19:691]       Loading Library GUID: {00028CE4-0000-0000-0000-000000000046}
[10/11/2016 17:03:19:691]       Loading Library GUID: {00028CE2-0000-0000-0000-000000000046}
[10/11/2016 17:03:19:691]       Loading Library GUID: {00028CE6-0000-0000-0000-000000000046}
[10/11/2016 17:03:19:691]       Loading Library GUID: {00028CEE-0000-0000-0000-000000000046}
[10/11/2016 17:03:19:691]       Loading Library GUID: {00028C5E-0000-0000-0000-000000000046}
[10/11/2016 17:03:19:691]       Loading Library GUID: {00028C68-0000-0000-0000-000000000046}
[10/11/2016 17:03:19:691]       Loading Library GUID: {00028C68-0000-0000-0000-000000000046}
[10/11/2016 17:03:19:691]       Loading Library GUID: {00028C67-0000-0000-0000-000000000046}
[10/11/2016 17:03:19:691]       Loading Library GUID: {00028C49-0000-0000-0000-000000000046}
[10/11/2016 17:03:19:692]       Loading Library GUID: {00028C65-0000-0000-0000-000000000046}
[10/11/2016 17:03:19:692]       Loading Library GUID: {00028C65-0000-0000-0000-000000000046}
[10/11/2016 17:03:19:692]       Loading Library GUID: {00028C60-0000-0000-0000-000000000046}
[10/11/2016 17:03:19:692]       Loading Library GUID: {00028C64-0000-0000-0000-000000000046}
[10/11/2016 17:03:19:692]       Loading Library GUID: {00028C6C-0000-0000-0000-000000000046}
[10/11/2016 17:03:19:692]       Loading Library GUID: {0D623637-DBA2-11D1-B5DF-0060976089D0}
[10/11/2016 17:03:19:692]       Loading Library GUID: {0D62363E-DBA2-11D1-B5DF-0060976089D0}
[10/11/2016 17:03:19:692]       Loading Library GUID: {0D623648-DBA2-11D1-B5DF-0060976089D0}
[10/11/2016 17:03:19:692]       Loading Library GUID: {0D623648-DBA2-11D1-B5DF-0060976089D0}
[10/11/2016 17:03:19:692]       Loading Library GUID: {0D623647-DBA2-11D1-B5DF-0060976089D0}
[10/11/2016 17:03:19:692]       Loading Library GUID: {0D623645-DBA2-11D1-B5DF-0060976089D0}
[10/11/2016 17:03:19:692]       Loading Library GUID: {0D623642-DBA2-11D1-B5DF-0060976089D0}
[10/11/2016 17:03:19:692]       Loading Library GUID: {0D623640-DBA2-11D1-B5DF-0060976089D0}
[10/11/2016 17:03:19:692]       Loading Library GUID: {0D623644-DBA2-11D1-B5DF-0060976089D0}
[10/11/2016 17:03:19:692]       Loading Library GUID: {0D62364C-DBA2-11D1-B5DF-0060976089D0}
[10/11/2016 17:03:19:692]       Loading Library GUID: {562E3E04-2C31-4ECE-83F4-4017EEE51D40}
[10/11/2016 17:03:19:692]       Loading Library GUID: {44BD92DB-D8A8-43A8-8900-DD73310A59EB}
[10/11/2016 17:03:19:692]       Loading Library GUID: {DEF7CADD-83C0-11D0-A0F1-00A024703500}
[10/11/2016 17:03:19:692]       Loading Library GUID: {DEF7CADC-83C0-11D0-A0F1-00A024703500}
[10/11/2016 17:03:19:692]     Loading Feature Option Grids/TrueDBGrid/TrueDBGridToHelper
[10/11/2016 17:03:19:692]       True
[10/11/2016 17:03:19:692]       True
[10/11/2016 17:03:19:692]       Loading Library GUID: {00028CD1-0000-0000-0000-000000000046}
[10/11/2016 17:03:19:692]       Loading Library GUID: {00028CE0-0000-0000-0000-000000000046}
[10/11/2016 17:03:19:692]       Loading Library GUID: {00028CDA-0000-0000-0000-000000000046}
[10/11/2016 17:03:19:692]       Loading Library GUID: {00028C68-0000-0000-0000-000000000046}
[10/11/2016 17:03:19:692]       Loading Library GUID: {00028CEA-0000-0000-0000-000000000046}
[10/11/2016 17:03:19:692]       Loading Library GUID: {00028CE9-0000-0000-0000-000000000046}
[10/11/2016 17:03:19:692]       Loading Library GUID: {00028CE7-0000-0000-0000-000000000046}
[10/11/2016 17:03:19:692]       Loading Library GUID: {00028CE4-0000-0000-0000-000000000046}
[10/11/2016 17:03:19:692]       Loading Library GUID: {00028CE2-0000-0000-0000-000000000046}
[10/11/2016 17:03:19:692]       Loading Library GUID: {00028CE6-0000-0000-0000-000000000046}
[10/11/2016 17:03:19:692]       Loading Library GUID: {00028CEE-0000-0000-0000-000000000046}
[10/11/2016 17:03:19:692]       Loading Library GUID: {00028C4A-0000-0000-0000-000000000046}
[10/11/2016 17:03:19:692]       Loading Library GUID: {0D6234D1-DBA2-11D1-B5DF-0060976089D0}
[10/11/2016 17:03:19:692]       Loading Library GUID: {0D6234DE-DBA2-11D1-B5DF-0060976089D0}
[10/11/2016 17:03:19:692]       Loading Library GUID: {0D6234D0-DBA2-11D1-B5DF-0060976089D0}
[10/11/2016 17:03:19:692]       Loading Library GUID: {DEF7CADD-83C0-11D0-A0F1-00A024703500}
[10/11/2016 17:03:19:692]       Loading Library GUID: {DEF7CAF5-83C0-11D0-A0F1-00A024703500}
[10/11/2016 17:03:19:692]       Loading Library GUID: {DEF7CADC-83C0-11D0-A0F1-00A024703500}
[10/11/2016 17:03:19:692]       Loading Library GUID: {0D623638-DBA2-11D1-B5DF-0060976089D0}
[10/11/2016 17:03:19:692]       Loading Library GUID: {0D623650-DBA2-11D1-B5DF-0060976089D0}
[10/11/2016 17:03:19:692]       Loading Library GUID: {0D623637-DBA2-11D1-B5DF-0060976089D0}
[10/11/2016 17:03:19:692]       Loading Library GUID: {562E3E04-2C31-4ECE-83F4-4017EEE51D40}
[10/11/2016 17:03:19:692]       Loading Library GUID: {44BD92DB-D8A8-43A8-8900-DD73310A59EB}
[10/11/2016 17:03:19:692]   Loading Upgrade Option Grids / VSFlexGrid
[10/11/2016 17:03:19:692]     Loading Feature Option Grids/VSFlexGrid/VSFlexGridCOMInterop
[10/11/2016 17:03:19:693]       True
[10/11/2016 17:03:19:693]       True
[10/11/2016 17:03:19:693]       Loading Library GUID: {8099FCC2-0A81-11D2-BAA4-04F205C10000}
[10/11/2016 17:03:19:693]       Loading Library GUID: {8099FCCF-0A81-11D2-BAA4-04F205C10000}
[10/11/2016 17:03:19:693]       Loading Library GUID: {DE401F60-0CF9-11D2-BAA4-28F205C10000}
[10/11/2016 17:03:19:693]       Loading Library GUID: {364E5626-11FC-11D2-B4AF-30C204C10000}
[10/11/2016 17:03:19:693]       Loading Library GUID: {364E5624-11FC-11D2-B4AF-30C204C10000}
[10/11/2016 17:03:19:693]       Loading Library GUID: {8099FCD1-0A81-11D2-BAA4-04F205C10000}
[10/11/2016 17:03:19:693]       Loading Library GUID: {8099FCD0-0A81-11D2-BAA4-04F205C10000}
[10/11/2016 17:03:19:693]       Loading Library GUID: {8099FCD2-0A81-11D2-BAA4-04F205C10000}
[10/11/2016 17:03:19:693]       Loading Library GUID: {10A0E0B5-F76A-4194-A46C-4BCDDB64DD74}
[10/11/2016 17:03:19:693]       Loading Library GUID: {C0A63B86-4B21-11D3-BD95-D426EF2C7949}
[10/11/2016 17:03:19:693]       Loading Library GUID: {D76D7128-4A96-11D3-BD95-D296DC2DD072}
[10/11/2016 17:03:19:693]       Loading Library GUID: {D76D712E-4A96-11D3-BD95-D296DC2DD072}
[10/11/2016 17:03:19:693]       Loading Library GUID: {BEEECC20-4D5F-4F8B-BFDC-5D9B6FBDE09D}
[10/11/2016 17:03:19:693]       Loading Library GUID: {C0A63B80-4B21-11D3-BD95-D426EF2C7949}
[10/11/2016 17:03:19:693]       Loading Library GUID: {1C0489F8-9EFD-423D-887A-315387F18C8F}
[10/11/2016 17:03:19:693]     Loading Feature Option Grids/VSFlexGrid/VSFlexGridToC1
[10/11/2016 17:03:19:693]       True
[10/11/2016 17:03:19:693]       True
[10/11/2016 17:03:19:693]       Loading Library GUID: {8099FCC2-0A81-11D2-BAA4-04F205C10000}
[10/11/2016 17:03:19:693]       Loading Library GUID: {8099FCCF-0A81-11D2-BAA4-04F205C10000}
[10/11/2016 17:03:19:693]       Loading Library GUID: {DE401F60-0CF9-11D2-BAA4-28F205C10000}
[10/11/2016 17:03:19:693]       Loading Library GUID: {364E5626-11FC-11D2-B4AF-30C204C10000}
[10/11/2016 17:03:19:693]       Loading Library GUID: {364E5624-11FC-11D2-B4AF-30C204C10000}
[10/11/2016 17:03:19:693]       Loading Library GUID: {8099FCD1-0A81-11D2-BAA4-04F205C10000}
[10/11/2016 17:03:19:693]       Loading Library GUID: {8099FCD0-0A81-11D2-BAA4-04F205C10000}
[10/11/2016 17:03:19:693]       Loading Library GUID: {8099FCD2-0A81-11D2-BAA4-04F205C10000}
[10/11/2016 17:03:19:693]       Loading Library GUID: {10A0E0B5-F76A-4194-A46C-4BCDDB64DD74}
[10/11/2016 17:03:19:693]       Loading Library GUID: {C0A63B86-4B21-11D3-BD95-D426EF2C7949}
[10/11/2016 17:03:19:693]       Loading Library GUID: {D76D7128-4A96-11D3-BD95-D296DC2DD072}
[10/11/2016 17:03:19:693]       Loading Library GUID: {D76D712E-4A96-11D3-BD95-D296DC2DD072}
[10/11/2016 17:03:19:693]       Loading Library GUID: {BEEECC20-4D5F-4F8B-BFDC-5D9B6FBDE09D}
[10/11/2016 17:03:19:693]       Loading Library GUID: {C0A63B80-4B21-11D3-BD95-D426EF2C7949}
[10/11/2016 17:03:19:693]       Loading Library GUID: {C945E31A-102E-4A0D-8854-D599D7AED5FA}
[10/11/2016 17:03:19:693]   Loading Upgrade Option Microsoft / MSACAL
[10/11/2016 17:03:19:693]     Loading Feature Option Microsoft/MSACAL/MSACALCOMInterop
[10/11/2016 17:03:19:693]       True
[10/11/2016 17:03:19:693]       True
[10/11/2016 17:03:19:693]       Loading Library GUID: {8E27C92B-1264-101C-8A2F-040224009C02}
[10/11/2016 17:03:19:693]       Loading Library GUID: {8E27C92E-1264-101C-8A2F-040224009C02}
[10/11/2016 17:03:19:693]     Loading Feature Option Microsoft/MSACAL/MSACALNative
[10/11/2016 17:03:19:693]       True
[10/11/2016 17:03:19:693]       True
[10/11/2016 17:03:19:693]       Loading Library GUID: {8E27C92B-1264-101C-8A2F-040224009C02}
[10/11/2016 17:03:19:693]   Loading Upgrade Option Microsoft / MSComCtl2
[10/11/2016 17:03:19:693]     Loading Feature Option Microsoft/MSComCtl2/MSComCtl2COMInterop
[10/11/2016 17:03:19:693]       True
[10/11/2016 17:03:19:693]       True
[10/11/2016 17:03:19:693]     Loading Feature Option Microsoft/MSComCtl2/MSComCtl2Native
[10/11/2016 17:03:19:693]       True
[10/11/2016 17:03:19:693]       True
[10/11/2016 17:03:19:693]       Loading Library GUID: {20DD1B9E-87C4-11D1-8BE3-0000F8754DA1}
[10/11/2016 17:03:19:693]       Loading Library GUID: {86CF1D34-0C5F-11D2-A9FC-0000F8754DA1}
[10/11/2016 17:03:19:693]   Loading Upgrade Option Microsoft / MSComctlLib
[10/11/2016 17:03:19:693]     Loading Feature Option Microsoft/MSComctlLib/MSComctlLibCOMInterop
[10/11/2016 17:03:19:693]       True
[10/11/2016 17:03:19:693]       True
[10/11/2016 17:03:19:693]       Loading Library GUID: {8E3867A3-8586-11D1-B16A-00C0F0283628}
[10/11/2016 17:03:19:694]       Loading Library GUID: {831FDD16-0C5C-11D2-A9FC-0000F8754DA1}
[10/11/2016 17:03:19:694]     Loading Feature Option Microsoft/MSComctlLib/MSComctlLibNative
[10/11/2016 17:03:19:694]       True
[10/11/2016 17:03:19:694]       True
[10/11/2016 17:03:19:694]       Loading Library GUID: {8E3867A3-8586-11D1-B16A-00C0F0283628}
[10/11/2016 17:03:19:694]       Loading Library GUID: {831FDD16-0C5C-11D2-A9FC-0000F8754DA1}
[10/11/2016 17:03:19:694]   Loading Upgrade Option Microsoft / MSComDlg
[10/11/2016 17:03:19:694]     Loading Feature Option Microsoft/MSComDlg/MSComDlgCOMInterop
[10/11/2016 17:03:19:694]       True
[10/11/2016 17:03:19:694]       True
[10/11/2016 17:03:19:694]       Loading Library GUID: {F9043C88-F6F2-101A-A3C9-08002B2F49FB}
[10/11/2016 17:03:19:694]     Loading Feature Option Microsoft/MSComDlg/MSComDlgNative
[10/11/2016 17:03:19:694]       True
[10/11/2016 17:03:19:694]       True
[10/11/2016 17:03:19:694]       Loading Library GUID: {F9043C88-F6F2-101A-A3C9-08002B2F49FB}
[10/11/2016 17:03:19:694]   Loading Upgrade Option Microsoft / MSMask
[10/11/2016 17:03:19:694]     Loading Feature Option Microsoft/MSMask/MSMaskCOMInterop
[10/11/2016 17:03:19:694]       True
[10/11/2016 17:03:19:694]       True
[10/11/2016 17:03:19:694]       Loading Library GUID: {C932BA85-4374-101B-A56C-00AA003668DC}
[10/11/2016 17:03:19:694]       Loading Library GUID: {C932BA88-4374-101B-A56C-00AA003668DC}
[10/11/2016 17:03:19:694]     Loading Feature Option Microsoft/MSMask/MSMaskNative
[10/11/2016 17:03:19:694]       True
[10/11/2016 17:03:19:694]       True
[10/11/2016 17:03:19:694]       Loading Library GUID: {C932BA85-4374-101B-A56C-00AA003668DC}
[10/11/2016 17:03:19:694]       Loading Library GUID: {C932BA88-4374-101B-A56C-00AA003668DC}
[10/11/2016 17:03:19:694]   Loading Upgrade Option Microsoft / MSWLess
[10/11/2016 17:03:19:694]     Loading Feature Option Microsoft/MSWLess/MSWLessCOMInterop
[10/11/2016 17:03:19:694]       True
[10/11/2016 17:03:19:694]       True
[10/11/2016 17:03:19:694]       Loading Library GUID: {CFC13920-9EF4-11D0-B72F-0000C04D4C0A}
[10/11/2016 17:03:19:694]     Loading Feature Option Microsoft/MSWLess/MSWLessNative
[10/11/2016 17:03:19:694]       True
[10/11/2016 17:03:19:694]       True
[10/11/2016 17:03:19:694]       Loading Library GUID: {CFC13920-9EF4-11D0-B72F-0000C04D4C0A}
[10/11/2016 17:03:19:694]   Loading Upgrade Option Microsoft / MSXML2
[10/11/2016 17:03:19:694]     Loading Feature Option Microsoft/MSXML2/MSXML2COMInterop
[10/11/2016 17:03:19:694]       True
[10/11/2016 17:03:19:694]       True
[10/11/2016 17:03:19:694]     Loading Feature Option Microsoft/MSXML2/MSXML2Native
[10/11/2016 17:03:19:694]       True
[10/11/2016 17:03:19:694]       True
[10/11/2016 17:03:19:694]       Loading Library GUID: {F5078F18-C551-11D3-89B9-0000F81FE221}
[10/11/2016 17:03:19:694]   Loading Upgrade Option Microsoft / RichTextBox
[10/11/2016 17:03:19:694]     Loading Feature Option Microsoft/RichTextBox/RichTextBoxCOMInterop
[10/11/2016 17:03:19:694]       True
[10/11/2016 17:03:19:694]       True
[10/11/2016 17:03:19:694]       Loading Library GUID: {3B7C8863-D78F-101B-B9B5-04021C009402}
[10/11/2016 17:03:19:694]     Loading Feature Option Microsoft/RichTextBox/RichTextBoxNative
[10/11/2016 17:03:19:694]       True
[10/11/2016 17:03:19:694]       True
[10/11/2016 17:03:19:694]       Loading Library GUID: {3B7C8863-D78F-101B-B9B5-04021C009402}
[10/11/2016 17:03:19:694]   Loading Upgrade Option Microsoft / SHDocVw
[10/11/2016 17:03:19:694]     Loading Feature Option Microsoft/SHDocVw/SHDocVwCOMInterop
[10/11/2016 17:03:19:694]       True
[10/11/2016 17:03:19:694]       True
[10/11/2016 17:03:19:694]       Loading Library GUID: {8856F961-340A-11D0-A96B-00C04FD705A2}
[10/11/2016 17:03:19:694]       Loading Library GUID: {EAB22AC0-30C1-11CF-A7EB-0000C05BAE0B}
[10/11/2016 17:03:19:694]     Loading Feature Option Microsoft/SHDocVw/SHDocVwNative
[10/11/2016 17:03:19:694]       True
[10/11/2016 17:03:19:694]       True
[10/11/2016 17:03:19:694]       Loading Library GUID: {8856F961-340A-11D0-A96B-00C04FD705A2}
[10/11/2016 17:03:19:694]       Loading Library GUID: {EAB22AC0-30C1-11CF-A7EB-0000C05BAE0B}
[10/11/2016 17:03:19:694]   Loading Upgrade Option Others / COMSVCSLib
[10/11/2016 17:03:19:694]     Loading Feature Option Others/COMSVCSLib/COMSVCSLibCOMInterop
[10/11/2016 17:03:19:694]       True
[10/11/2016 17:03:19:694]       True
[10/11/2016 17:03:19:694]       Loading Library GUID: {2A005C00-A5DE-11CF-9E66-00AA00A3F464}
[10/11/2016 17:03:19:694]     Loading Feature Option Others/COMSVCSLib/COMSVCSLibNative
[10/11/2016 17:03:19:694]       True
[10/11/2016 17:03:19:694]       True
[10/11/2016 17:03:19:694]       Loading Library GUID: {2A005C00-A5DE-11CF-9E66-00AA00A3F464}
[10/11/2016 17:03:19:694]   Loading Upgrade Option Others / ListPro
[10/11/2016 17:03:19:695]     Loading Feature Option Others/ListPro/ListPro_COMInterop
[10/11/2016 17:03:19:695]       True
[10/11/2016 17:03:19:695]       True
[10/11/2016 17:03:19:695]     Loading Feature Option Others/ListPro/ListPro_Native
[10/11/2016 17:03:19:695]       True
[10/11/2016 17:03:19:695]       True
[10/11/2016 17:03:19:695]       Loading Library GUID: {8DDE6232-1BB0-11D0-81C3-0080C7A2EF7D}
[10/11/2016 17:03:19:695]       Loading Library GUID: {8DDE622F-1BB0-11D0-81C3-0080C7A2EF7D}
[10/11/2016 17:03:19:695]       Loading Library GUID: {660687B0-1A89-11D2-8813-0000C0E5948C}
[10/11/2016 17:03:19:695]   Loading Upgrade Option Others / Scripting
[10/11/2016 17:03:19:695]     Loading Feature Option Others/Scripting/Scripting
[10/11/2016 17:03:19:695]       True
[10/11/2016 17:03:19:695]       True
[10/11/2016 17:03:19:695]       Loading Library GUID: {420B2830-E718-11CF-893D-00A0C9054228}
[10/11/2016 17:03:19:695]     Loading Feature Option Others/Scripting/None
[10/11/2016 17:03:19:695]       True
[10/11/2016 17:03:19:695]       True
[10/11/2016 17:03:19:695]       Loading Library GUID: {420B2830-E718-11CF-893D-00A0C9054228}
[10/11/2016 17:03:19:695]   Loading Upgrade Option Others / TeeChart
[10/11/2016 17:03:19:695]     Loading Feature Option Others/TeeChart/TeeChartCOMInterop
[10/11/2016 17:03:19:695]       True
[10/11/2016 17:03:19:695]       True
[10/11/2016 17:03:19:695]     Loading Feature Option Others/TeeChart/TeeChartNative
[10/11/2016 17:03:19:695]       True
[10/11/2016 17:03:19:695]       True
[10/11/2016 17:03:19:695]       Loading Library GUID: {B6C10482-FB89-11D4-93C9-006008A7EED4}
[10/11/2016 17:03:19:695]   Loading Upgrade Option Others / XArray
[10/11/2016 17:03:19:695]     Loading Feature Option Others/XArray/XArrayCOMInterop
[10/11/2016 17:03:19:695]       True
[10/11/2016 17:03:19:695]       True
[10/11/2016 17:03:19:695]     Loading Feature Option Others/XArray/XArrayNative
[10/11/2016 17:03:19:695]       True
[10/11/2016 17:03:19:695]       True
[10/11/2016 17:03:19:695]       Loading Library GUID: {00028CF1-0000-0000-0000-000000000046}
[10/11/2016 17:03:19:695]   Loading Upgrade Option Others / XArrayDB
[10/11/2016 17:03:19:695]     Loading Feature Option Others/XArrayDB/XArrayDBCOMInterop
[10/11/2016 17:03:19:695]       True
[10/11/2016 17:03:19:695]       True
[10/11/2016 17:03:19:695]     Loading Feature Option Others/XArrayDB/XArrayDBHelper
[10/11/2016 17:03:19:695]       True
[10/11/2016 17:03:19:695]       True
[10/11/2016 17:03:19:695]   Loading Upgrade Option Sheridan / SSActiveTabPanel
[10/11/2016 17:03:19:695]     Loading Feature Option Sheridan/SSActiveTabPanel/SSActiveTabPanelCOMInterop
[10/11/2016 17:03:19:695]       True
[10/11/2016 17:03:19:695]       True
[10/11/2016 17:03:19:695]       Loading Library GUID: {1C203F13-95AD-11D0-A84B-00A0247B73B}
[10/11/2016 17:03:19:695]     Loading Feature Option Sheridan/SSActiveTabPanel/SSActiveTabPanelNative
[10/11/2016 17:03:19:695]       True
[10/11/2016 17:03:19:695]       True
[10/11/2016 17:03:19:695]       Loading Library GUID: {1C203F13-95AD-11D0-A84B-00A0247B73B}
[10/11/2016 17:03:19:695]   Loading Upgrade Option Sheridan / SSActiveTreeView
[10/11/2016 17:03:19:701]     Loading Feature Option Sheridan/SSActiveTreeView/SSActiveTreeViewCOMInterop
[10/11/2016 17:03:19:701]       True
[10/11/2016 17:03:19:701]       True
[10/11/2016 17:03:19:701]       Loading Library GUID: {1C203F13-95AD-11D0-A84B-00A0247B73B}
[10/11/2016 17:03:19:701]     Loading Feature Option Sheridan/SSActiveTreeView/SSActiveTreeViewNative
[10/11/2016 17:03:19:701]       True
[10/11/2016 17:03:19:701]       True
[10/11/2016 17:03:19:701]       Loading Library GUID: {1C203F13-95AD-11D0-A84B-00A0247B73B}
[10/11/2016 17:03:19:701]   Loading Upgrade Option Sheridan / SSCalendarWidgets
[10/11/2016 17:03:19:701]     Loading Feature Option Sheridan/SSCalendarWidgets/SSCalendarWidgetsCOMInterop
[10/11/2016 17:03:19:701]       True
[10/11/2016 17:03:19:701]       True
[10/11/2016 17:03:19:701]       Loading Library GUID: {E8671A8B-E5DD-11CD-836C-0000C0C14E92}
[10/11/2016 17:03:19:701]       Loading Library GUID: {EB52CF7B-3917-11CE-80FB-0000C0C14E92}
[10/11/2016 17:03:19:701]       Loading Library GUID: {E8671A88-E5DD-11CD-836C-0000C0C14E92}
[10/11/2016 17:03:19:701]       Loading Library GUID: {368C5B10-6A0F-11CE-9425-0000C0C14E92}
[10/11/2016 17:03:19:701]     Loading Feature Option Sheridan/SSCalendarWidgets/SSCalendarWidgetsNative
[10/11/2016 17:03:19:701]       True
[10/11/2016 17:03:19:701]       True
[10/11/2016 17:03:19:701]       Loading Library GUID: {EB52CF7B-3917-11CE-80FB-0000C0C14E92}
[10/11/2016 17:03:19:701]       Loading Library GUID: {E8671A88-E5DD-11CD-836C-0000C0C14E92}
[10/11/2016 17:03:19:701]       Loading Library GUID: {E8671A8B-E5DD-11CD-836C-0000C0C14E92}
[10/11/2016 17:03:19:701]       Loading Library GUID: {368C5B10-6A0F-11CE-9425-0000C0C14E92}
[10/11/2016 17:03:19:701]   Loading Upgrade Option Sheridan / SSDataWidgets_B
[10/11/2016 17:03:19:701]     Loading Feature Option Sheridan/SSDataWidgets_B/SSDataWidgets_BCOMInterop
[10/11/2016 17:03:19:701]       True
[10/11/2016 17:03:19:701]       True
[10/11/2016 17:03:19:701]       Loading Library GUID: {8D650141-6025-11D1-BC40-0000C042AEC0}
[10/11/2016 17:03:19:701]       Loading Library GUID: {A7A61125-0EAA-11D1-B22F-0000C08C00C4}
[10/11/2016 17:03:19:701]       Loading Library GUID: {A7A61138-0EAA-11D1-B22F-0000C08C00C4}
[10/11/2016 17:03:19:701]       Loading Library GUID: {A7A6112E-0EAA-11D1-B22F-0000C08C00C4}
[10/11/2016 17:03:19:701]       Loading Library GUID: {A7A61132-0EAA-11D1-B22F-0000C08C00C4}
[10/11/2016 17:03:19:701]       Loading Library GUID: {A7A6112F-0EAA-11D1-B22F-0000C08C00C4}
[10/11/2016 17:03:19:701]       Loading Library GUID: {A7A61133-0EAA-11D1-B22F-0000C08C00C4}
[10/11/2016 17:03:19:701]       Loading Library GUID: {A7A6113C-0EAA-11D1-B22F-0000C08C00C4}
[10/11/2016 17:03:19:701]       Loading Library GUID: {A7A61128-0EAA-11D1-B22F-0000C08C00C4}
[10/11/2016 17:03:19:701]       Loading Library GUID: {A7A6112B-0EAA-11D1-B22F-0000C08C00C4}
[10/11/2016 17:03:19:701]     Loading Feature Option Sheridan/SSDataWidgets_B/SSDataWidgets_BNative
[10/11/2016 17:03:19:701]       True
[10/11/2016 17:03:19:701]       True
[10/11/2016 17:03:19:701]       Loading Library GUID: {4A4AA69D-3E6F-11D2-822F-00104B9E07A1}
[10/11/2016 17:03:19:701]       Loading Library GUID: {4A4AA69A-3E6F-11D2-822F-00104B9E07A1}
[10/11/2016 17:03:19:701]       Loading Library GUID: {4A4AA697-3E6F-11D2-822F-00104B9E07A1}
[10/11/2016 17:03:19:701]       Loading Library GUID: {4A4AA691-3E6F-11D2-822F-00104B9E07A1}
[10/11/2016 17:03:19:701]       Loading Library GUID: {BC496AED-9B4E-11CE-A6D5-0000C0BE9395}
[10/11/2016 17:03:19:701]       Loading Library GUID: {8D650141-6025-11D1-BC40-0000C042AEC0}
[10/11/2016 17:03:19:701]       Loading Library GUID: {A7A61125-0EAA-11D1-B22F-0000C08C00C4}
[10/11/2016 17:03:19:701]       Loading Library GUID: {A7A61138-0EAA-11D1-B22F-0000C08C00C4}
[10/11/2016 17:03:19:702]       Loading Library GUID: {A7A6112E-0EAA-11D1-B22F-0000C08C00C4}
[10/11/2016 17:03:19:702]       Loading Library GUID: {A7A61132-0EAA-11D1-B22F-0000C08C00C4}
[10/11/2016 17:03:19:702]       Loading Library GUID: {A7A6112F-0EAA-11D1-B22F-0000C08C00C4}
[10/11/2016 17:03:19:702]       Loading Library GUID: {A7A61133-0EAA-11D1-B22F-0000C08C00C4}
[10/11/2016 17:03:19:702]       Loading Library GUID: {A7A6113C-0EAA-11D1-B22F-0000C08C00C4}
[10/11/2016 17:03:19:702]       Loading Library GUID: {A7A61128-0EAA-11D1-B22F-0000C08C00C4}
[10/11/2016 17:03:19:702]       Loading Library GUID: {A7A6112B-0EAA-11D1-B22F-0000C08C00C4}
[10/11/2016 17:03:19:702]     Loading Feature Option Sheridan/SSDataWidgets_B/SSDataWidgets_B_to_C1
[10/11/2016 17:03:19:702]       True
[10/11/2016 17:03:19:702]       True
[10/11/2016 17:03:19:702]       Loading Library GUID: {BC496AED-9B4E-11CE-A6D5-0000C0BE9395}
[10/11/2016 17:03:19:702]       Loading Library GUID: {8D650141-6025-11D1-BC40-0000C042AEC0}
[10/11/2016 17:03:19:702]       Loading Library GUID: {A7A61125-0EAA-11D1-B22F-0000C08C00C4}
[10/11/2016 17:03:19:702]       Loading Library GUID: {A7A61138-0EAA-11D1-B22F-0000C08C00C4}
[10/11/2016 17:03:19:702]       Loading Library GUID: {A7A6112E-0EAA-11D1-B22F-0000C08C00C4}
[10/11/2016 17:03:19:702]       Loading Library GUID: {A7A61132-0EAA-11D1-B22F-0000C08C00C4}
[10/11/2016 17:03:19:702]       Loading Library GUID: {A7A6112F-0EAA-11D1-B22F-0000C08C00C4}
[10/11/2016 17:03:19:702]       Loading Library GUID: {A7A61133-0EAA-11D1-B22F-0000C08C00C4}
[10/11/2016 17:03:19:702]       Loading Library GUID: {A7A6113C-0EAA-11D1-B22F-0000C08C00C4}
[10/11/2016 17:03:19:702]       Loading Library GUID: {A7A61128-0EAA-11D1-B22F-0000C08C00C4}
[10/11/2016 17:03:19:702]       Loading Library GUID: {A7A6112B-0EAA-11D1-B22F-0000C08C00C4}
[10/11/2016 17:03:19:702]       Loading Library GUID: {BC496AED-9B4E-11CE-A6D5-0000C0BE9395}
[10/11/2016 17:03:19:702]       Loading Library GUID: {9F6AA700-D188-11CD-AD48-00AA003C9CB6}
[10/11/2016 17:03:19:702]       Loading Library GUID: {BFD890D1-1A36-11CF-91A5-0000C0FCE2B7}
[10/11/2016 17:03:19:702]       Loading Library GUID: {B683DA20-F2CB-11CE-9173-0000C0FCE2B7}
[10/11/2016 17:03:19:702]       Loading Library GUID: {B683DA21-F2CB-11CE-9173-0000C0FCE2B7}
[10/11/2016 17:03:19:702]       Loading Library GUID: {BC496AE1-9B4E-11CE-A6D5-0000C0BE9395}
[10/11/2016 17:03:19:702]       Loading Library GUID: {BC496AE2-9B4E-11CE-A6D5-0000C0BE9395}
[10/11/2016 17:03:19:702]       Loading Library GUID: {AC05DC80-7DF1-11D0-839E-00A024A94B3A}
[10/11/2016 17:03:19:702]       Loading Library GUID: {BC496AE6-9B4E-11CE-A6D5-0000C0BE9395}
[10/11/2016 17:03:19:702]       Loading Library GUID: {BC496AE7-9B4E-11CE-A6D5-0000C0BE9395}
[10/11/2016 17:03:19:702]       Loading Library GUID: {AC05DC85-7DF1-11D0-839E-00A024A94B3A}
[10/11/2016 17:03:19:702]       Loading Library GUID: {BC496AEB-9B4E-11CE-A6D5-0000C0BE9395}
[10/11/2016 17:03:19:702]       Loading Library GUID: {BC496AEC-9B4E-11CE-A6D5-0000C0BE9395}
[10/11/2016 17:03:19:702]       Loading Library GUID: {AC05DC8A-7DF1-11D0-839E-00A024A94B3A}
[10/11/2016 17:03:19:702]       Loading Library GUID: {2F5A8C52-9F43-11CE-A6D9-0000C0BE9395}
[10/11/2016 17:03:19:702]       Loading Library GUID: {2F5A8C53-9F43-11CE-A6D9-0000C0BE9395}
[10/11/2016 17:03:19:702]       Loading Library GUID: {F9F86BA0-9F7A-11CE-A6D9-0000C0BE9395}
[10/11/2016 17:03:19:702]       Loading Library GUID: {F9F86BA1-9F7A-11CE-A6D9-0000C0BE9395}
[10/11/2016 17:03:19:702]       Loading Library GUID: {2F654A90-9C27-11CE-A6D6-0000C0BE9395}
[10/11/2016 17:03:19:702]       Loading Library GUID: {2F654A91-9C27-11CE-A6D6-0000C0BE9395}
[10/11/2016 17:03:19:702]       Loading Library GUID: {3026DA50-9CF1-11CE-A6D7-0000C0BE9395}
[10/11/2016 17:03:19:702]       Loading Library GUID: {3026DA51-9CF1-11CE-A6D7-0000C0BE9395}
[10/11/2016 17:03:19:702]       Loading Library GUID: {C48905E0-D966-11CE-914E-0000C0FCE2B7}
[10/11/2016 17:03:19:702]       Loading Library GUID: {C48905E1-D966-11CE-914E-0000C0FCE2B7}
[10/11/2016 17:03:19:702]       Loading Library GUID: {318ECF20-E3D3-11CE-9160-0000C0FCE2B7}
[10/11/2016 17:03:19:702]       Loading Library GUID: {318ECF21-E3D3-11CE-9160-0000C0FCE2B7}
[10/11/2016 17:03:19:702]       Loading Library GUID: {4A9EF652-FF22-11CE-9188-0000C0FCE2B7}
[10/11/2016 17:03:19:702]       Loading Library GUID: {4A9EF653-FF22-11CE-9188-0000C0FCE2B7}
[10/11/2016 17:03:19:703]       Loading Library GUID: {4B95740B-03F3-11CF-918C-0000C0FCE2B7}
[10/11/2016 17:03:19:703]       Loading Library GUID: {4B95740C-03F3-11CF-918C-0000C0FCE2B7}
[10/11/2016 17:03:19:703]       Loading Library GUID: {4B95740D-03F3-11CF-918C-0000C0FCE2B7}
[10/11/2016 17:03:19:703]       Loading Library GUID: {4B95740E-03F3-11CF-918C-0000C0FCE2B7}
[10/11/2016 17:03:19:703]   Loading Upgrade Option Sheridan / SSDesignerWidgetsTabs
[10/11/2016 17:03:19:703]     Loading Feature Option Sheridan/SSDesignerWidgetsTabs/SSDesignerWidgetsTabsCOMInterop
[10/11/2016 17:03:19:703]       True
[10/11/2016 17:03:19:703]       True
[10/11/2016 17:03:19:703]       Loading Library GUID: {B074BC8B-5A5B-11CE-98BD-0000C0E6B88E}
[10/11/2016 17:03:19:703]     Loading Feature Option Sheridan/SSDesignerWidgetsTabs/SSDesignerWidgetsTabsNative
[10/11/2016 17:03:19:703]       True
[10/11/2016 17:03:19:703]       True
[10/11/2016 17:03:19:703]       Loading Library GUID: {B074BC8B-5A5B-11CE-98BD-0000C0E6B88E}
[10/11/2016 17:03:19:703]   Loading Upgrade Option Sheridan / SSListBar
[10/11/2016 17:03:19:703]     Loading Feature Option Sheridan/SSListBar/SSListBarCOMInterop
[10/11/2016 17:03:19:703]       True
[10/11/2016 17:03:19:703]       True
[10/11/2016 17:03:19:703]       Loading Library GUID: {15138B51-7EB6-11D0-9BB7-0000C0F04C96}
[10/11/2016 17:03:19:703]     Loading Feature Option Sheridan/SSListBar/SSListBarNative
[10/11/2016 17:03:19:703]       True
[10/11/2016 17:03:19:703]       True
[10/11/2016 17:03:19:703]       Loading Library GUID: {15138B51-7EB6-11D0-9BB7-0000C0F04C96}
[10/11/2016 17:03:19:703]   Loading Upgrade Option Sheridan / SSPanelToLabel
[10/11/2016 17:03:19:703]     Loading Feature Option Sheridan/SSPanelToLabel/SSPanelToLabelFeature
[10/11/2016 17:03:19:703]       True
[10/11/2016 17:03:19:703]       True
[10/11/2016 17:03:19:703]     Loading Feature Option Sheridan/SSPanelToLabel/SSPanelToLabelNone
[10/11/2016 17:03:19:703]       True
[10/11/2016 17:03:19:703]       True
[10/11/2016 17:03:19:703]   Loading Upgrade Option Sheridan / SSSplitter
[10/11/2016 17:03:19:703]     Loading Feature Option Sheridan/SSSplitter/SSSplitterCOMInterop
[10/11/2016 17:03:19:703]       True
[10/11/2016 17:03:19:703]       True
[10/11/2016 17:03:19:703]       Loading Library GUID: {F7BA9F11-0A5D-11D0-97C9-0000C09400C4}
[10/11/2016 17:03:19:703]     Loading Feature Option Sheridan/SSSplitter/SSSplitterNative
[10/11/2016 17:03:19:703]       True
[10/11/2016 17:03:19:703]       True
[10/11/2016 17:03:19:703]       Loading Library GUID: {F7BA9F11-0A5D-11D0-97C9-0000C09400C4}
[10/11/2016 17:03:19:703]   Loading Upgrade Option Sheridan / Threed
[10/11/2016 17:03:19:703]     Loading Feature Option Sheridan/Threed/ThreedCOMInterop
[10/11/2016 17:03:19:703]       True
[10/11/2016 17:03:19:703]       True
[10/11/2016 17:03:19:703]       Loading Library GUID: {AAD093B2-F9CA-11CF-9C85-0000C09300C4}
[10/11/2016 17:03:19:703]       Loading Library GUID: {240210C2-E3B3-11CF-BE3F-0000C0F04C96}
[10/11/2016 17:03:19:703]       Loading Library GUID: {1E8B9953-DB45-11CF-9B47-0000C0F04C96}
[10/11/2016 17:03:19:703]       Loading Library GUID: {0BA686C6-F7D3-101A-993E-0000C0EF6F5E}
[10/11/2016 17:03:19:703]       Loading Library GUID: {065E6FD1-1BF9-11D2-BAE8-00104B9E0792}
[10/11/2016 17:03:19:703]     Loading Feature Option Sheridan/Threed/ThreedNative
[10/11/2016 17:03:19:703]       True
[10/11/2016 17:03:19:703]       True
[10/11/2016 17:03:19:703]       Loading Library GUID: {AAD093B2-F9CA-11CF-9C85-0000C09300C4}
[10/11/2016 17:03:19:703]       Loading Library GUID: {240210C2-E3B3-11CF-BE3F-0000C0F04C96}
[10/11/2016 17:03:19:703]       Loading Library GUID: {1E8B9953-DB45-11CF-9B47-0000C0F04C96}
[10/11/2016 17:03:19:703]       Loading Library GUID: {0BA686C6-F7D3-101A-993E-0000C0EF6F5E}
[10/11/2016 17:03:19:703]       Loading Library GUID: {065E6FD1-1BF9-11D2-BAE8-00104B9E0792}
[10/11/2016 17:03:19:703]       Loading Library GUID: {065E6FE6-1BF9-11D2-BAE8-00104B9E0792}
[10/11/2016 17:03:19:703]       Loading Library GUID: {A2976EE4-400E-4E8C-9C57-192F3EF72001}
[10/11/2016 17:03:19:703]       Loading Library GUID: {F20E41DE-526A-423A-B746-D860D06076B4}
[10/11/2016 17:03:19:703]   Loading Upgrade Option CodeConversion / ActiveX
[10/11/2016 17:03:19:703]     Loading Feature Option CodeConversion/ActiveX/AddCOMVisible
[10/11/2016 17:03:19:703]       True
[10/11/2016 17:03:19:703]       True
[10/11/2016 17:03:19:703]     Loading Feature Option CodeConversion/ActiveX/HelperClasses
[10/11/2016 17:03:19:704]       True
[10/11/2016 17:03:19:704]       True
[10/11/2016 17:03:19:704]     Loading Feature Option CodeConversion/ActiveX/StandardAssemblies
[10/11/2016 17:03:19:704]       True
[10/11/2016 17:03:19:704]       True
[10/11/2016 17:03:19:704]   Loading Upgrade Option CodeConversion / AutoProperties
[10/11/2016 17:03:19:704]     Loading Feature Option CodeConversion/AutoProperties/AutoProperties
[10/11/2016 17:03:19:704]       True
[10/11/2016 17:03:19:704]       True
[10/11/2016 17:03:19:704]     Loading Feature Option CodeConversion/AutoProperties/AutoPropertiesNone
[10/11/2016 17:03:19:704]       True
[10/11/2016 17:03:19:704]       True
[10/11/2016 17:03:19:704]   Loading Upgrade Option CodeConversion / DeadCodeCommenting
[10/11/2016 17:03:19:704]     Loading Feature Option CodeConversion/DeadCodeCommenting/DeadCodeCommenting
[10/11/2016 17:03:19:704]       True
[10/11/2016 17:03:19:704]       True
[10/11/2016 17:03:19:704]     Loading Feature Option CodeConversion/DeadCodeCommenting/DeadCodeCommentingNone
[10/11/2016 17:03:19:704]       True
[10/11/2016 17:03:19:704]       True
[10/11/2016 17:03:19:704]   Loading Upgrade Option CodeConversion / DefaultProperty
[10/11/2016 17:03:19:704]     Loading Feature Option CodeConversion/DefaultProperty/DefaultPropertyHelper
[10/11/2016 17:03:19:704]       True
[10/11/2016 17:03:19:704]       True
[10/11/2016 17:03:19:704]     Loading Feature Option CodeConversion/DefaultProperty/DefaultPropertyHelperNone
[10/11/2016 17:03:19:704]       True
[10/11/2016 17:03:19:704]       True
[10/11/2016 17:03:19:704]   Loading Upgrade Option CodeConversion / ErrorHandling
[10/11/2016 17:03:19:704]     Loading Feature Option CodeConversion/ErrorHandling/ErrorHandlingNone
[10/11/2016 17:03:19:704]       True
[10/11/2016 17:03:19:704]       True
[10/11/2016 17:03:19:704]     Loading Feature Option CodeConversion/ErrorHandling/ErrorHandlingToTryCatch
[10/11/2016 17:03:19:704]       True
[10/11/2016 17:03:19:704]       True
[10/11/2016 17:03:19:704]     Loading Feature Option CodeConversion/ErrorHandling/ErrorHandlingToTryCatchWithLambdas
[10/11/2016 17:03:19:704]       True
[10/11/2016 17:03:19:704]       True
[10/11/2016 17:03:19:704]   Loading Upgrade Option CodeConversion / Form_Load
[10/11/2016 17:03:19:704]     Loading Feature Option CodeConversion/Form_Load/Form_LoadByHelper
[10/11/2016 17:03:19:704]       True
[10/11/2016 17:03:19:704]       True
[10/11/2016 17:03:19:704]     Loading Feature Option CodeConversion/Form_Load/Form_LoadToMethod
[10/11/2016 17:03:19:704]       True
[10/11/2016 17:03:19:704]       True
[10/11/2016 17:03:19:704]     Loading Feature Option CodeConversion/Form_Load/Form_LoadToNETNativeEvents
[10/11/2016 17:03:19:704]       True
[10/11/2016 17:03:19:704]       True
[10/11/2016 17:03:19:704]   Loading Upgrade Option CodeConversion / FreeCOMObjects
[10/11/2016 17:03:19:704]     Loading Feature Option CodeConversion/FreeCOMObjects/FreeCOMObjectsMemory
[10/11/2016 17:03:19:704]       True
[10/11/2016 17:03:19:704]       True
[10/11/2016 17:03:19:704]     Loading Feature Option CodeConversion/FreeCOMObjects/FreeCOMObjectsNone
[10/11/2016 17:03:19:704]       True
[10/11/2016 17:03:19:704]       True
[10/11/2016 17:03:19:704]   Loading Upgrade Option CodeConversion / LateBindingAccess
[10/11/2016 17:03:19:704]     Loading Feature Option CodeConversion/LateBindingAccess/LateBindingAccessHelper
[10/11/2016 17:03:19:704]       True
[10/11/2016 17:03:19:704]       True
[10/11/2016 17:03:19:704]     Loading Feature Option CodeConversion/LateBindingAccess/LateBindingAccessNone
[10/11/2016 17:03:19:704]       True
[10/11/2016 17:03:19:704]       True
[10/11/2016 17:03:19:704]   Loading Upgrade Option CodeConversion / LineAndShape
[10/11/2016 17:03:19:704]     Loading Feature Option CodeConversion/LineAndShape/LineAndShapeNone
[10/11/2016 17:03:19:704]       True
[10/11/2016 17:03:19:704]       True
[10/11/2016 17:03:19:704]     Loading Feature Option CodeConversion/LineAndShape/LineAndShapeToPowerPacks
[10/11/2016 17:03:19:704]       True
[10/11/2016 17:03:19:704]       True
[10/11/2016 17:03:19:704]   Loading Upgrade Option CodeConversion / MidLeftRight
[10/11/2016 17:03:19:704]     Loading Feature Option CodeConversion/MidLeftRight/MidLeftRightToSubString
[10/11/2016 17:03:19:704]       True
[10/11/2016 17:03:19:704]       True
[10/11/2016 17:03:19:704]     Loading Feature Option CodeConversion/MidLeftRight/MidLeftRightToVBCompatibility
[10/11/2016 17:03:19:704]       True
[10/11/2016 17:03:19:704]       True
[10/11/2016 17:03:19:704]   Loading Upgrade Option CodeConversion / SkeletonsGeneration
[10/11/2016 17:03:19:704]     Loading Feature Option CodeConversion/SkeletonsGeneration/SkeletonsGeneration
[10/11/2016 17:03:19:704]       True
[10/11/2016 17:03:19:704]       True
[10/11/2016 17:03:19:704]     Loading Feature Option CodeConversion/SkeletonsGeneration/SkeletonsGenerationNone
[10/11/2016 17:03:19:704]       True
[10/11/2016 17:03:19:704]       True
[10/11/2016 17:03:19:704]   Loading Upgrade Option CodeConversion / StubsGeneration
[10/11/2016 17:03:19:704]     Loading Feature Option CodeConversion/StubsGeneration/StubsGeneration
[10/11/2016 17:03:19:704]       True
[10/11/2016 17:03:19:704]       True
[10/11/2016 17:03:19:704]     Loading Feature Option CodeConversion/StubsGeneration/StubsGenerationNone
[10/11/2016 17:03:19:704]       True
[10/11/2016 17:03:19:704]       True
[10/11/2016 17:03:19:704]   Loading Upgrade Option CodeConversion / UnusedLocalVarsRemoval
[10/11/2016 17:03:19:705]     Loading Feature Option CodeConversion/UnusedLocalVarsRemoval/UnusedLocalVarsRemoval
[10/11/2016 17:03:19:705]       True
[10/11/2016 17:03:19:705]       True
[10/11/2016 17:03:19:705]     Loading Feature Option CodeConversion/UnusedLocalVarsRemoval/UnusedLocalVarsRemovalNone
[10/11/2016 17:03:19:705]       True
[10/11/2016 17:03:19:705]       True
[10/11/2016 17:03:19:705]   Loading Upgrade Option CodeConversion / VBCollection
[10/11/2016 17:03:19:705]     Loading Feature Option CodeConversion/VBCollection/VBCollectionToCompatibility
[10/11/2016 17:03:19:705]       True
[10/11/2016 17:03:19:705]       True
[10/11/2016 17:03:19:705]     Loading Feature Option CodeConversion/VBCollection/VBCollectionToNative
[10/11/2016 17:03:19:705]       True
[10/11/2016 17:03:19:705]       True
[10/11/2016 17:03:19:709] Telemetria - Solution Open  { Message: Success SolutionLoaded: True AllFilesFound: True RefsResolved: True OptionsAccepted: True Projects: 3 LOC: 76476 }
[10/11/2016 17:03:20:920]   Updating warnings of Beveiliging10.vbp
[10/11/2016 17:03:20:920]     AddMissingProjectWarnings 
[10/11/2016 17:03:20:920]     AddBinaryFileWarnings 
[10/11/2016 17:03:20:922]     AddReferenceWarnings 
[10/11/2016 17:03:20:925]     CheckOutputPathsAreEmpty 
[10/11/2016 17:03:20:926]     CheckVersionNumberConsistency 
[10/11/2016 17:03:20:927]     CheckForMissingSourceFiles 
[10/11/2016 17:03:20:927]   Updating warnings of marnt.vbp
[10/11/2016 17:03:20:927]     AddMissingProjectWarnings 
[10/11/2016 17:03:20:927]     AddBinaryFileWarnings 
[10/11/2016 17:03:20:927]     AddReferenceWarnings 
[10/11/2016 17:03:20:930]     CheckOutputPathsAreEmpty 
[10/11/2016 17:03:20:930]     CheckVersionNumberConsistency 
[10/11/2016 17:03:20:932]     CheckForMissingSourceFiles 
[10/11/2016 17:03:20:934]   Updating warnings of 
[10/11/2016 17:03:20:934]     AddMissingProjectWarnings 
[10/11/2016 17:03:20:935]     AddBinaryFileWarnings 
[10/11/2016 17:03:20:935]     AddReferenceWarnings 
[10/11/2016 17:03:20:935]     CheckOutputPathsAreEmpty 
[10/11/2016 17:03:20:935]     CheckVersionNumberConsistency 
[10/11/2016 17:03:20:935]     CheckForMissingSourceFiles 
[10/11/2016 17:03:20:936]   Auto resolving warnings...
[10/11/2016 17:03:20:937] Total warning count is 0
[10/11/2016 17:03:20:938] Updating warnings done...
[10/11/2016 17:03:31:593] Telemetria - Phase Changed  { Stage: Upgrade SolutionLoaded: True AllFilesFound: True RefsResolved: True OptionsAccepted: True }
[10/11/2016 17:03:39:790] Telemetria - Phase Changed  { Stage: Solution SolutionLoaded: True AllFilesFound: True RefsResolved: True OptionsAccepted: True }
[10/11/2016 17:03:50:024] Telemetria - Phase Changed  { Stage: Upgrade SolutionLoaded: True AllFilesFound: True RefsResolved: True OptionsAccepted: True }
[10/11/2016 17:03:56:089] Telemetria - Phase Changed  { Stage: References SolutionLoaded: True AllFilesFound: True RefsResolved: True OptionsAccepted: True }
[10/11/2016 17:04:00:544] Telemetria - Phase Changed  { Stage: Upgrade SolutionLoaded: True AllFilesFound: True RefsResolved: True OptionsAccepted: True }
[10/11/2016 17:04:02:392] Telemetria - Phase Changed  { Stage: Options SolutionLoaded: True AllFilesFound: True RefsResolved: True OptionsAccepted: True }
[10/11/2016 17:04:05:097] Telemetria - Phase Changed  { Stage: Upgrade SolutionLoaded: True AllFilesFound: True RefsResolved: True OptionsAccepted: True }
[10/11/2016 17:04:28:425]    Recount lines of code of projects.
[10/11/2016 17:04:29:469] Previous status file C:\Users\Jos\Desktop\marVB6\!marVB6VISTA_.Net\Upgraded\Beveiliging10_status.xml not found!
[10/11/2016 17:04:29:469] Previous status file C:\Users\Jos\Desktop\marVB6\!marVB6VISTA_.Net\Upgraded\marnt_status.xml not found!
[10/11/2016 17:04:29:470] Previous status file C:\Users\Jos\Desktop\marVB6\!marVB6VISTA_.Net\Upgraded\_status.xml not found!
[10/11/2016 17:04:29:471] Telemetria - Migration Started  { LicenseStatus: Warning Action: Upgrade Projects: 3 LOC: 76923 LOCRemaining: 20000 Target: .vbproj VSVersion: VisualStudio2015 HelpersIntegration: Binary RAM: 2029Mb }
[10/11/2016 17:04:30:007] Telemetria - Activation Start
[10/11/2016 17:05:20:738] Telemetria - Activation Download Trial  { Message: 'info@rv.be' not found }
[10/11/2016 17:06:04:513] Telemetria - Activation Download Trial  { Message: 'info@rv.be' not found }
[10/11/2016 17:06:58:676] Telemetria - Activation End  { Message: Cancelled LicenseStatus: Warning IsTrial: True StartDate: 6/10/2016 2:00:00 ExpirationDate: 7/11/2016 0:00:00 RemainingDays: 27 DateRegistered: 7/10/2016 18:42:27 Company: Roelandt & Vermoesen Bvba LicenseId: 27671134266 UnlimitedLinesEnabled: False MaxLines: 20000 MaxLinesPerSolution: 10000 RemainingLines: 20000 }
